<html>
<body>
<pre>
<h1>礦ision Build Log</h1>
<h2>Tool Versions:</h2>
IDE-Version: μVision V5.27.0.0
Copyright (C) 2018 ARM Ltd and ARM Germany GmbH. All rights reserved.
License Information: 111 111, 111, LIC=2TTQ1-CNMZR-RFNIZ-JZ9EP-WDZAP-NSKZL
 
Tool Versions:
Toolchain:       MDK-ARM Professional  Version: 5.27.0.0
Toolchain Path:  D:\Installation\KEIL_MDK\KEIL5_27\ARM\ARMCC\Bin
C Compiler:      Armcc.exe V5.06 update 6 (build 750)
Assembler:       Armasm.exe V5.06 update 6 (build 750)
Linker/Locator:  ArmLink.exe V5.06 update 6 (build 750)
Library Manager: ArmAr.exe V5.06 update 6 (build 750)
Hex Converter:   FromElf.exe V5.06 update 6 (build 750)
CPU DLL:         SARMCM3.DLL V5.27.0.0
Dialog DLL:      DCM.DLL V1.17.2.0
Target DLL:      CMSIS_AGDI.dll V1.31.9.0
Dialog DLL:      TCM.DLL V1.36.1.0
 
<h2>Project:</h2>
E:\Working backup\3.Project\MY Project\9.无线键盘鼠标\FlexM_Keyboard\FlexM_Keyboard\Numpad\Code\NumPad\MY_Project.uvprojx
Project File Date:  06/14/2021

<h2>Output:</h2>
*** Using Compiler 'V5.06 update 6 (build 750)', folder: 'D:\Installation\KEIL_MDK\KEIL5_27\ARM\ARMCC\Bin'
Build target 'MY_Project'
compiling main.c...
2.User\main.c(31): warning:  #177-D: variable "key_onoff_start"  was declared but never referenced
  	u8 key_onoff_start = 0;//开始按下Num键标志，检测到按下后开始计时，超过一定时间使键盘断电
2.User\main.c(32): warning:  #177-D: variable "Get_Adc_Val"  was declared but never referenced
  	u16 Get_Adc_Val = 0;
2.User\main.c(33): warning:  #177-D: variable "Charge_Full_Flag"  was declared but never referenced
  	u8 Charge_Full_Flag = 0;
compiling hw_config.c...
5.USB\APP\src\hw_config.c(262): warning:  #177-D: function "Delay"  was declared but never referenced
  static void Delay(__IO uint32_t nTime)
compiling keyboard.c...
compiling usb_endp.c...
compiling usb_desc.c...
compiling usb_istr.c...
compiling usb_pwr.c...
compiling usb_prop.c...
compiling usb_core.c...
compiling usb_init.c...
compiling usb_int.c...
compiling usb_mem.c...
compiling usb_sil.c...
compiling usb_regs.c...
linking...
Program Size: Code=13100 RO-data=452 RW-data=344 ZI-data=1344  
".\1.Output\Objects\MY_Project.axf" - 0 Error(s), 4 Warning(s).

<h2>Software Packages used:</h2>

Package Vendor: Keil
                http://www.keil.com/pack/Keil.STM32F1xx_DFP.2.3.0.pack
                Keil.STM32F1xx_DFP.2.3.0
                STMicroelectronics STM32F1 Series Device Support, Drivers and Examples

<h2>Collection of Component include folders:</h2>
  .\RTE\_MY_Project
  D:\Installation\KEIL_MDK\KEIL5_27\ARM\PACK\Keil\STM32F1xx_DFP\2.3.0\Device\Include

<h2>Collection of Component Files used:</h2>
Build Time Elapsed:  00:00:04
</pre>
</body>
</html>
