Component: ARM Compiler 5.06 update 6 (build 750) Tool: armlink [4d35ed]

==============================================================================

Section Cross References

    main.o(i.main) refers to stm32f10x_rcc.o(i.RCC_APB2PeriphClockCmd) for RCC_APB2PeriphClockCmd
    main.o(i.main) refers to stm32f10x_gpio.o(i.GPIO_PinRemapConfig) for GPIO_PinRemapConfig
    main.o(i.main) refers to misc.o(i.NVIC_PriorityGroupConfig) for NVIC_PriorityGroupConfig
    main.o(i.main) refers to delay.o(i.Delay_Init) for Delay_Init
    main.o(i.main) refers to usart_debug.o(i.Usart_Debug_Init) for Usart_Debug_Init
    main.o(i.main) refers to led.o(i.Led_Init) for Led_Init
    main.o(i.main) refers to time.o(i.TIM_DELAY_Init) for TIM_DELAY_Init
    main.o(i.main) refers to ws2812b.o(i.WS2812_Init) for WS2812_Init
    main.o(i.main) refers to adc.o(i.Adc_Init) for Adc_Init
    main.o(i.main) refers to power.o(i.Power_Init) for Power_Init
    main.o(i.main) refers to si24r1.o(i.NRF24L01_Init) for NRF24L01_Init
    main.o(i.main) refers to printf2.o(i.__0printf$2) for __2printf
    main.o(i.main) refers to si24r1.o(i.NRF24L01_TX_Mode) for NRF24L01_TX_Mode
    main.o(i.main) refers to si24r1.o(i.NRF24L01_TxPacket) for NRF24L01_TxPacket
    main.o(i.main) refers to delay.o(i.Delay_Ms) for Delay_Ms
    main.o(i.main) refers to si24r1.o(.bss) for NRF24L_Rx_Buf
    main.o(i.main) refers to si24r1.o(.data) for NRF24L_Tx_Rx_Sta
    main.o(i.main) refers to power.o(.data) for OnOff_Dectect_Key
    delay.o(i.Delay_Init) refers to misc.o(i.SysTick_CLKSourceConfig) for SysTick_CLKSourceConfig
    delay.o(i.Delay_Init) refers to delay.o(.data) for Fac_Us
    delay.o(i.Delay_Ms) refers to delay.o(.data) for Fac_Ms
    delay.o(i.Delay_Us) refers to delay.o(.data) for Fac_Us
    led.o(i.Led_Init) refers to stm32f10x_rcc.o(i.RCC_APB2PeriphClockCmd) for RCC_APB2PeriphClockCmd
    led.o(i.Led_Init) refers to stm32f10x_gpio.o(i.GPIO_Init) for GPIO_Init
    usart_debug.o(i.USART1_IRQHandler) refers to stm32f10x_usart.o(i.USART_GetITStatus) for USART_GetITStatus
    usart_debug.o(i.USART1_IRQHandler) refers to stm32f10x_usart.o(i.USART_ReceiveData) for USART_ReceiveData
    usart_debug.o(i.USART1_IRQHandler) refers to stm32f10x_usart.o(i.USART_SendData) for USART_SendData
    usart_debug.o(i.Usart_Debug_Init) refers to stm32f10x_rcc.o(i.RCC_APB2PeriphClockCmd) for RCC_APB2PeriphClockCmd
    usart_debug.o(i.Usart_Debug_Init) refers to stm32f10x_gpio.o(i.GPIO_Init) for GPIO_Init
    usart_debug.o(i.Usart_Debug_Init) refers to misc.o(i.NVIC_Init) for NVIC_Init
    usart_debug.o(i.Usart_Debug_Init) refers to stm32f10x_usart.o(i.USART_Init) for USART_Init
    usart_debug.o(i.Usart_Debug_Init) refers to stm32f10x_usart.o(i.USART_ITConfig) for USART_ITConfig
    usart_debug.o(i.Usart_Debug_Init) refers to stm32f10x_usart.o(i.USART_Cmd) for USART_Cmd
    power.o(i.Charge_Full_IO_Init) refers to stm32f10x_rcc.o(i.RCC_APB2PeriphClockCmd) for RCC_APB2PeriphClockCmd
    power.o(i.Charge_Full_IO_Init) refers to stm32f10x_gpio.o(i.GPIO_Init) for GPIO_Init
    power.o(i.EXTI0_IRQHandler) refers to stm32f10x_exti.o(i.EXTI_GetITStatus) for EXTI_GetITStatus
    power.o(i.EXTI0_IRQHandler) refers to stm32f10x_exti.o(i.EXTI_ClearITPendingBit) for EXTI_ClearITPendingBit
    power.o(i.EXTI0_IRQHandler) refers to time.o(.data) for time_10us
    power.o(i.EXTI0_IRQHandler) refers to power.o(.data) for OnOff_Dectect_Key
    power.o(i.OnOff_Dectect_Key_Init) refers to stm32f10x_rcc.o(i.RCC_APB2PeriphClockCmd) for RCC_APB2PeriphClockCmd
    power.o(i.OnOff_Dectect_Key_Init) refers to stm32f10x_gpio.o(i.GPIO_Init) for GPIO_Init
    power.o(i.OnOff_Dectect_Key_Init) refers to misc.o(i.NVIC_Init) for NVIC_Init
    power.o(i.OnOff_Dectect_Key_Init) refers to stm32f10x_gpio.o(i.GPIO_EXTILineConfig) for GPIO_EXTILineConfig
    power.o(i.OnOff_Dectect_Key_Init) refers to stm32f10x_exti.o(i.EXTI_Init) for EXTI_Init
    power.o(i.PWR_ONOFF_Init) refers to stm32f10x_rcc.o(i.RCC_APB2PeriphClockCmd) for RCC_APB2PeriphClockCmd
    power.o(i.PWR_ONOFF_Init) refers to stm32f10x_gpio.o(i.GPIO_Init) for GPIO_Init
    power.o(i.Power_Init) refers to power.o(i.PWR_ONOFF_Init) for PWR_ONOFF_Init
    power.o(i.Power_Init) refers to power.o(i.OnOff_Dectect_Key_Init) for OnOff_Dectect_Key_Init
    power.o(i.Power_Init) refers to power.o(i.Charge_Full_IO_Init) for Charge_Full_IO_Init
    power.o(i.Power_Init) refers to delay.o(i.Delay_Ms) for Delay_Ms
    time.o(i.TIM3_IRQHandler) refers to stm32f10x_tim.o(i.TIM_GetITStatus) for TIM_GetITStatus
    time.o(i.TIM3_IRQHandler) refers to stm32f10x_tim.o(i.TIM_ClearITPendingBit) for TIM_ClearITPendingBit
    time.o(i.TIM3_IRQHandler) refers to time.o(.data) for time_10us
    time.o(i.TIM_DELAY_Init) refers to stm32f10x_rcc.o(i.RCC_APB1PeriphClockCmd) for RCC_APB1PeriphClockCmd
    time.o(i.TIM_DELAY_Init) refers to stm32f10x_tim.o(i.TIM_TimeBaseInit) for TIM_TimeBaseInit
[...]
    Removing stm32f10x_tim.o(i.TIM_TimeBaseStructInit), (18 bytes).
    Removing stm32f10x_tim.o(i.TIM_UpdateDisableConfig), (24 bytes).
    Removing stm32f10x_tim.o(i.TIM_UpdateRequestConfig), (24 bytes).
    Removing stm32f10x_adc.o(i.ADC_AnalogWatchdogCmd), (20 bytes).
    Removing stm32f10x_adc.o(i.ADC_AnalogWatchdogSingleChannelConfig), (16 bytes).
    Removing stm32f10x_adc.o(i.ADC_AnalogWatchdogThresholdsConfig), (6 bytes).
    Removing stm32f10x_adc.o(i.ADC_AutoInjectedConvCmd), (22 bytes).
    Removing stm32f10x_adc.o(i.ADC_ClearFlag), (6 bytes).
    Removing stm32f10x_adc.o(i.ADC_ClearITPendingBit), (10 bytes).
    Removing stm32f10x_adc.o(i.ADC_DMACmd), (22 bytes).
    Removing stm32f10x_adc.o(i.ADC_DiscModeChannelCountConfig), (24 bytes).
    Removing stm32f10x_adc.o(i.ADC_DiscModeCmd), (22 bytes).
    Removing stm32f10x_adc.o(i.ADC_ExternalTrigConvCmd), (22 bytes).
    Removing stm32f10x_adc.o(i.ADC_ExternalTrigInjectedConvCmd), (22 bytes).
    Removing stm32f10x_adc.o(i.ADC_ExternalTrigInjectedConvConfig), (16 bytes).
    Removing stm32f10x_adc.o(i.ADC_GetConversionValue), (8 bytes).
    Removing stm32f10x_adc.o(i.ADC_GetDualModeConversionValue), (12 bytes).
    Removing stm32f10x_adc.o(i.ADC_GetFlagStatus), (18 bytes).
    Removing stm32f10x_adc.o(i.ADC_GetITStatus), (36 bytes).
    Removing stm32f10x_adc.o(i.ADC_GetInjectedConversionValue), (28 bytes).
    Removing stm32f10x_adc.o(i.ADC_GetSoftwareStartConvStatus), (20 bytes).
    Removing stm32f10x_adc.o(i.ADC_GetSoftwareStartInjectedConvCmdStatus), (20 bytes).
    Removing stm32f10x_adc.o(i.ADC_ITConfig), (24 bytes).
    Removing stm32f10x_adc.o(i.ADC_InjectedChannelConfig), (130 bytes).
    Removing stm32f10x_adc.o(i.ADC_InjectedDiscModeCmd), (22 bytes).
    Removing stm32f10x_adc.o(i.ADC_InjectedSequencerLengthConfig), (24 bytes).
    Removing stm32f10x_adc.o(i.ADC_RegularChannelConfig), (184 bytes).
    Removing stm32f10x_adc.o(i.ADC_SetInjectedOffset), (20 bytes).
    Removing stm32f10x_adc.o(i.ADC_SoftwareStartConvCmd), (22 bytes).
    Removing stm32f10x_adc.o(i.ADC_SoftwareStartInjectedConvCmd), (22 bytes).
    Removing stm32f10x_adc.o(i.ADC_StructInit), (18 bytes).
    Removing stm32f10x_adc.o(i.ADC_TempSensorVrefintCmd), (36 bytes).
    Removing stm32f10x_spi.o(i.I2S_Cmd), (24 bytes).
    Removing stm32f10x_spi.o(i.I2S_Init), (232 bytes).
    Removing stm32f10x_spi.o(i.I2S_StructInit), (20 bytes).
    Removing stm32f10x_spi.o(i.SPI_BiDirectionalLineConfig), (28 bytes).
    Removing stm32f10x_spi.o(i.SPI_CalculateCRC), (24 bytes).
    Removing stm32f10x_spi.o(i.SPI_DataSizeConfig), (18 bytes).
    Removing stm32f10x_spi.o(i.SPI_GetCRC), (16 bytes).
    Removing stm32f10x_spi.o(i.SPI_GetCRCPolynomial), (6 bytes).
    Removing stm32f10x_spi.o(i.SPI_I2S_ClearFlag), (6 bytes).
    Removing stm32f10x_spi.o(i.SPI_I2S_ClearITPendingBit), (20 bytes).
    Removing stm32f10x_spi.o(i.SPI_I2S_DMACmd), (18 bytes).
    Removing stm32f10x_spi.o(i.SPI_I2S_DeInit), (88 bytes).
    Removing stm32f10x_spi.o(i.SPI_I2S_GetITStatus), (52 bytes).
    Removing stm32f10x_spi.o(i.SPI_I2S_ITConfig), (32 bytes).
    Removing stm32f10x_spi.o(i.SPI_NSSInternalSoftwareConfig), (30 bytes).
    Removing stm32f10x_spi.o(i.SPI_SSOutputCmd), (24 bytes).
    Removing stm32f10x_spi.o(i.SPI_StructInit), (24 bytes).
    Removing stm32f10x_spi.o(i.SPI_TransmitCRC), (10 bytes).
    Removing stm32f10x_dma.o(i.DMA_ClearFlag), (28 bytes).
    Removing stm32f10x_dma.o(i.DMA_GetCurrDataCounter), (8 bytes).
    Removing stm32f10x_dma.o(i.DMA_GetFlagStatus), (44 bytes).
    Removing stm32f10x_dma.o(i.DMA_SetCurrDataCounter), (4 bytes).
    Removing stm32f10x_dma.o(i.DMA_StructInit), (26 bytes).
    Removing hw_config.o(i.Leave_LowPowerMode), (32 bytes).
    Removing hw_config.o(i.Set_System), (52 bytes).
    Removing hw_config.o(i.Set_USBClock), (18 bytes).
    Removing hw_config.o(i.USB_Interrupts_Config), (40 bytes).
    Removing hw_config.o(i.USB_Port_Set), (88 bytes).
    Removing hw_config.o(i.keyboard_Send), (40 bytes).
    Removing hw_config.o(.data), (12 bytes).
    Removing usb_pwr.o(i.PowerOff), (28 bytes).
    Removing usb_init.o(i.USB_Init), (60 bytes).
    Removing usb_int.o(i.CTR_HP), (200 bytes).
    Removing usb_regs.o(i.ClearEPDoubleBuff), (40 bytes).
    Removing usb_regs.o(i.ClearEP_CTR_RX), (36 bytes).
    Removing usb_regs.o(i.ClearEP_CTR_TX), (32 bytes).
    Removing usb_regs.o(i.ClearEP_KIND), (40 bytes).
    Removing usb_regs.o(i.FreeUserBuffer), (84 bytes).
    Removing usb_regs.o(i.GetBTABLE), (12 bytes).
    Removing usb_regs.o(i.GetCNTR), (12 bytes).
    Removing usb_regs.o(i.GetDADDR), (12 bytes).
    Removing usb_regs.o(i.GetENDPOINT), (20 bytes).
    Removing usb_regs.o(i.GetEPAddress), (24 bytes).
    Removing usb_regs.o(i.GetEPDblBuf0Addr), (32 bytes).
    Removing usb_regs.o(i.GetEPDblBuf0Count), (36 bytes).
    Removing usb_regs.o(i.GetEPDblBuf1Addr), (32 bytes).
    Removing usb_regs.o(i.GetEPDblBuf1Count), (36 bytes).
    Removing usb_regs.o(i.GetEPDblBufDir), (72 bytes).
    Removing usb_regs.o(i.GetEPRxCount), (36 bytes).
    Removing usb_regs.o(i.GetEPRxStatus), (24 bytes).
    Removing usb_regs.o(i.GetEPTxCount), (36 bytes).
    Removing usb_regs.o(i.GetEPTxStatus), (24 bytes).
    Removing usb_regs.o(i.GetEPType), (24 bytes).
    Removing usb_regs.o(i.GetFNR), (12 bytes).
    Removing usb_regs.o(i.GetISTR), (12 bytes).
    Removing usb_regs.o(i.GetRxStallStatus), (36 bytes).
    Removing usb_regs.o(i.GetTxStallStatus), (32 bytes).
    Removing usb_regs.o(i.SetCNTR), (12 bytes).
    Removing usb_regs.o(i.SetDADDR), (12 bytes).
    Removing usb_regs.o(i.SetDouBleBuffEPStall), (60 bytes).
    Removing usb_regs.o(i.SetENDPOINT), (16 bytes).
    Removing usb_regs.o(i.SetEPAddress), (44 bytes).
    Removing usb_regs.o(i.SetEPCountRxReg), (48 bytes).
    Removing usb_regs.o(i.SetEPDblBuf0Addr), (32 bytes).
    Removing usb_regs.o(i.SetEPDblBuf0Count), (104 bytes).
    Removing usb_regs.o(i.SetEPDblBuf1Addr), (36 bytes).
    Removing usb_regs.o(i.SetEPDblBuf1Count), (104 bytes).
    Removing usb_regs.o(i.SetEPDblBuffAddr), (52 bytes).
    Removing usb_regs.o(i.SetEPDblBuffCount), (196 bytes).
    Removing usb_regs.o(i.SetEPDoubleBuff), (44 bytes).
    Removing usb_regs.o(i.SetEPTxValid), (52 bytes).
    Removing usb_regs.o(i.SetEP_KIND), (44 bytes).
    Removing usb_regs.o(i.Set_Status_Out), (44 bytes).
    Removing usb_regs.o(i.ToWord), (8 bytes).
    Removing usb_regs.o(i.ToggleDTOG_RX), (40 bytes).
    Removing usb_regs.o(i.ToggleDTOG_TX), (40 bytes).
    Removing usb_sil.o(i.USB_SIL_Read), (46 bytes).
    Removing usb_sil.o(i.USB_SIL_Write), (46 bytes).
    Removing dadd.o(.text), (334 bytes).
    Removing dmul.o(.text), (228 bytes).
    Removing ddiv.o(.text), (222 bytes).
    Removing dfixul.o(.text), (48 bytes).
    Removing cdrcmple.o(.text), (48 bytes).
    Removing depilogue.o(.text), (186 bytes).

284 unused section(s) (total 13307 bytes) removed from the image.

==============================================================================

Image Symbol Table

    Local Symbols

    Symbol Name                              Value     Ov Type        Size  Object(Section)

    ../clib/../cmprslib/zerorunl2.c          0x00000000   Number         0  __dczerorl2.o ABSOLUTE
    ../clib/microlib/division.c              0x00000000   Number         0  uldiv.o ABSOLUTE
    ../clib/microlib/division.c              0x00000000   Number         0  uidiv.o ABSOLUTE
    ../clib/microlib/init/entry.s            0x00000000   Number         0  entry11b.o ABSOLUTE
    ../clib/microlib/init/entry.s            0x00000000   Number         0  entry8a.o ABSOLUTE
    ../clib/microlib/init/entry.s            0x00000000   Number         0  entry8b.o ABSOLUTE
    ../clib/microlib/init/entry.s            0x00000000   Number         0  entry9a.o ABSOLUTE
    ../clib/microlib/init/entry.s            0x00000000   Number         0  entry9b.o ABSOLUTE
    ../clib/microlib/init/entry.s            0x00000000   Number         0  entry11a.o ABSOLUTE
    ../clib/microlib/init/entry.s            0x00000000   Number         0  entry10b.o ABSOLUTE
    ../clib/microlib/init/entry.s            0x00000000   Number         0  entry10a.o ABSOLUTE
    ../clib/microlib/init/entry.s            0x00000000   Number         0  entry.o ABSOLUTE
    ../clib/microlib/init/entry.s            0x00000000   Number         0  entry7a.o ABSOLUTE
    ../clib/microlib/init/entry.s            0x00000000   Number         0  entry2.o ABSOLUTE
    ../clib/microlib/init/entry.s            0x00000000   Number         0  entry5.o ABSOLUTE
    ../clib/microlib/init/entry.s            0x00000000   Number         0  entry7b.o ABSOLUTE
    ../clib/microlib/longlong.c              0x00000000   Number         0  llsshr.o ABSOLUTE
    ../clib/microlib/longlong.c              0x00000000   Number         0  llushr.o ABSOLUTE
    ../clib/microlib/longlong.c              0x00000000   Number         0  llshl.o ABSOLUTE
    ../clib/microlib/printf/printf.c         0x00000000   Number         0  printfa.o ABSOLUTE
    ../clib/microlib/printf/printf.c         0x00000000   Number         0  printf7.o ABSOLUTE
    ../clib/microlib/printf/printf.c         0x00000000   Number         0  printf6.o ABSOLUTE
    ../clib/microlib/printf/printf.c         0x00000000   Number         0  printf1.o ABSOLUTE
    ../clib/microlib/printf/printf.c         0x00000000   Number         0  printf0.o ABSOLUTE
    ../clib/microlib/printf/printf.c         0x00000000   Number         0  printf4.o ABSOLUTE
    ../clib/microlib/printf/printf.c         0x00000000   Number         0  printf2.o ABSOLUTE
    ../clib/microlib/printf/printf.c         0x00000000   Number         0  printfb.o ABSOLUTE
    ../clib/microlib/printf/printf.c         0x00000000   Number         0  printf5.o ABSOLUTE
    ../clib/microlib/printf/printf.c         0x00000000   Number         0  printf8.o ABSOLUTE
    ../clib/microlib/printf/printf.c         0x00000000   Number         0  printf3.o ABSOLUTE
    ../clib/microlib/printf/stubs.s          0x00000000   Number         0  stubs.o ABSOLUTE
    ../clib/microlib/string/memset.c         0x00000000   Number         0  memseta.o ABSOLUTE
    ../clib/microlib/stubs.s                 0x00000000   Number         0  iusefp.o ABSOLUTE
    ../fplib/microlib/fpadd.c                0x00000000   Number         0  dadd.o ABSOLUTE
    ../fplib/microlib/fpdiv.c                0x00000000   Number         0  ddiv.o ABSOLUTE
    ../fplib/microlib/fpepilogue.c           0x00000000   Number         0  depilogue.o ABSOLUTE
    ../fplib/microlib/fpfix.c                0x00000000   Number         0  dfixul.o ABSOLUTE
    ../fplib/microlib/fpmul.c                0x00000000   Number         0  dmul.o ABSOLUTE
    2.User\adc\adc.c                         0x00000000   Number         0  adc.o ABSOLUTE
    2.User\delay\delay.c                     0x00000000   Number         0  delay.o ABSOLUTE
    2.User\keyboard\keyboard.c               0x00000000   Number         0  keyboard.o ABSOLUTE
    2.User\led\led.c                         0x00000000   Number         0  led.o ABSOLUTE
    2.User\main.c                            0x00000000   Number         0  main.o ABSOLUTE
    2.User\power\power.c                     0x00000000   Number         0  power.o ABSOLUTE
    2.User\si24r1\si24r1.c                   0x00000000   Number         0  si24r1.o ABSOLUTE
    2.User\spi1\spi1.c                       0x00000000   Number         0  spi1.o ABSOLUTE
    2.User\sys\sys.c                         0x00000000   Number         0  sys.o ABSOLUTE
    2.User\time\time.c                       0x00000000   Number         0  time.o ABSOLUTE
    2.User\usart_debug\usart_debug.c         0x00000000   Number         0  usart_debug.o ABSOLUTE
    2.User\ws2812b\ws2812b.c                 0x00000000   Number         0  ws2812b.o ABSOLUTE
    3.Libraries\CMSIS\core\core_cm3.c        0x00000000   Number         0  core_cm3.o ABSOLUTE
    3.Libraries\CMSIS\startup\startup_stm32f10x_md.s 0x00000000   Number         0  startup_stm32f10x_md.o ABSOLUTE
    3.Libraries\CMSIS\system_stm32f10x.c     0x00000000   Number         0  system_stm32f10x.o ABSOLUTE
    3.Libraries\STM32F10x_StdPeriph_Driver\src\misc.c 0x00000000   Number         0  misc.o ABSOLUTE
    3.Libraries\STM32F10x_StdPeriph_Driver\src\stm32f10x_adc.c 0x00000000   Number         0  stm32f10x_adc.o ABSOLUTE
    3.Libraries\STM32F10x_StdPeriph_Driver\src\stm32f10x_dma.c 0x00000000   Number         0  stm32f10x_dma.o ABSOLUTE
    3.Libraries\STM32F10x_StdPeriph_Driver\src\stm32f10x_exti.c 0x00000000   Number         0  stm32f10x_exti.o ABSOLUTE
    3.Libraries\STM32F10x_StdPeriph_Driver\src\stm32f10x_gpio.c 0x00000000   Number         0  stm32f10x_gpio.o ABSOLUTE
    3.Libraries\STM32F10x_StdPeriph_Driver\src\stm32f10x_rcc.c 0x00000000   Number         0  stm32f10x_rcc.o ABSOLUTE
    3.Libraries\STM32F10x_StdPeriph_Driver\src\stm32f10x_spi.c 0x00000000   Number         0  stm32f10x_spi.o ABSOLUTE
    3.Libraries\STM32F10x_StdPeriph_Driver\src\stm32f10x_tim.c 0x00000000   Number         0  stm32f10x_tim.o ABSOLUTE
    3.Libraries\STM32F10x_StdPeriph_Driver\src\stm32f10x_usart.c 0x00000000   Number         0  stm32f10x_usart.o ABSOLUTE
    3.Libraries\\CMSIS\\core\\core_cm3.c     0x00000000   Number         0  core_cm3.o ABSOLUTE
    5.USB\APP\src\hw_config.c                0x00000000   Number         0  hw_config.o ABSOLUTE
    5.USB\APP\src\usb_desc.c                 0x00000000   Number         0  usb_desc.o ABSOLUTE
    5.USB\APP\src\usb_endp.c                 0x00000000   Number         0  usb_endp.o ABSOLUTE
    5.USB\APP\src\usb_istr.c                 0x00000000   Number         0  usb_istr.o ABSOLUTE
    5.USB\APP\src\usb_prop.c                 0x00000000   Number         0  usb_prop.o ABSOLUTE
    5.USB\APP\src\usb_pwr.c                  0x00000000   Number         0  usb_pwr.o ABSOLUTE
    5.USB\STM32_USB-FS-Device_Driver\src\usb_core.c 0x00000000   Number         0  usb_core.o ABSOLUTE
    5.USB\STM32_USB-FS-Device_Driver\src\usb_init.c 0x00000000   Number         0  usb_init.o ABSOLUTE
    5.USB\STM32_USB-FS-Device_Driver\src\usb_int.c 0x00000000   Number         0  usb_int.o ABSOLUTE
    5.USB\STM32_USB-FS-Device_Driver\src\usb_mem.c 0x00000000   Number         0  usb_mem.o ABSOLUTE
    5.USB\STM32_USB-FS-Device_Driver\src\usb_regs.c 0x00000000   Number         0  usb_regs.o ABSOLUTE
    5.USB\STM32_USB-FS-Device_Driver\src\usb_sil.c 0x00000000   Number         0  usb_sil.o ABSOLUTE
    cdrcmple.s                               0x00000000   Number         0  cdrcmple.o ABSOLUTE
    dc.s                                     0x00000000   Number         0  dc.o ABSOLUTE
    handlers.s                               0x00000000   Number         0  handlers.o ABSOLUTE
    init.s                                   0x00000000   Number         0  init.o ABSOLUTE
    RESET                                    0x08000000   Section      236  startup_stm32f10x_md.o(RESET)
    .ARM.Collect$$$$00000000                 0x080000ec   Section        0  entry.o(.ARM.Collect$$$$00000000)
    .ARM.Collect$$$$00000001                 0x080000ec   Section        4  entry2.o(.ARM.Collect$$$$00000001)
    .ARM.Collect$$$$00000004                 0x080000f0   Section        4  entry5.o(.ARM.Collect$$$$00000004)
    .ARM.Collect$$$$00000008                 0x080000f4   Section        0  entry7b.o(.ARM.Collect$$$$00000008)
    .ARM.Collect$$$$0000000A                 0x080000f4   Section        0  entry8b.o(.ARM.Collect$$$$0000000A)
    .ARM.Collect$$$$0000000B                 0x080000f4   Section        8  entry9a.o(.ARM.Collect$$$$0000000B)
    .ARM.Collect$$$$0000000D                 0x080000fc   Section        0  entry10a.o(.ARM.Collect$$$$0000000D)
    .ARM.Collect$$$$0000000F                 0x080000fc   Section        0  entry11a.o(.ARM.Collect$$$$0000000F)
    .ARM.Collect$$$$00002712                 0x080000fc   Section        4  entry2.o(.ARM.Collect$$$$00002712)
    __lit__00000000                          0x080000fc   Data           4  entry2.o(.ARM.Collect$$$$00002712)
    .text                                    0x08000100   Section       36  startup_stm32f10x_md.o(.text)
    .text                                    0x08000124   Section       36  init.o(.text)
    .text                                    0x08000148   Section        0  __dczerorl2.o(.text)
    i.ADC_Cmd                                0x0800019e   Section        0  stm32f10x_adc.o(i.ADC_Cmd)
    i.ADC_DeInit                             0x080001b4   Section        0  stm32f10x_adc.o(i.ADC_DeInit)
    i.ADC_GetCalibrationStatus               0x08000210   Section        0  stm32f10x_adc.o(i.ADC_GetCalibrationStatus)
    i.ADC_GetResetCalibrationStatus          0x08000224   Section        0  stm32f10x_adc.o(i.ADC_GetResetCalibrationStatus)
    i.ADC_Init                               0x08000238   Section        0  stm32f10x_adc.o(i.ADC_Init)
    i.ADC_ResetCalibration                   0x08000288   Section        0  stm32f10x_adc.o(i.ADC_ResetCalibration)
    i.ADC_StartCalibration                   0x08000292   Section        0  stm32f10x_adc.o(i.ADC_StartCalibration)
    i.Adc_Init                               0x0800029c   Section        0  adc.o(i.Adc_Init)
    i.ByteSwap                               0x08000330   Section        0  usb_regs.o(i.ByteSwap)
    i.CTR_LP                                 0x0800033c   Section        0  usb_int.o(i.CTR_LP)
    i.Charge_Full_IO_Init                    0x080005c4   Section        0  power.o(i.Charge_Full_IO_Init)
    i.ClearDTOG_RX                           0x080005f0   Section        0  usb_regs.o(i.ClearDTOG_RX)
    i.ClearDTOG_TX                           0x08000624   Section        0  usb_regs.o(i.ClearDTOG_TX)
    i.Clear_Status_Out                       0x08000658   Section        0  usb_regs.o(i.Clear_Status_Out)
    i.DMA1_Channel2_IRQHandler               0x08000680   Section        0  ws2812b.o(i.DMA1_Channel2_IRQHandler)
    i.DMA_ClearITPendingBit                  0x080006c8   Section        0  stm32f10x_dma.o(i.DMA_ClearITPendingBit)
    i.DMA_Cmd                                0x080006e4   Section        0  stm32f10x_dma.o(i.DMA_Cmd)
    i.DMA_DeInit                             0x080006fc   Section        0  stm32f10x_dma.o(i.DMA_DeInit)
    i.DMA_GetITStatus                        0x08000848   Section        0  stm32f10x_dma.o(i.DMA_GetITStatus)
    i.DMA_ITConfig                           0x08000874   Section        0  stm32f10x_dma.o(i.DMA_ITConfig)
    i.DMA_Init                               0x08000886   Section        0  stm32f10x_dma.o(i.DMA_Init)
    i.DataStageIn                            0x080008c4   Section        0  usb_core.o(i.DataStageIn)
    DataStageIn                              0x080008c5   Thumb Code   166  usb_core.o(i.DataStageIn)
    i.DataStageOut                           0x08000984   Section        0  usb_core.o(i.DataStageOut)
    DataStageOut                             0x08000985   Thumb Code   198  usb_core.o(i.DataStageOut)
    i.Data_Setup0                            0x08000a64   Section        0  usb_core.o(i.Data_Setup0)
    Data_Setup0                              0x08000a65   Thumb Code   628  usb_core.o(i.Data_Setup0)
    i.Delay_Init                             0x08000cfc   Section        0  delay.o(i.Delay_Init)
    i.Delay_Ms                               0x08000d30   Section        0  delay.o(i.Delay_Ms)
    i.Delay_Us                               0x08000d60   Section        0  delay.o(i.Delay_Us)
    i.EP1_IN_Callback                        0x08000d90   Section        0  usb_endp.o(i.EP1_IN_Callback)
    i.EXTI0_IRQHandler                       0x08000d9c   Section        0  power.o(i.EXTI0_IRQHandler)
    i.EXTI4_IRQHandler                       0x08000df8   Section        0  si24r1.o(i.EXTI4_IRQHandler)
    i.EXTI_ClearITPendingBit                 0x08000e68   Section        0  stm32f10x_exti.o(i.EXTI_ClearITPendingBit)
    i.EXTI_GetITStatus                       0x08000e74   Section        0  stm32f10x_exti.o(i.EXTI_GetITStatus)
    i.EXTI_Init                              0x08000e9c   Section        0  stm32f10x_exti.o(i.EXTI_Init)
    i.GPIO_EXTILineConfig                    0x08000f30   Section        0  stm32f10x_gpio.o(i.GPIO_EXTILineConfig)
    i.GPIO_Init                              0x08000f70   Section        0  stm32f10x_gpio.o(i.GPIO_Init)
    i.GPIO_PinRemapConfig                    0x08001088   Section        0  stm32f10x_gpio.o(i.GPIO_PinRemapConfig)
    i.GPIO_SetBits                           0x08001118   Section        0  stm32f10x_gpio.o(i.GPIO_SetBits)
    i.GetEPRxAddr                            0x0800111c   Section        0  usb_regs.o(i.GetEPRxAddr)
    i.GetEPTxAddr                            0x0800113c   Section        0  usb_regs.o(i.GetEPTxAddr)
    i.Get_SerialNum                          0x0800115c   Section        0  hw_config.o(i.Get_SerialNum)
    i.In0_Process                            0x08001190   Section        0  usb_core.o(i.In0_Process)
    i.IntToUnicode                           0x08001200   Section        0  hw_config.o(i.IntToUnicode)
    IntToUnicode                             0x08001201   Thumb Code    62  hw_config.o(i.IntToUnicode)
    i.Led_Init                               0x08001240   Section        0  led.o(i.Led_Init)
    i.NOP_Process                            0x08001274   Section        0  usb_core.o(i.NOP_Process)
    i.NRF24L01_Check                         0x08001278   Section        0  si24r1.o(i.NRF24L01_Check)
    i.NRF24L01_Exti_Init                     0x080012c4   Section        0  si24r1.o(i.NRF24L01_Exti_Init)
    NRF24L01_Exti_Init                       0x080012c5   Thumb Code   102  si24r1.o(i.NRF24L01_Exti_Init)
    i.NRF24L01_Init                          0x08001330   Section        0  si24r1.o(i.NRF24L01_Init)
    i.NRF24L01_RX_Mode                       0x0800141c   Section        0  si24r1.o(i.NRF24L01_RX_Mode)
    i.NRF24L01_Read_Buf                      0x08001444   Section        0  si24r1.o(i.NRF24L01_Read_Buf)
    i.NRF24L01_Read_Reg                      0x08001480   Section        0  si24r1.o(i.NRF24L01_Read_Reg)
    i.NRF24L01_TX_Mode                       0x080014ac   Section        0  si24r1.o(i.NRF24L01_TX_Mode)
    i.NRF24L01_TxPacket                      0x080014d0   Section        0  si24r1.o(i.NRF24L01_TxPacket)
    i.NRF24L01_Write_Buf                     0x080014fc   Section        0  si24r1.o(i.NRF24L01_Write_Buf)
    i.NRF24L01_Write_Reg                     0x08001538   Section        0  si24r1.o(i.NRF24L01_Write_Reg)
    i.NVIC_Init                              0x08001568   Section        0  misc.o(i.NVIC_Init)
    i.NVIC_PriorityGroupConfig               0x080015d8   Section        0  misc.o(i.NVIC_PriorityGroupConfig)
    i.NoData_Setup0                          0x080015ec   Section        0  usb_core.o(i.NoData_Setup0)
    NoData_Setup0                            0x080015ed   Thumb Code   296  usb_core.o(i.NoData_Setup0)
    i.OnOff_Dectect_Key_Init                 0x0800172c   Section        0  power.o(i.OnOff_Dectect_Key_Init)
    i.Out0_Process                           0x08001798   Section        0  usb_core.o(i.Out0_Process)
    i.PMAToUserBufferCopy                    0x080017e8   Section        0  usb_mem.o(i.PMAToUserBufferCopy)
    i.PWR_ONOFF_Init                         0x08001810   Section        0  power.o(i.PWR_ONOFF_Init)
    i.Post0_Process                          0x0800183c   Section        0  usb_core.o(i.Post0_Process)
    i.PowerOn                                0x08001884   Section        0  usb_pwr.o(i.PowerOn)
    i.Power_Init                             0x080018d4   Section        0  power.o(i.Power_Init)
    i.RCC_ADCCLKConfig                       0x080018f8   Section        0  stm32f10x_rcc.o(i.RCC_ADCCLKConfig)
    i.RCC_AHBPeriphClockCmd                  0x08001910   Section        0  stm32f10x_rcc.o(i.RCC_AHBPeriphClockCmd)
    i.RCC_APB1PeriphClockCmd                 0x08001930   Section        0  stm32f10x_rcc.o(i.RCC_APB1PeriphClockCmd)
    i.RCC_APB2PeriphClockCmd                 0x08001950   Section        0  stm32f10x_rcc.o(i.RCC_APB2PeriphClockCmd)
    i.RCC_APB2PeriphResetCmd                 0x08001970   Section        0  stm32f10x_rcc.o(i.RCC_APB2PeriphResetCmd)
    i.RCC_GetClocksFreq                      0x08001990   Section        0  stm32f10x_rcc.o(i.RCC_GetClocksFreq)
    i.Resume                                 0x08001a64   Section        0  usb_pwr.o(i.Resume)
    i.Resume_Init                            0x08001b34   Section        0  usb_pwr.o(i.Resume_Init)
    i.SPI1_Init                              0x08001b50   Section        0  spi1.o(i.SPI1_Init)
    i.SPI1_ReadWriteByte                     0x08001bd8   Section        0  spi1.o(i.SPI1_ReadWriteByte)
    i.SPI_Cmd                                0x08001c2c   Section        0  stm32f10x_spi.o(i.SPI_Cmd)
    i.SPI_I2S_GetFlagStatus                  0x08001c44   Section        0  stm32f10x_spi.o(i.SPI_I2S_GetFlagStatus)
    i.SPI_I2S_ReceiveData                    0x08001c56   Section        0  stm32f10x_spi.o(i.SPI_I2S_ReceiveData)
    i.SPI_I2S_SendData                       0x08001c5c   Section        0  stm32f10x_spi.o(i.SPI_I2S_SendData)
    i.SPI_Init                               0x08001c60   Section        0  stm32f10x_spi.o(i.SPI_Init)
    i.SetBTABLE                              0x08001c9c   Section        0  usb_regs.o(i.SetBTABLE)
    i.SetDeviceAddress                       0x08001cac   Section        0  usb_core.o(i.SetDeviceAddress)
    i.SetEPRxAddr                            0x08001cfc   Section        0  usb_regs.o(i.SetEPRxAddr)
    i.SetEPRxCount                           0x08001d20   Section        0  usb_regs.o(i.SetEPRxCount)
    i.SetEPRxStatus                          0x08001d6c   Section        0  usb_regs.o(i.SetEPRxStatus)
    i.SetEPRxValid                           0x08001dac   Section        0  usb_regs.o(i.SetEPRxValid)
    i.SetEPTxAddr                            0x08001de0   Section        0  usb_regs.o(i.SetEPTxAddr)
    i.SetEPTxCount                           0x08001e00   Section        0  usb_regs.o(i.SetEPTxCount)
    i.SetEPTxStatus                          0x08001e1c   Section        0  usb_regs.o(i.SetEPTxStatus)
    i.SetEPType                              0x08001e5c   Section        0  usb_regs.o(i.SetEPType)
    i.SetISTR                                0x08001e80   Section        0  usb_regs.o(i.SetISTR)
    i.SetSysClock                            0x08001e8c   Section        0  system_stm32f10x.o(i.SetSysClock)
    SetSysClock                              0x08001e8d   Thumb Code     8  system_stm32f10x.o(i.SetSysClock)
    i.SetSysClockTo72                        0x08001e94   Section        0  system_stm32f10x.o(i.SetSysClockTo72)
    SetSysClockTo72                          0x08001e95   Thumb Code   214  system_stm32f10x.o(i.SetSysClockTo72)
    i.Setup0_Process                         0x08001f74   Section        0  usb_core.o(i.Setup0_Process)
    i.Standard_ClearFeature                  0x0800202c   Section        0  usb_core.o(i.Standard_ClearFeature)
    i.Standard_GetConfiguration              0x08002198   Section        0  usb_core.o(i.Standard_GetConfiguration)
    i.Standard_GetDescriptorData             0x080021c4   Section        0  usb_core.o(i.Standard_GetDescriptorData)
    i.Standard_GetInterface                  0x080021e8   Section        0  usb_core.o(i.Standard_GetInterface)
    i.Standard_GetStatus                     0x08002214   Section        0  usb_core.o(i.Standard_GetStatus)
    i.Standard_SetConfiguration              0x08002314   Section        0  usb_core.o(i.Standard_SetConfiguration)
    i.Standard_SetDeviceFeature              0x0800235c   Section        0  usb_core.o(i.Standard_SetDeviceFeature)
    i.Standard_SetEndPointFeature            0x08002384   Section        0  usb_core.o(i.Standard_SetEndPointFeature)
    i.Standard_SetInterface                  0x08002454   Section        0  usb_core.o(i.Standard_SetInterface)
    i.Suspend                                0x080024c0   Section        0  usb_pwr.o(i.Suspend)
    i.SysTick_CLKSourceConfig                0x08002554   Section        0  misc.o(i.SysTick_CLKSourceConfig)
    i.SystemInit                             0x0800257c   Section        0  system_stm32f10x.o(i.SystemInit)
    i.TIM3_IRQHandler                        0x080025dc   Section        0  time.o(i.TIM3_IRQHandler)
    i.TIM_ClearITPendingBit                  0x08002604   Section        0  stm32f10x_tim.o(i.TIM_ClearITPendingBit)
    i.TIM_Cmd                                0x0800260a   Section        0  stm32f10x_tim.o(i.TIM_Cmd)
    i.TIM_DELAY_Init                         0x08002624   Section        0  time.o(i.TIM_DELAY_Init)
    i.TIM_DMACmd                             0x08002680   Section        0  stm32f10x_tim.o(i.TIM_DMACmd)
    i.TIM_GetITStatus                        0x08002692   Section        0  stm32f10x_tim.o(i.TIM_GetITStatus)
    i.TIM_ITConfig                           0x080026b4   Section        0  stm32f10x_tim.o(i.TIM_ITConfig)
    i.TIM_OC1Init                            0x080026c8   Section        0  stm32f10x_tim.o(i.TIM_OC1Init)
    i.TIM_OC1PreloadConfig                   0x08002760   Section        0  stm32f10x_tim.o(i.TIM_OC1PreloadConfig)
    i.TIM_TimeBaseInit                       0x08002774   Section        0  stm32f10x_tim.o(i.TIM_TimeBaseInit)
    i.USART1_IRQHandler                      0x08002818   Section        0  usart_debug.o(i.USART1_IRQHandler)
    i.USART_Cmd                              0x0800283c   Section        0  stm32f10x_usart.o(i.USART_Cmd)
    i.USART_GetITStatus                      0x08002854   Section        0  stm32f10x_usart.o(i.USART_GetITStatus)
    i.USART_ITConfig                         0x080028a8   Section        0  stm32f10x_usart.o(i.USART_ITConfig)
    i.USART_Init                             0x080028f4   Section        0  stm32f10x_usart.o(i.USART_Init)
    i.USART_ReceiveData                      0x080029cc   Section        0  stm32f10x_usart.o(i.USART_ReceiveData)
    i.USART_SendData                         0x080029d6   Section        0  stm32f10x_usart.o(i.USART_SendData)
    i.USB_Cable_Config                       0x080029de   Section        0  hw_config.o(i.USB_Cable_Config)
    i.USB_Istr                               0x080029e0   Section        0  usb_istr.o(i.USB_Istr)
    i.USB_LP_CAN1_RX0_IRQHandler             0x08002bac   Section        0  hw_config.o(i.USB_LP_CAN1_RX0_IRQHandler)
    i.USB_SIL_Init                           0x08002bb4   Section        0  usb_sil.o(i.USB_SIL_Init)
    i.Usart_Debug_Init                       0x08002bd8   Section        0  usart_debug.o(i.Usart_Debug_Init)
    i.UserToPMABufferCopy                    0x08002c78   Section        0  usb_mem.o(i.UserToPMABufferCopy)
    i.WS2812_Init                            0x08002cb0   Section        0  ws2812b.o(i.WS2812_Init)
    i.__0printf$2                            0x08002dc4   Section        0  printf2.o(i.__0printf$2)
    i.__scatterload_copy                     0x08002de4   Section       14  handlers.o(i.__scatterload_copy)
    i.__scatterload_null                     0x08002df2   Section        2  handlers.o(i.__scatterload_null)
    i.__scatterload_zeroinit                 0x08002df4   Section       14  handlers.o(i.__scatterload_zeroinit)
    i._printf_core                           0x08002e02   Section        0  printf2.o(i._printf_core)
    _printf_core                             0x08002e03   Thumb Code   214  printf2.o(i._printf_core)
    i.fputc                                  0x08002ed8   Section        0  usart_debug.o(i.fputc)
    i.keyboard_Data_Setup                    0x08002ef4   Section        0  usb_prop.o(i.keyboard_Data_Setup)
    i.keyboard_GetConfigDescriptor           0x08002f70   Section        0  usb_prop.o(i.keyboard_GetConfigDescriptor)
    i.keyboard_GetDeviceDescriptor           0x08002f84   Section        0  usb_prop.o(i.keyboard_GetDeviceDescriptor)
    i.keyboard_GetHIDDescriptor              0x08002f98   Section        0  usb_prop.o(i.keyboard_GetHIDDescriptor)
    i.keyboard_GetProtocolValue              0x08002fac   Section        0  usb_prop.o(i.keyboard_GetProtocolValue)
    i.keyboard_GetReportDescriptor           0x08002fc8   Section        0  usb_prop.o(i.keyboard_GetReportDescriptor)
    i.keyboard_GetStringDescriptor           0x08002fdc   Section        0  usb_prop.o(i.keyboard_GetStringDescriptor)
    i.keyboard_Get_Interface_Setting         0x08003004   Section        0  usb_prop.o(i.keyboard_Get_Interface_Setting)
    i.keyboard_NoData_Setup                  0x0800301c   Section        0  usb_prop.o(i.keyboard_NoData_Setup)
    i.keyboard_Reset                         0x08003040   Section        0  usb_prop.o(i.keyboard_Reset)
    i.keyboard_SetConfiguration              0x080030e4   Section        0  usb_prop.o(i.keyboard_SetConfiguration)
    i.keyboard_SetDeviceAddress              0x080030fc   Section        0  usb_prop.o(i.keyboard_SetDeviceAddress)
    i.keyboard_SetProtocol                   0x08003108   Section        0  usb_prop.o(i.keyboard_SetProtocol)
    i.keyboard_Status_In                     0x08003120   Section        0  usb_prop.o(i.keyboard_Status_In)
    i.keyboard_Status_Out                    0x08003122   Section        0  usb_prop.o(i.keyboard_Status_Out)
    i.keyboard_init                          0x08003124   Section        0  usb_prop.o(i.keyboard_init)
    i.main                                   0x0800314c   Section        0  main.o(i.main)
    .constdata                               0x0800322c   Section       10  si24r1.o(.constdata)
    .constdata                               0x08003236   Section      184  usb_desc.o(.constdata)
    .data                                    0x20000000   Section        1  main.o(.data)
    .data                                    0x20000002   Section        4  delay.o(.data)
    .data                                    0x20000008   Section        4  usart_debug.o(.data)
    .data                                    0x2000000c   Section        2  power.o(.data)
    Boot_On                                  0x2000000d   Data           1  power.o(.data)
    .data                                    0x20000010   Section        4  time.o(.data)
    .data                                    0x20000014   Section        1  ws2812b.o(.data)
    .data                                    0x20000015   Section        1  si24r1.o(.data)
    .data                                    0x20000016   Section       20  stm32f10x_rcc.o(.data)
    APBAHBPrescTable                         0x20000016   Data          16  stm32f10x_rcc.o(.data)
    ADCPrescTable                            0x20000026   Data           4  stm32f10x_rcc.o(.data)
    .data                                    0x2000002a   Section       26  usb_desc.o(.data)
    .data                                    0x20000044   Section       68  usb_istr.o(.data)
    .data                                    0x20000088   Section      156  usb_prop.o(.data)
    .data                                    0x20000124   Section       12  usb_pwr.o(.data)
    .data                                    0x20000130   Section        9  usb_core.o(.data)
    .data                                    0x2000013c   Section       20  usb_init.o(.data)
    .data                                    0x20000150   Section        4  usb_int.o(.data)
    .bss                                     0x20000154   Section      210  ws2812b.o(.bss)
    .bss                                     0x20000226   Section       64  si24r1.o(.bss)
    .bss                                     0x20000268   Section       32  usb_pwr.o(.bss)
    .bss                                     0x20000288   Section       28  usb_init.o(.bss)
    STACK                                    0x200002a8   Section     1024  startup_stm32f10x_md.o(STACK)

    Global Symbols

    Symbol Name                              Value     Ov Type        Size  Object(Section)

    BuildAttributes$$THM_ISAv4$P$D$K$B$S$PE$A:L22UL41UL21$X:L11$S22US41US21$IEEE1$IW$USESV6$~STKCKD$USESV7$~SHL$OSPACE$ROPI$EBA8$MICROLIB$REQ8$PRES8$EABIv2 0x00000000   Number         0  anon$$obj.o ABSOLUTE
    __ARM_use_no_argv                        0x00000000   Number         0  main.o ABSOLUTE
    _printf_a                                0x00000000   Number         0  stubs.o ABSOLUTE
    _printf_c                                0x00000000   Number         0  stubs.o ABSOLUTE
    _printf_charcount                        0x00000000   Number         0  stubs.o ABSOLUTE
    _printf_d                                0x00000000   Number         0  stubs.o ABSOLUTE
    _printf_e                                0x00000000   Number         0  stubs.o ABSOLUTE
    _printf_f                                0x00000000   Number         0  stubs.o ABSOLUTE
    _printf_flags                            0x00000000   Number         0  stubs.o ABSOLUTE
    _printf_fp_dec                           0x00000000   Number         0  stubs.o ABSOLUTE
    _printf_fp_hex                           0x00000000   Number         0  stubs.o ABSOLUTE
    _printf_g                                0x00000000   Number         0  stubs.o ABSOLUTE
    _printf_i                                0x00000000   Number         0  stubs.o ABSOLUTE
    _printf_int_dec                          0x00000000   Number         0  stubs.o ABSOLUTE
    _printf_l                                0x00000000   Number         0  stubs.o ABSOLUTE
    _printf_lc                               0x00000000   Number         0  stubs.o ABSOLUTE
    _printf_ll                               0x00000000   Number         0  stubs.o ABSOLUTE
    _printf_lld                              0x00000000   Number         0  stubs.o ABSOLUTE
    _printf_lli                              0x00000000   Number         0  stubs.o ABSOLUTE
    _printf_llo                              0x00000000   Number         0  stubs.o ABSOLUTE
    _printf_llu                              0x00000000   Number         0  stubs.o ABSOLUTE
    _printf_llx                              0x00000000   Number         0  stubs.o ABSOLUTE
    _printf_longlong_dec                     0x00000000   Number         0  stubs.o ABSOLUTE
    _printf_longlong_hex                     0x00000000   Number         0  stubs.o ABSOLUTE
    _printf_longlong_oct                     0x00000000   Number         0  stubs.o ABSOLUTE
    _printf_ls                               0x00000000   Number         0  stubs.o ABSOLUTE
    _printf_mbtowc                           0x00000000   Number         0  stubs.o ABSOLUTE
    _printf_n                                0x00000000   Number         0  stubs.o ABSOLUTE
    _printf_o                                0x00000000   Number         0  stubs.o ABSOLUTE
    _printf_p                                0x00000000   Number         0  stubs.o ABSOLUTE
    _printf_percent                          0x00000000   Number         0  stubs.o ABSOLUTE
    _printf_pre_padding                      0x00000000   Number         0  stubs.o ABSOLUTE
    _printf_return_value                     0x00000000   Number         0  stubs.o ABSOLUTE
    _printf_s                                0x00000000   Number         0  stubs.o ABSOLUTE
    _printf_sizespec                         0x00000000   Number         0  stubs.o ABSOLUTE
    _printf_str                              0x00000000   Number         0  stubs.o ABSOLUTE
    _printf_truncate_signed                  0x00000000   Number         0  stubs.o ABSOLUTE
    _printf_truncate_unsigned                0x00000000   Number         0  stubs.o ABSOLUTE
    _printf_u                                0x00000000   Number         0  stubs.o ABSOLUTE
    _printf_wc                               0x00000000   Number         0  stubs.o ABSOLUTE
    _printf_wctomb                           0x00000000   Number         0  stubs.o ABSOLUTE
    _printf_widthprec                        0x00000000   Number         0  stubs.o ABSOLUTE
    _printf_x                                0x00000000   Number         0  stubs.o ABSOLUTE
    __cpp_initialize__aeabi_                  - Undefined Weak Reference
    __cxa_finalize                            - Undefined Weak Reference
    _clock_init                               - Undefined Weak Reference
    _microlib_exit                            - Undefined Weak Reference
    __Vectors_Size                           0x000000ec   Number         0  startup_stm32f10x_md.o ABSOLUTE
    __Vectors                                0x08000000   Data           4  startup_stm32f10x_md.o(RESET)
    __Vectors_End                            0x080000ec   Data           0  startup_stm32f10x_md.o(RESET)
    __main                                   0x080000ed   Thumb Code     0  entry.o(.ARM.Collect$$$$00000000)
    _main_stk                                0x080000ed   Thumb Code     0  entry2.o(.ARM.Collect$$$$00000001)
    _main_scatterload                        0x080000f1   Thumb Code     0  entry5.o(.ARM.Collect$$$$00000004)
    __main_after_scatterload                 0x080000f5   Thumb Code     0  entry5.o(.ARM.Collect$$$$00000004)
    _main_clock                              0x080000f5   Thumb Code     0  entry7b.o(.ARM.Collect$$$$00000008)
    _main_cpp_init                           0x080000f5   Thumb Code     0  entry8b.o(.ARM.Collect$$$$0000000A)
    _main_init                               0x080000f5   Thumb Code     0  entry9a.o(.ARM.Collect$$$$0000000B)
    __rt_final_cpp                           0x080000fd   Thumb Code     0  entry10a.o(.ARM.Collect$$$$0000000D)
    __rt_final_exit                          0x080000fd   Thumb Code     0  entry11a.o(.ARM.Collect$$$$0000000F)
    Reset_Handler                            0x08000101   Thumb Code     8  startup_stm32f10x_md.o(.text)
    NMI_Handler                              0x08000109   Thumb Code     2  startup_stm32f10x_md.o(.text)
    HardFault_Handler                        0x0800010b   Thumb Code     2  startup_stm32f10x_md.o(.text)
    MemManage_Handler                        0x0800010d   Thumb Code     2  startup_stm32f10x_md.o(.text)
    BusFault_Handler                         0x0800010f   Thumb Code     2  startup_stm32f10x_md.o(.text)
    UsageFault_Handler                       0x08000111   Thumb Code     2  startup_stm32f10x_md.o(.text)
    SVC_Handler                              0x08000113   Thumb Code     2  startup_stm32f10x_md.o(.text)
    DebugMon_Handler                         0x08000115   Thumb Code     2  startup_stm32f10x_md.o(.text)
    PendSV_Handler                           0x08000117   Thumb Code     2  startup_stm32f10x_md.o(.text)
    SysTick_Handler                          0x08000119   Thumb Code     2  startup_stm32f10x_md.o(.text)
    ADC1_2_IRQHandler                        0x0800011b   Thumb Code     0  startup_stm32f10x_md.o(.text)
    CAN1_RX1_IRQHandler                      0x0800011b   Thumb Code     0  startup_stm32f10x_md.o(.text)
    CAN1_SCE_IRQHandler                      0x0800011b   Thumb Code     0  startup_stm32f10x_md.o(.text)
    DMA1_Channel1_IRQHandler                 0x0800011b   Thumb Code     0  startup_stm32f10x_md.o(.text)
    DMA1_Channel3_IRQHandler                 0x0800011b   Thumb Code     0  startup_stm32f10x_md.o(.text)
    DMA1_Channel4_IRQHandler                 0x0800011b   Thumb Code     0  startup_stm32f10x_md.o(.text)
    DMA1_Channel5_IRQHandler                 0x0800011b   Thumb Code     0  startup_stm32f10x_md.o(.text)
    DMA1_Channel6_IRQHandler                 0x0800011b   Thumb Code     0  startup_stm32f10x_md.o(.text)
    DMA1_Channel7_IRQHandler                 0x0800011b   Thumb Code     0  startup_stm32f10x_md.o(.text)
    EXTI15_10_IRQHandler                     0x0800011b   Thumb Code     0  startup_stm32f10x_md.o(.text)
    EXTI1_IRQHandler                         0x0800011b   Thumb Code     0  startup_stm32f10x_md.o(.text)
    EXTI2_IRQHandler                         0x0800011b   Thumb Code     0  startup_stm32f10x_md.o(.text)
    EXTI3_IRQHandler                         0x0800011b   Thumb Code     0  startup_stm32f10x_md.o(.text)
    EXTI9_5_IRQHandler                       0x0800011b   Thumb Code     0  startup_stm32f10x_md.o(.text)
    FLASH_IRQHandler                         0x0800011b   Thumb Code     0  startup_stm32f10x_md.o(.text)
    I2C1_ER_IRQHandler                       0x0800011b   Thumb Code     0  startup_stm32f10x_md.o(.text)
    I2C1_EV_IRQHandler                       0x0800011b   Thumb Code     0  startup_stm32f10x_md.o(.text)
    I2C2_ER_IRQHandler                       0x0800011b   Thumb Code     0  startup_stm32f10x_md.o(.text)
    I2C2_EV_IRQHandler                       0x0800011b   Thumb Code     0  startup_stm32f10x_md.o(.text)
    PVD_IRQHandler                           0x0800011b   Thumb Code     0  startup_stm32f10x_md.o(.text)
    RCC_IRQHandler                           0x0800011b   Thumb Code     0  startup_stm32f10x_md.o(.text)
    RTCAlarm_IRQHandler                      0x0800011b   Thumb Code     0  startup_stm32f10x_md.o(.text)
    RTC_IRQHandler                           0x0800011b   Thumb Code     0  startup_stm32f10x_md.o(.text)
    SPI1_IRQHandler                          0x0800011b   Thumb Code     0  startup_stm32f10x_md.o(.text)
    SPI2_IRQHandler                          0x0800011b   Thumb Code     0  startup_stm32f10x_md.o(.text)
    TAMPER_IRQHandler                        0x0800011b   Thumb Code     0  startup_stm32f10x_md.o(.text)
    TIM1_BRK_IRQHandler                      0x0800011b   Thumb Code     0  startup_stm32f10x_md.o(.text)
    TIM1_CC_IRQHandler                       0x0800011b   Thumb Code     0  startup_stm32f10x_md.o(.text)
    TIM1_TRG_COM_IRQHandler                  0x0800011b   Thumb Code     0  startup_stm32f10x_md.o(.text)
    TIM1_UP_IRQHandler                       0x0800011b   Thumb Code     0  startup_stm32f10x_md.o(.text)
    TIM2_IRQHandler                          0x0800011b   Thumb Code     0  startup_stm32f10x_md.o(.text)
    TIM4_IRQHandler                          0x0800011b   Thumb Code     0  startup_stm32f10x_md.o(.text)
    USART2_IRQHandler                        0x0800011b   Thumb Code     0  startup_stm32f10x_md.o(.text)
    USART3_IRQHandler                        0x0800011b   Thumb Code     0  startup_stm32f10x_md.o(.text)
    USBWakeUp_IRQHandler                     0x0800011b   Thumb Code     0  startup_stm32f10x_md.o(.text)
    USB_HP_CAN1_TX_IRQHandler                0x0800011b   Thumb Code     0  startup_stm32f10x_md.o(.text)
    WWDG_IRQHandler                          0x0800011b   Thumb Code     0  startup_stm32f10x_md.o(.text)
    __scatterload                            0x08000125   Thumb Code    28  init.o(.text)
    __scatterload_rt2                        0x08000125   Thumb Code     0  init.o(.text)
    __decompress                             0x08000149   Thumb Code     0  __dczerorl2.o(.text)
    __decompress1                            0x08000149   Thumb Code    86  __dczerorl2.o(.text)
    ADC_Cmd                                  0x0800019f   Thumb Code    22  stm32f10x_adc.o(i.ADC_Cmd)
    ADC_DeInit                               0x080001b5   Thumb Code    78  stm32f10x_adc.o(i.ADC_DeInit)
    ADC_GetCalibrationStatus                 0x08000211   Thumb Code    20  stm32f10x_adc.o(i.ADC_GetCalibrationStatus)
    ADC_GetResetCalibrationStatus            0x08000225   Thumb Code    20  stm32f10x_adc.o(i.ADC_GetResetCalibrationStatus)
    ADC_Init                                 0x08000239   Thumb Code    70  stm32f10x_adc.o(i.ADC_Init)
    ADC_ResetCalibration                     0x08000289   Thumb Code    10  stm32f10x_adc.o(i.ADC_ResetCalibration)
    ADC_StartCalibration                     0x08000293   Thumb Code    10  stm32f10x_adc.o(i.ADC_StartCalibration)
    Adc_Init                                 0x0800029d   Thumb Code   138  adc.o(i.Adc_Init)
    ByteSwap                                 0x08000331   Thumb Code    12  usb_regs.o(i.ByteSwap)
    CTR_LP                                   0x0800033d   Thumb Code   616  usb_int.o(i.CTR_LP)
    Charge_Full_IO_Init                      0x080005c5   Thumb Code    38  power.o(i.Charge_Full_IO_Init)
    ClearDTOG_RX                             0x080005f1   Thumb Code    48  usb_regs.o(i.ClearDTOG_RX)
    ClearDTOG_TX                             0x08000625   Thumb Code    48  usb_regs.o(i.ClearDTOG_TX)
    Clear_Status_Out                         0x08000659   Thumb Code    34  usb_regs.o(i.Clear_Status_Out)
    DMA1_Channel2_IRQHandler                 0x08000681   Thumb Code    58  ws2812b.o(i.DMA1_Channel2_IRQHandler)
    DMA_ClearITPendingBit                    0x080006c9   Thumb Code    18  stm32f10x_dma.o(i.DMA_ClearITPendingBit)
    DMA_Cmd                                  0x080006e5   Thumb Code    24  stm32f10x_dma.o(i.DMA_Cmd)
    DMA_DeInit                               0x080006fd   Thumb Code   324  stm32f10x_dma.o(i.DMA_DeInit)
    DMA_GetITStatus                          0x08000849   Thumb Code    36  stm32f10x_dma.o(i.DMA_GetITStatus)
    DMA_ITConfig                             0x08000875   Thumb Code    18  stm32f10x_dma.o(i.DMA_ITConfig)
    DMA_Init                                 0x08000887   Thumb Code    60  stm32f10x_dma.o(i.DMA_Init)
    Delay_Init                               0x08000cfd   Thumb Code    42  delay.o(i.Delay_Init)
    Delay_Ms                                 0x08000d31   Thumb Code    44  delay.o(i.Delay_Ms)
    Delay_Us                                 0x08000d61   Thumb Code    44  delay.o(i.Delay_Us)
    EP1_IN_Callback                          0x08000d91   Thumb Code     8  usb_endp.o(i.EP1_IN_Callback)
    EXTI0_IRQHandler                         0x08000d9d   Thumb Code    66  power.o(i.EXTI0_IRQHandler)
    EXTI4_IRQHandler                         0x08000df9   Thumb Code   104  si24r1.o(i.EXTI4_IRQHandler)
    EXTI_ClearITPendingBit                   0x08000e69   Thumb Code     6  stm32f10x_exti.o(i.EXTI_ClearITPendingBit)
    EXTI_GetITStatus                         0x08000e75   Thumb Code    34  stm32f10x_exti.o(i.EXTI_GetITStatus)
    EXTI_Init                                0x08000e9d   Thumb Code   142  stm32f10x_exti.o(i.EXTI_Init)
    GPIO_EXTILineConfig                      0x08000f31   Thumb Code    60  stm32f10x_gpio.o(i.GPIO_EXTILineConfig)
    GPIO_Init                                0x08000f71   Thumb Code   278  stm32f10x_gpio.o(i.GPIO_Init)
    GPIO_PinRemapConfig                      0x08001089   Thumb Code   138  stm32f10x_gpio.o(i.GPIO_PinRemapConfig)
    GPIO_SetBits                             0x08001119   Thumb Code     4  stm32f10x_gpio.o(i.GPIO_SetBits)
    GetEPRxAddr                              0x0800111d   Thumb Code    24  usb_regs.o(i.GetEPRxAddr)
    GetEPTxAddr                              0x0800113d   Thumb Code    22  usb_regs.o(i.GetEPTxAddr)
    Get_SerialNum                            0x0800115d   Thumb Code    42  hw_config.o(i.Get_SerialNum)
    In0_Process                              0x08001191   Thumb Code    98  usb_core.o(i.In0_Process)
    Led_Init                                 0x08001241   Thumb Code    44  led.o(i.Led_Init)
    NOP_Process                              0x08001275   Thumb Code     2  usb_core.o(i.NOP_Process)
    NRF24L01_Check                           0x08001279   Thumb Code    66  si24r1.o(i.NRF24L01_Check)
    NRF24L01_Init                            0x08001331   Thumb Code   180  si24r1.o(i.NRF24L01_Init)
    NRF24L01_RX_Mode                         0x0800141d   Thumb Code    32  si24r1.o(i.NRF24L01_RX_Mode)
    NRF24L01_Read_Buf                        0x08001445   Thumb Code    56  si24r1.o(i.NRF24L01_Read_Buf)
    NRF24L01_Read_Reg                        0x08001481   Thumb Code    36  si24r1.o(i.NRF24L01_Read_Reg)
    NRF24L01_TX_Mode                         0x080014ad   Thumb Code    26  si24r1.o(i.NRF24L01_TX_Mode)
    NRF24L01_TxPacket                        0x080014d1   Thumb Code    36  si24r1.o(i.NRF24L01_TxPacket)
    NRF24L01_Write_Buf                       0x080014fd   Thumb Code    56  si24r1.o(i.NRF24L01_Write_Buf)
    NRF24L01_Write_Reg                       0x08001539   Thumb Code    38  si24r1.o(i.NRF24L01_Write_Reg)
    NVIC_Init                                0x08001569   Thumb Code   100  misc.o(i.NVIC_Init)
    NVIC_PriorityGroupConfig                 0x080015d9   Thumb Code    10  misc.o(i.NVIC_PriorityGroupConfig)
    OnOff_Dectect_Key_Init                   0x0800172d   Thumb Code   102  power.o(i.OnOff_Dectect_Key_Init)
    Out0_Process                             0x08001799   Thumb Code    70  usb_core.o(i.Out0_Process)
    PMAToUserBufferCopy                      0x080017e9   Thumb Code    34  usb_mem.o(i.PMAToUserBufferCopy)
    PWR_ONOFF_Init                           0x08001811   Thumb Code    38  power.o(i.PWR_ONOFF_Init)
    Post0_Process                            0x0800183d   Thumb Code    54  usb_core.o(i.Post0_Process)
    PowerOn                                  0x08001885   Thumb Code    70  usb_pwr.o(i.PowerOn)
    Power_Init                               0x080018d5   Thumb Code    30  power.o(i.Power_Init)
    RCC_ADCCLKConfig                         0x080018f9   Thumb Code    18  stm32f10x_rcc.o(i.RCC_ADCCLKConfig)
    RCC_AHBPeriphClockCmd                    0x08001911   Thumb Code    26  stm32f10x_rcc.o(i.RCC_AHBPeriphClockCmd)
    RCC_APB1PeriphClockCmd                   0x08001931   Thumb Code    26  stm32f10x_rcc.o(i.RCC_APB1PeriphClockCmd)
    RCC_APB2PeriphClockCmd                   0x08001951   Thumb Code    26  stm32f10x_rcc.o(i.RCC_APB2PeriphClockCmd)
    RCC_APB2PeriphResetCmd                   0x08001971   Thumb Code    26  stm32f10x_rcc.o(i.RCC_APB2PeriphResetCmd)
    RCC_GetClocksFreq                        0x08001991   Thumb Code   192  stm32f10x_rcc.o(i.RCC_GetClocksFreq)
    Resume                                   0x08001a65   Thumb Code   194  usb_pwr.o(i.Resume)
    Resume_Init                              0x08001b35   Thumb Code    24  usb_pwr.o(i.Resume_Init)
    SPI1_Init                                0x08001b51   Thumb Code   128  spi1.o(i.SPI1_Init)
    SPI1_ReadWriteByte                       0x08001bd9   Thumb Code    78  spi1.o(i.SPI1_ReadWriteByte)
    SPI_Cmd                                  0x08001c2d   Thumb Code    24  stm32f10x_spi.o(i.SPI_Cmd)
    SPI_I2S_GetFlagStatus                    0x08001c45   Thumb Code    18  stm32f10x_spi.o(i.SPI_I2S_GetFlagStatus)
    SPI_I2S_ReceiveData                      0x08001c57   Thumb Code     6  stm32f10x_spi.o(i.SPI_I2S_ReceiveData)
    SPI_I2S_SendData                         0x08001c5d   Thumb Code     4  stm32f10x_spi.o(i.SPI_I2S_SendData)
    SPI_Init                                 0x08001c61   Thumb Code    60  stm32f10x_spi.o(i.SPI_Init)
    SetBTABLE                                0x08001c9d   Thumb Code    12  usb_regs.o(i.SetBTABLE)
    SetDeviceAddress                         0x08001cad   Thumb Code    68  usb_core.o(i.SetDeviceAddress)
    SetEPRxAddr                              0x08001cfd   Thumb Code    26  usb_regs.o(i.SetEPRxAddr)
    SetEPRxCount                             0x08001d21   Thumb Code    68  usb_regs.o(i.SetEPRxCount)
    SetEPRxStatus                            0x08001d6d   Thumb Code    60  usb_regs.o(i.SetEPRxStatus)
    SetEPRxValid                             0x08001dad   Thumb Code    48  usb_regs.o(i.SetEPRxValid)
    SetEPTxAddr                              0x08001de1   Thumb Code    24  usb_regs.o(i.SetEPTxAddr)
    SetEPTxCount                             0x08001e01   Thumb Code    20  usb_regs.o(i.SetEPTxCount)
    SetEPTxStatus                            0x08001e1d   Thumb Code    60  usb_regs.o(i.SetEPTxStatus)
    SetEPType                                0x08001e5d   Thumb Code    32  usb_regs.o(i.SetEPType)
    SetISTR                                  0x08001e81   Thumb Code     6  usb_regs.o(i.SetISTR)
    Setup0_Process                           0x08001f75   Thumb Code   170  usb_core.o(i.Setup0_Process)
    Standard_ClearFeature                    0x0800202d   Thumb Code   342  usb_core.o(i.Standard_ClearFeature)
    Standard_GetConfiguration                0x08002199   Thumb Code    34  usb_core.o(i.Standard_GetConfiguration)
    Standard_GetDescriptorData               0x080021c5   Thumb Code    32  usb_core.o(i.Standard_GetDescriptorData)
    Standard_GetInterface                    0x080021e9   Thumb Code    34  usb_core.o(i.Standard_GetInterface)
    Standard_GetStatus                       0x08002215   Thumb Code   238  usb_core.o(i.Standard_GetStatus)
    Standard_SetConfiguration                0x08002315   Thumb Code    60  usb_core.o(i.Standard_SetConfiguration)
    Standard_SetDeviceFeature                0x0800235d   Thumb Code    30  usb_core.o(i.Standard_SetDeviceFeature)
    Standard_SetEndPointFeature              0x08002385   Thumb Code   192  usb_core.o(i.Standard_SetEndPointFeature)
    Standard_SetInterface                    0x08002455   Thumb Code    96  usb_core.o(i.Standard_SetInterface)
    Suspend                                  0x080024c1   Thumb Code   134  usb_pwr.o(i.Suspend)
    SysTick_CLKSourceConfig                  0x08002555   Thumb Code    40  misc.o(i.SysTick_CLKSourceConfig)
    SystemInit                               0x0800257d   Thumb Code    78  system_stm32f10x.o(i.SystemInit)
    TIM3_IRQHandler                          0x080025dd   Thumb Code    32  time.o(i.TIM3_IRQHandler)
    TIM_ClearITPendingBit                    0x08002605   Thumb Code     6  stm32f10x_tim.o(i.TIM_ClearITPendingBit)
    TIM_Cmd                                  0x0800260b   Thumb Code    24  stm32f10x_tim.o(i.TIM_Cmd)
    TIM_DELAY_Init                           0x08002625   Thumb Code    88  time.o(i.TIM_DELAY_Init)
    TIM_DMACmd                               0x08002681   Thumb Code    18  stm32f10x_tim.o(i.TIM_DMACmd)
    TIM_GetITStatus                          0x08002693   Thumb Code    34  stm32f10x_tim.o(i.TIM_GetITStatus)
    TIM_ITConfig                             0x080026b5   Thumb Code    18  stm32f10x_tim.o(i.TIM_ITConfig)
    TIM_OC1Init                              0x080026c9   Thumb Code   132  stm32f10x_tim.o(i.TIM_OC1Init)
    TIM_OC1PreloadConfig                     0x08002761   Thumb Code    18  stm32f10x_tim.o(i.TIM_OC1PreloadConfig)
    TIM_TimeBaseInit                         0x08002775   Thumb Code   122  stm32f10x_tim.o(i.TIM_TimeBaseInit)
    USART1_IRQHandler                        0x08002819   Thumb Code    32  usart_debug.o(i.USART1_IRQHandler)
    USART_Cmd                                0x0800283d   Thumb Code    24  stm32f10x_usart.o(i.USART_Cmd)
    USART_GetITStatus                        0x08002855   Thumb Code    84  stm32f10x_usart.o(i.USART_GetITStatus)
    USART_ITConfig                           0x080028a9   Thumb Code    74  stm32f10x_usart.o(i.USART_ITConfig)
    USART_Init                               0x080028f5   Thumb Code   210  stm32f10x_usart.o(i.USART_Init)
    USART_ReceiveData                        0x080029cd   Thumb Code    10  stm32f10x_usart.o(i.USART_ReceiveData)
    USART_SendData                           0x080029d7   Thumb Code     8  stm32f10x_usart.o(i.USART_SendData)
    USB_Cable_Config                         0x080029df   Thumb Code     2  hw_config.o(i.USB_Cable_Config)
    USB_Istr                                 0x080029e1   Thumb Code   422  usb_istr.o(i.USB_Istr)
    USB_LP_CAN1_RX0_IRQHandler               0x08002bad   Thumb Code     8  hw_config.o(i.USB_LP_CAN1_RX0_IRQHandler)
    USB_SIL_Init                             0x08002bb5   Thumb Code    28  usb_sil.o(i.USB_SIL_Init)
    Usart_Debug_Init                         0x08002bd9   Thumb Code   152  usart_debug.o(i.Usart_Debug_Init)
    UserToPMABufferCopy                      0x08002c79   Thumb Code    52  usb_mem.o(i.UserToPMABufferCopy)
    WS2812_Init                              0x08002cb1   Thumb Code   256  ws2812b.o(i.WS2812_Init)
    __0printf$2                              0x08002dc5   Thumb Code    22  printf2.o(i.__0printf$2)
    __1printf$2                              0x08002dc5   Thumb Code     0  printf2.o(i.__0printf$2)
    __2printf                                0x08002dc5   Thumb Code     0  printf2.o(i.__0printf$2)
    __scatterload_copy                       0x08002de5   Thumb Code    14  handlers.o(i.__scatterload_copy)
    __scatterload_null                       0x08002df3   Thumb Code     2  handlers.o(i.__scatterload_null)
    __scatterload_zeroinit                   0x08002df5   Thumb Code    14  handlers.o(i.__scatterload_zeroinit)
    fputc                                    0x08002ed9   Thumb Code    24  usart_debug.o(i.fputc)
    keyboard_Data_Setup                      0x08002ef5   Thumb Code   108  usb_prop.o(i.keyboard_Data_Setup)
    keyboard_GetConfigDescriptor             0x08002f71   Thumb Code    14  usb_prop.o(i.keyboard_GetConfigDescriptor)
    keyboard_GetDeviceDescriptor             0x08002f85   Thumb Code    14  usb_prop.o(i.keyboard_GetDeviceDescriptor)
    keyboard_GetHIDDescriptor                0x08002f99   Thumb Code    14  usb_prop.o(i.keyboard_GetHIDDescriptor)
    keyboard_GetProtocolValue                0x08002fad   Thumb Code    20  usb_prop.o(i.keyboard_GetProtocolValue)
    keyboard_GetReportDescriptor             0x08002fc9   Thumb Code    14  usb_prop.o(i.keyboard_GetReportDescriptor)
    keyboard_GetStringDescriptor             0x08002fdd   Thumb Code    32  usb_prop.o(i.keyboard_GetStringDescriptor)
    keyboard_Get_Interface_Setting           0x08003005   Thumb Code    22  usb_prop.o(i.keyboard_Get_Interface_Setting)
    keyboard_NoData_Setup                    0x0800301d   Thumb Code    32  usb_prop.o(i.keyboard_NoData_Setup)
    keyboard_Reset                           0x08003041   Thumb Code   148  usb_prop.o(i.keyboard_Reset)
    keyboard_SetConfiguration                0x080030e5   Thumb Code    14  usb_prop.o(i.keyboard_SetConfiguration)
    keyboard_SetDeviceAddress                0x080030fd   Thumb Code     8  usb_prop.o(i.keyboard_SetDeviceAddress)
    keyboard_SetProtocol                     0x08003109   Thumb Code    14  usb_prop.o(i.keyboard_SetProtocol)
    keyboard_Status_In                       0x08003121   Thumb Code     2  usb_prop.o(i.keyboard_Status_In)
    keyboard_Status_Out                      0x08003123   Thumb Code     2  usb_prop.o(i.keyboard_Status_Out)
    keyboard_init                            0x08003125   Thumb Code    30  usb_prop.o(i.keyboard_init)
    main                                     0x0800314d   Thumb Code   174  main.o(i.main)
    TX_ADDRESS                               0x0800322c   Data           5  si24r1.o(.constdata)
    RX_ADDRESS                               0x08003231   Data           5  si24r1.o(.constdata)
    keyboard_DeviceDescriptor                0x08003236   Data          18  usb_desc.o(.constdata)
    keyboard_ConfigDescriptor                0x08003248   Data          41  usb_desc.o(.constdata)
    keyboard_ReportDescriptor                0x08003271   Data          61  usb_desc.o(.constdata)
    keyboard_StringLangID                    0x080032ae   Data           4  usb_desc.o(.constdata)
    keyboard_StringVendor                    0x080032b2   Data          34  usb_desc.o(.constdata)
    keyboard_StringProduct                   0x080032d4   Data          26  usb_desc.o(.constdata)
    Region$$Table$$Base                      0x080032f0   Number         0  anon$$obj.o(Region$$Table)
    Region$$Table$$Limit                     0x08003310   Number         0  anon$$obj.o(Region$$Table)
    PrevXferComplete                         0x20000000   Data           1  main.o(.data)
    Fac_Us                                   0x20000002   Data           1  delay.o(.data)
    Fac_Ms                                   0x20000004   Data           2  delay.o(.data)
    __stdout                                 0x20000008   Data           4  usart_debug.o(.data)
    OnOff_Dectect_Key                        0x2000000c   Data           1  power.o(.data)
    time_10us                                0x20000010   Data           4  time.o(.data)
    WS2812B_DMA_Tx_Finish                    0x20000014   Data           1  ws2812b.o(.data)
    NRF24L_Tx_Rx_Sta                         0x20000015   Data           1  si24r1.o(.data)
    keyboard_StringSerial                    0x2000002a   Data          26  usb_desc.o(.data)
    wIstr                                    0x20000044   Data           2  usb_istr.o(.data)
    bIntPackSOF                              0x20000046   Data           1  usb_istr.o(.data)
    esof_counter                             0x20000048   Data           4  usb_istr.o(.data)
    wCNTR                                    0x2000004c   Data           4  usb_istr.o(.data)
    pEpInt_IN                                0x20000050   Data          28  usb_istr.o(.data)
    pEpInt_OUT                               0x2000006c   Data          28  usb_istr.o(.data)
    ProtocolValue                            0x20000088   Data           4  usb_prop.o(.data)
    Device_Table                             0x2000008c   Data           2  usb_prop.o(.data)
    Device_Property                          0x20000090   Data          48  usb_prop.o(.data)
    User_Standard_Requests                   0x200000c0   Data          36  usb_prop.o(.data)
    Device_Descriptor                        0x200000e4   Data           8  usb_prop.o(.data)
    Config_Descriptor                        0x200000ec   Data           8  usb_prop.o(.data)
    keyboard_Report_Descriptor               0x200000f4   Data           8  usb_prop.o(.data)
    Mouse_Hid_Descriptor                     0x200000fc   Data           8  usb_prop.o(.data)
    String_Descriptor                        0x20000104   Data          32  usb_prop.o(.data)
    bDeviceState                             0x20000124   Data           4  usb_pwr.o(.data)
    fSuspendEnabled                          0x20000128   Data           1  usb_pwr.o(.data)
    ResumeS                                  0x20000129   Data           2  usb_pwr.o(.data)
    remotewakeupon                           0x2000012c   Data           4  usb_pwr.o(.data)
    StatusInfo                               0x20000130   Data           2  usb_core.o(.data)
    DevRemoteWakeup                          0x20000134   Data           4  usb_core.o(.data)
    Data_Mul_MaxPacketSize                   0x20000138   Data           1  usb_core.o(.data)
    EPindex                                  0x2000013c   Data           1  usb_init.o(.data)
    pInformation                             0x20000140   Data           4  usb_init.o(.data)
    pProperty                                0x20000144   Data           4  usb_init.o(.data)
    SaveState                                0x20000148   Data           2  usb_init.o(.data)
    wInterrupt_Mask                          0x2000014a   Data           2  usb_init.o(.data)
    pUser_Standard_Requests                  0x2000014c   Data           4  usb_init.o(.data)
    SaveRState                               0x20000150   Data           2  usb_int.o(.data)
    SaveTState                               0x20000152   Data           2  usb_int.o(.data)
    WS2812B_ALL_COLOR                        0x20000154   Data          16  ws2812b.o(.bss)
    frame                                    0x20000164   Data         194  ws2812b.o(.bss)
    NRF24L_Rx_Buf                            0x20000226   Data          32  si24r1.o(.bss)
    NRF24L_Tx_Buf                            0x20000246   Data          32  si24r1.o(.bss)
    EP                                       0x20000268   Data          32  usb_pwr.o(.bss)
    Device_Info                              0x20000288   Data          28  usb_init.o(.bss)
    __initial_sp                             0x200006a8   Data           0  startup_stm32f10x_md.o(STACK)



==============================================================================

Memory Map of the image

  Image Entry point : 0x080000ed

  Load Region LR_IROM1 (Base: 0x08000000, Size: 0x00003464, Max: 0x00010000, ABSOLUTE, COMPRESSED[0x0000339c])

    Execution Region ER_IROM1 (Exec base: 0x08000000, Load base: 0x08000000, Size: 0x00003310, Max: 0x00010000, ABSOLUTE)

    Exec Addr    Load Addr    Size         Type   Attr      Idx    E Section Name        Object

    0x08000000   0x08000000   0x000000ec   Data   RO          573    RESET               startup_stm32f10x_md.o
    0x080000ec   0x080000ec   0x00000000   Code   RO         3055  * .ARM.Collect$$$$00000000  mc_w.l(entry.o)
    0x080000ec   0x080000ec   0x00000004   Code   RO         3321    .ARM.Collect$$$$00000001  mc_w.l(entry2.o)
    0x080000f0   0x080000f0   0x00000004   Code   RO         3324    .ARM.Collect$$$$00000004  mc_w.l(entry5.o)
    0x080000f4   0x080000f4   0x00000000   Code   RO         3326    .ARM.Collect$$$$00000008  mc_w.l(entry7b.o)
    0x080000f4   0x080000f4   0x00000000   Code   RO         3328    .ARM.Collect$$$$0000000A  mc_w.l(entry8b.o)
    0x080000f4   0x080000f4   0x00000008   Code   RO         3329    .ARM.Collect$$$$0000000B  mc_w.l(entry9a.o)
    0x080000fc   0x080000fc   0x00000000   Code   RO         3331    .ARM.Collect$$$$0000000D  mc_w.l(entry10a.o)
    0x080000fc   0x080000fc   0x00000000   Code   RO         3333    .ARM.Collect$$$$0000000F  mc_w.l(entry11a.o)
    0x080000fc   0x080000fc   0x00000004   Code   RO         3322    .ARM.Collect$$$$00002712  mc_w.l(entry2.o)
    0x08000100   0x08000100   0x00000024   Code   RO          574    .text               startup_stm32f10x_md.o
    0x08000124   0x08000124   0x00000024   Code   RO         3350    .text               mc_w.l(init.o)
    0x08000148   0x08000148   0x00000056   Code   RO         3368    .text               mc_w.l(__dczerorl2.o)
    0x0800019e   0x0800019e   0x00000016   Code   RO         1780    i.ADC_Cmd           stm32f10x_adc.o
    0x080001b4   0x080001b4   0x0000005c   Code   RO         1782    i.ADC_DeInit        stm32f10x_adc.o
    0x08000210   0x08000210   0x00000014   Code   RO         1788    i.ADC_GetCalibrationStatus  stm32f10x_adc.o
    0x08000224   0x08000224   0x00000014   Code   RO         1794    i.ADC_GetResetCalibrationStatus  stm32f10x_adc.o
    0x08000238   0x08000238   0x00000050   Code   RO         1798    i.ADC_Init          stm32f10x_adc.o
    0x08000288   0x08000288   0x0000000a   Code   RO         1803    i.ADC_ResetCalibration  stm32f10x_adc.o
    0x08000292   0x08000292   0x0000000a   Code   RO         1807    i.ADC_StartCalibration  stm32f10x_adc.o
    0x0800029c   0x0800029c   0x00000094   Code   RO          388    i.Adc_Init          adc.o
    0x08000330   0x08000330   0x0000000c   Code   RO         2671    i.ByteSwap          usb_regs.o
    0x0800033c   0x0800033c   0x00000288   Code   RO         2624    i.CTR_LP            usb_int.o
    0x080005c4   0x080005c4   0x0000002c   Code   RO          289    i.Charge_Full_IO_Init  power.o
    0x080005f0   0x080005f0   0x00000034   Code   RO         2672    i.ClearDTOG_RX      usb_regs.o
    0x08000624   0x08000624   0x00000034   Code   RO         2673    i.ClearDTOG_TX      usb_regs.o
    0x08000658   0x08000658   0x00000028   Code   RO         2678    i.Clear_Status_Out  usb_regs.o
    0x08000680   0x08000680   0x00000048   Code   RO          356    i.DMA1_Channel2_IRQHandler  ws2812b.o
    0x080006c8   0x080006c8   0x0000001c   Code   RO         2141    i.DMA_ClearITPendingBit  stm32f10x_dma.o
    0x080006e4   0x080006e4   0x00000018   Code   RO         2142    i.DMA_Cmd           stm32f10x_dma.o
    0x080006fc   0x080006fc   0x0000014c   Code   RO         2143    i.DMA_DeInit        stm32f10x_dma.o
    0x08000848   0x08000848   0x0000002c   Code   RO         2146    i.DMA_GetITStatus   stm32f10x_dma.o
    0x08000874   0x08000874   0x00000012   Code   RO         2147    i.DMA_ITConfig      stm32f10x_dma.o
    0x08000886   0x08000886   0x0000003c   Code   RO         2148    i.DMA_Init          stm32f10x_dma.o
    0x080008c2   0x080008c2   0x00000002   PAD
    0x080008c4   0x080008c4   0x000000c0   Code   RO         2481    i.DataStageIn       usb_core.o
    0x08000984   0x08000984   0x000000e0   Code   RO         2482    i.DataStageOut      usb_core.o
    0x08000a64   0x08000a64   0x00000298   Code   RO         2483    i.Data_Setup0       usb_core.o
    0x08000cfc   0x08000cfc   0x00000034   Code   RO          204    i.Delay_Init        delay.o
    0x08000d30   0x08000d30   0x00000030   Code   RO          205    i.Delay_Ms          delay.o
    0x08000d60   0x08000d60   0x00000030   Code   RO          206    i.Delay_Us          delay.o
    0x08000d90   0x08000d90   0x0000000c   Code   RO         2294    i.EP1_IN_Callback   usb_endp.o
    0x08000d9c   0x08000d9c   0x0000005c   Code   RO          290    i.EXTI0_IRQHandler  power.o
    0x08000df8   0x08000df8   0x00000070   Code   RO          492    i.EXTI4_IRQHandler  si24r1.o
    0x08000e68   0x08000e68   0x0000000c   Code   RO         1173    i.EXTI_ClearITPendingBit  stm32f10x_exti.o
    0x08000e74   0x08000e74   0x00000028   Code   RO         1177    i.EXTI_GetITStatus  stm32f10x_exti.o
    0x08000e9c   0x08000e9c   0x00000094   Code   RO         1178    i.EXTI_Init         stm32f10x_exti.o
    0x08000f30   0x08000f30   0x00000040   Code   RO          681    i.GPIO_EXTILineConfig  stm32f10x_gpio.o
    0x08000f70   0x08000f70   0x00000116   Code   RO          684    i.GPIO_Init         stm32f10x_gpio.o
    0x08001086   0x08001086   0x00000002   PAD
    0x08001088   0x08001088   0x00000090   Code   RO          686    i.GPIO_PinRemapConfig  stm32f10x_gpio.o
    0x08001118   0x08001118   0x00000004   Code   RO          692    i.GPIO_SetBits      stm32f10x_gpio.o
    0x0800111c   0x0800111c   0x00000020   Code   RO         2690    i.GetEPRxAddr       usb_regs.o
    0x0800113c   0x0800113c   0x00000020   Code   RO         2693    i.GetEPTxAddr       usb_regs.o
    0x0800115c   0x0800115c   0x00000034   Code   RO         2212    i.Get_SerialNum     hw_config.o
    0x08001190   0x08001190   0x00000070   Code   RO         2484    i.In0_Process       usb_core.o
    0x08001200   0x08001200   0x0000003e   Code   RO         2213    i.IntToUnicode      hw_config.o
    0x0800123e   0x0800123e   0x00000002   PAD
    0x08001240   0x08001240   0x00000034   Code   RO          234    i.Led_Init          led.o
    0x08001274   0x08001274   0x00000002   Code   RO         2485    i.NOP_Process       usb_core.o
    0x08001276   0x08001276   0x00000002   PAD
    0x08001278   0x08001278   0x0000004c   Code   RO          493    i.NRF24L01_Check    si24r1.o
    0x080012c4   0x080012c4   0x0000006c   Code   RO          494    i.NRF24L01_Exti_Init  si24r1.o
    0x08001330   0x08001330   0x000000ec   Code   RO          495    i.NRF24L01_Init     si24r1.o
    0x0800141c   0x0800141c   0x00000028   Code   RO          496    i.NRF24L01_RX_Mode  si24r1.o
    0x08001444   0x08001444   0x0000003c   Code   RO          497    i.NRF24L01_Read_Buf  si24r1.o
    0x08001480   0x08001480   0x0000002c   Code   RO          498    i.NRF24L01_Read_Reg  si24r1.o
    0x080014ac   0x080014ac   0x00000024   Code   RO          499    i.NRF24L01_TX_Mode  si24r1.o
    0x080014d0   0x080014d0   0x0000002c   Code   RO          500    i.NRF24L01_TxPacket  si24r1.o
    0x080014fc   0x080014fc   0x0000003c   Code   RO          501    i.NRF24L01_Write_Buf  si24r1.o
    0x08001538   0x08001538   0x00000030   Code   RO          502    i.NRF24L01_Write_Reg  si24r1.o
    0x08001568   0x08001568   0x00000070   Code   RO          642    i.NVIC_Init         misc.o
    0x080015d8   0x080015d8   0x00000014   Code   RO          643    i.NVIC_PriorityGroupConfig  misc.o
    0x080015ec   0x080015ec   0x00000140   Code   RO         2486    i.NoData_Setup0     usb_core.o
    0x0800172c   0x0800172c   0x0000006c   Code   RO          291    i.OnOff_Dectect_Key_Init  power.o
    0x08001798   0x08001798   0x00000050   Code   RO         2487    i.Out0_Process      usb_core.o
    0x080017e8   0x080017e8   0x00000028   Code   RO         2653    i.PMAToUserBufferCopy  usb_mem.o
    0x08001810   0x08001810   0x0000002c   Code   RO          292    i.PWR_ONOFF_Init    power.o
    0x0800183c   0x0800183c   0x00000048   Code   RO         2488    i.Post0_Process     usb_core.o
    0x08001884   0x08001884   0x00000050   Code   RO         2439    i.PowerOn           usb_pwr.o
    0x080018d4   0x080018d4   0x00000024   Code   RO          293    i.Power_Init        power.o
    0x080018f8   0x080018f8   0x00000018   Code   RO          792    i.RCC_ADCCLKConfig  stm32f10x_rcc.o
    0x08001910   0x08001910   0x00000020   Code   RO          793    i.RCC_AHBPeriphClockCmd  stm32f10x_rcc.o
    0x08001930   0x08001930   0x00000020   Code   RO          794    i.RCC_APB1PeriphClockCmd  stm32f10x_rcc.o
    0x08001950   0x08001950   0x00000020   Code   RO          796    i.RCC_APB2PeriphClockCmd  stm32f10x_rcc.o
    0x08001970   0x08001970   0x00000020   Code   RO          797    i.RCC_APB2PeriphResetCmd  stm32f10x_rcc.o
    0x08001990   0x08001990   0x000000d4   Code   RO          804    i.RCC_GetClocksFreq  stm32f10x_rcc.o
    0x08001a64   0x08001a64   0x000000d0   Code   RO         2440    i.Resume            usb_pwr.o
    0x08001b34   0x08001b34   0x0000001c   Code   RO         2441    i.Resume_Init       usb_pwr.o
    0x08001b50   0x08001b50   0x00000088   Code   RO          465    i.SPI1_Init         spi1.o
    0x08001bd8   0x08001bd8   0x00000054   Code   RO          466    i.SPI1_ReadWriteByte  spi1.o
    0x08001c2c   0x08001c2c   0x00000018   Code   RO         2001    i.SPI_Cmd           stm32f10x_spi.o
    0x08001c44   0x08001c44   0x00000012   Code   RO         2009    i.SPI_I2S_GetFlagStatus  stm32f10x_spi.o
    0x08001c56   0x08001c56   0x00000006   Code   RO         2012    i.SPI_I2S_ReceiveData  stm32f10x_spi.o
    0x08001c5c   0x08001c5c   0x00000004   Code   RO         2013    i.SPI_I2S_SendData  stm32f10x_spi.o
    0x08001c60   0x08001c60   0x0000003c   Code   RO         2014    i.SPI_Init          stm32f10x_spi.o
    0x08001c9c   0x08001c9c   0x00000010   Code   RO         2701    i.SetBTABLE         usb_regs.o
    0x08001cac   0x08001cac   0x00000050   Code   RO         2489    i.SetDeviceAddress  usb_core.o
    0x08001cfc   0x08001cfc   0x00000024   Code   RO         2715    i.SetEPRxAddr       usb_regs.o
    0x08001d20   0x08001d20   0x0000004c   Code   RO         2716    i.SetEPRxCount      usb_regs.o
    0x08001d6c   0x08001d6c   0x00000040   Code   RO         2717    i.SetEPRxStatus     usb_regs.o
    0x08001dac   0x08001dac   0x00000034   Code   RO         2718    i.SetEPRxValid      usb_regs.o
    0x08001de0   0x08001de0   0x00000020   Code   RO         2719    i.SetEPTxAddr       usb_regs.o
    0x08001e00   0x08001e00   0x0000001c   Code   RO         2720    i.SetEPTxCount      usb_regs.o
    0x08001e1c   0x08001e1c   0x00000040   Code   RO         2721    i.SetEPTxStatus     usb_regs.o
    0x08001e5c   0x08001e5c   0x00000024   Code   RO         2723    i.SetEPType         usb_regs.o
    0x08001e80   0x08001e80   0x0000000c   Code   RO         2725    i.SetISTR           usb_regs.o
    0x08001e8c   0x08001e8c   0x00000008   Code   RO          579    i.SetSysClock       system_stm32f10x.o
    0x08001e94   0x08001e94   0x000000e0   Code   RO          580    i.SetSysClockTo72   system_stm32f10x.o
    0x08001f74   0x08001f74   0x000000b8   Code   RO         2490    i.Setup0_Process    usb_core.o
    0x0800202c   0x0800202c   0x0000016c   Code   RO         2491    i.Standard_ClearFeature  usb_core.o
    0x08002198   0x08002198   0x0000002c   Code   RO         2492    i.Standard_GetConfiguration  usb_core.o
    0x080021c4   0x080021c4   0x00000024   Code   RO         2493    i.Standard_GetDescriptorData  usb_core.o
    0x080021e8   0x080021e8   0x0000002c   Code   RO         2494    i.Standard_GetInterface  usb_core.o
    0x08002214   0x08002214   0x00000100   Code   RO         2495    i.Standard_GetStatus  usb_core.o
    0x08002314   0x08002314   0x00000048   Code   RO         2496    i.Standard_SetConfiguration  usb_core.o
    0x0800235c   0x0800235c   0x00000028   Code   RO         2497    i.Standard_SetDeviceFeature  usb_core.o
    0x08002384   0x08002384   0x000000d0   Code   RO         2498    i.Standard_SetEndPointFeature  usb_core.o
    0x08002454   0x08002454   0x0000006c   Code   RO         2499    i.Standard_SetInterface  usb_core.o
    0x080024c0   0x080024c0   0x00000094   Code   RO         2442    i.Suspend           usb_pwr.o
    0x08002554   0x08002554   0x00000028   Code   RO          646    i.SysTick_CLKSourceConfig  misc.o
    0x0800257c   0x0800257c   0x00000060   Code   RO          582    i.SystemInit        system_stm32f10x.o
    0x080025dc   0x080025dc   0x00000028   Code   RO          332    i.TIM3_IRQHandler   time.o
    0x08002604   0x08002604   0x00000006   Code   RO         1237    i.TIM_ClearITPendingBit  stm32f10x_tim.o
    0x0800260a   0x0800260a   0x00000018   Code   RO         1242    i.TIM_Cmd           stm32f10x_tim.o
    0x08002622   0x08002622   0x00000002   PAD
    0x08002624   0x08002624   0x0000005c   Code   RO          333    i.TIM_DELAY_Init    time.o
    0x08002680   0x08002680   0x00000012   Code   RO         1245    i.TIM_DMACmd        stm32f10x_tim.o
    0x08002692   0x08002692   0x00000022   Code   RO         1263    i.TIM_GetITStatus   stm32f10x_tim.o
    0x080026b4   0x080026b4   0x00000012   Code   RO         1267    i.TIM_ITConfig      stm32f10x_tim.o
    0x080026c6   0x080026c6   0x00000002   PAD
    0x080026c8   0x080026c8   0x00000098   Code   RO         1271    i.TIM_OC1Init       stm32f10x_tim.o
    0x08002760   0x08002760   0x00000012   Code   RO         1274    i.TIM_OC1PreloadConfig  stm32f10x_tim.o
    0x08002772   0x08002772   0x00000002   PAD
    0x08002774   0x08002774   0x000000a4   Code   RO         1313    i.TIM_TimeBaseInit  stm32f10x_tim.o
    0x08002818   0x08002818   0x00000024   Code   RO          249    i.USART1_IRQHandler  usart_debug.o
    0x0800283c   0x0800283c   0x00000018   Code   RO          996    i.USART_Cmd         stm32f10x_usart.o
    0x08002854   0x08002854   0x00000054   Code   RO         1000    i.USART_GetITStatus  stm32f10x_usart.o
    0x080028a8   0x080028a8   0x0000004a   Code   RO         1002    i.USART_ITConfig    stm32f10x_usart.o
    0x080028f2   0x080028f2   0x00000002   PAD
    0x080028f4   0x080028f4   0x000000d8   Code   RO         1003    i.USART_Init        stm32f10x_usart.o
    0x080029cc   0x080029cc   0x0000000a   Code   RO         1010    i.USART_ReceiveData  stm32f10x_usart.o
    0x080029d6   0x080029d6   0x00000008   Code   RO         1013    i.USART_SendData    stm32f10x_usart.o
    0x080029de   0x080029de   0x00000002   Code   RO         2217    i.USB_Cable_Config  hw_config.o
    0x080029e0   0x080029e0   0x000001cc   Code   RO         2307    i.USB_Istr          usb_istr.o
    0x08002bac   0x08002bac   0x00000008   Code   RO         2219    i.USB_LP_CAN1_RX0_IRQHandler  hw_config.o
    0x08002bb4   0x08002bb4   0x00000024   Code   RO         3031    i.USB_SIL_Init      usb_sil.o
    0x08002bd8   0x08002bd8   0x000000a0   Code   RO          250    i.Usart_Debug_Init  usart_debug.o
    0x08002c78   0x08002c78   0x00000038   Code   RO         2654    i.UserToPMABufferCopy  usb_mem.o
    0x08002cb0   0x08002cb0   0x00000114   Code   RO          357    i.WS2812_Init       ws2812b.o
    0x08002dc4   0x08002dc4   0x00000020   Code   RO         3127    i.__0printf$2       mc_w.l(printf2.o)
    0x08002de4   0x08002de4   0x0000000e   Code   RO         3362    i.__scatterload_copy  mc_w.l(handlers.o)
    0x08002df2   0x08002df2   0x00000002   Code   RO         3363    i.__scatterload_null  mc_w.l(handlers.o)
    0x08002df4   0x08002df4   0x0000000e   Code   RO         3364    i.__scatterload_zeroinit  mc_w.l(handlers.o)
    0x08002e02   0x08002e02   0x000000d6   Code   RO         3134    i._printf_core      mc_w.l(printf2.o)
    0x08002ed8   0x08002ed8   0x0000001c   Code   RO          252    i.fputc             usart_debug.o
    0x08002ef4   0x08002ef4   0x0000007c   Code   RO         2325    i.keyboard_Data_Setup  usb_prop.o
    0x08002f70   0x08002f70   0x00000014   Code   RO         2326    i.keyboard_GetConfigDescriptor  usb_prop.o
    0x08002f84   0x08002f84   0x00000014   Code   RO         2327    i.keyboard_GetDeviceDescriptor  usb_prop.o
    0x08002f98   0x08002f98   0x00000014   Code   RO         2328    i.keyboard_GetHIDDescriptor  usb_prop.o
    0x08002fac   0x08002fac   0x0000001c   Code   RO         2329    i.keyboard_GetProtocolValue  usb_prop.o
    0x08002fc8   0x08002fc8   0x00000014   Code   RO         2330    i.keyboard_GetReportDescriptor  usb_prop.o
    0x08002fdc   0x08002fdc   0x00000028   Code   RO         2331    i.keyboard_GetStringDescriptor  usb_prop.o
    0x08003004   0x08003004   0x00000016   Code   RO         2332    i.keyboard_Get_Interface_Setting  usb_prop.o
    0x0800301a   0x0800301a   0x00000002   PAD
    0x0800301c   0x0800301c   0x00000024   Code   RO         2333    i.keyboard_NoData_Setup  usb_prop.o
    0x08003040   0x08003040   0x000000a4   Code   RO         2334    i.keyboard_Reset    usb_prop.o
    0x080030e4   0x080030e4   0x00000018   Code   RO         2335    i.keyboard_SetConfiguration  usb_prop.o
    0x080030fc   0x080030fc   0x0000000c   Code   RO         2336    i.keyboard_SetDeviceAddress  usb_prop.o
    0x08003108   0x08003108   0x00000018   Code   RO         2337    i.keyboard_SetProtocol  usb_prop.o
    0x08003120   0x08003120   0x00000002   Code   RO         2338    i.keyboard_Status_In  usb_prop.o
    0x08003122   0x08003122   0x00000002   Code   RO         2339    i.keyboard_Status_Out  usb_prop.o
    0x08003124   0x08003124   0x00000028   Code   RO         2340    i.keyboard_init     usb_prop.o
    0x0800314c   0x0800314c   0x000000e0   Code   RO            1    i.main              main.o
    0x0800322c   0x0800322c   0x0000000a   Data   RO          504    .constdata          si24r1.o
    0x08003236   0x08003236   0x000000b8   Data   RO         2281    .constdata          usb_desc.o
    0x080032ee   0x080032ee   0x00000002   PAD
    0x080032f0   0x080032f0   0x00000020   Data   RO         3360    Region$$Table       anon$$obj.o


    Execution Region RW_IRAM1 (Exec base: 0x20000000, Load base: 0x08003310, Size: 0x000006a8, Max: 0x00005000, ABSOLUTE, COMPRESSED[0x0000008c])

    Exec Addr    Load Addr    Size         Type   Attr      Idx    E Section Name        Object

    0x20000000   COMPRESSED   0x00000001   Data   RW            2    .data               main.o
    0x20000001   COMPRESSED   0x00000001   PAD
    0x20000002   COMPRESSED   0x00000004   Data   RW          207    .data               delay.o
    0x20000006   COMPRESSED   0x00000002   PAD
    0x20000008   COMPRESSED   0x00000004   Data   RW          253    .data               usart_debug.o
    0x2000000c   COMPRESSED   0x00000002   Data   RW          294    .data               power.o
    0x2000000e   COMPRESSED   0x00000002   PAD
    0x20000010   COMPRESSED   0x00000004   Data   RW          334    .data               time.o
    0x20000014   COMPRESSED   0x00000001   Data   RW          361    .data               ws2812b.o
    0x20000015   COMPRESSED   0x00000001   Data   RW          505    .data               si24r1.o
    0x20000016   COMPRESSED   0x00000014   Data   RW          824    .data               stm32f10x_rcc.o
    0x2000002a   COMPRESSED   0x0000001a   Data   RW         2282    .data               usb_desc.o
    0x20000044   COMPRESSED   0x00000044   Data   RW         2308    .data               usb_istr.o
    0x20000088   COMPRESSED   0x0000009c   Data   RW         2341    .data               usb_prop.o
    0x20000124   COMPRESSED   0x0000000c   Data   RW         2444    .data               usb_pwr.o
    0x20000130   COMPRESSED   0x00000009   Data   RW         2500    .data               usb_core.o
    0x20000139   COMPRESSED   0x00000003   PAD
    0x2000013c   COMPRESSED   0x00000014   Data   RW         2602    .data               usb_init.o
    0x20000150   COMPRESSED   0x00000004   Data   RW         2625    .data               usb_int.o
    0x20000154        -       0x000000d2   Zero   RW          359    .bss                ws2812b.o
    0x20000226        -       0x00000040   Zero   RW          503    .bss                si24r1.o
    0x20000266   COMPRESSED   0x00000002   PAD
    0x20000268        -       0x00000020   Zero   RW         2443    .bss                usb_pwr.o
    0x20000288        -       0x0000001c   Zero   RW         2601    .bss                usb_init.o
    0x200002a4   COMPRESSED   0x00000004   PAD
    0x200002a8        -       0x00000400   Zero   RW          571    STACK               startup_stm32f10x_md.o


==============================================================================

Image component sizes


      Code (inc. data)   RO Data    RW Data    ZI Data      Debug   Object Name

       148         10          0          0          0        651   adc.o
       148         18          0          4          0       1855   delay.o
       124         10          0          0          0       2851   hw_config.o
        52          8          0          0          0        535   led.o
       224         50          0          1          0     285629   main.o
       172         22          0          0          0       2457   misc.o
       324         50          0          2          0       3556   power.o
       864        132         10          1         64       7837   si24r1.o
       220         14          0          0          0       1345   spi1.o
        36          8        236          0       1024        900   startup_stm32f10x_md.o
       254         24          0          0          0       6783   stm32f10x_adc.o
       506         26          0          0          0       5831   stm32f10x_dma.o
       200         18          0          0          0       2512   stm32f10x_exti.o
       490         10          0          0          0       4451   stm32f10x_gpio.o
       364         50          0         20          0       6882   stm32f10x_rcc.o
       112          0          0          0          0       4430   stm32f10x_spi.o
       434         62          0          0          0       6340   stm32f10x_tim.o
       416          6          0          0          0       6235   stm32f10x_usart.o
       328         28          0          0          0       2185   system_stm32f10x.o
       132         12          0          4          0       1743   time.o
       224         16          0          4          0       3897   usart_debug.o
      3102        294          0          9          0      16123   usb_core.o
         0          0        184         26          0       1121   usb_desc.o
        12          4          0          0          0        494   usb_endp.o
         0          0          0         20         28       3847   usb_init.o
       648         32          0          4          0       1964   usb_int.o
       460         38          0         68          0       1703   usb_istr.o
        96         10          0          0          0       2012   usb_mem.o
       598        110          0        156          0      13452   usb_prop.o
       464         50          0         12         32       4048   usb_pwr.o
       636         92          0          0          0      10431   usb_regs.o
        36          8          0          0          0        563   usb_sil.o
       348         34          0          1        210       2271   ws2812b.o

    ----------------------------------------------------------------------
     12190       1246        464        340       1364     416934   Object Totals
         0          0         32          0          0          0   (incl. Generated)
        18          0          2          8          6          0   (incl. Padding)

    ----------------------------------------------------------------------

      Code (inc. data)   RO Data    RW Data    ZI Data      Debug   Library Member Name

        86          0          0          0          0          0   __dczerorl2.o
         0          0          0          0          0          0   entry.o
         0          0          0          0          0          0   entry10a.o
         0          0          0          0          0          0   entry11a.o
         8          4          0          0          0          0   entry2.o
         4          0          0          0          0          0   entry5.o
         0          0          0          0          0          0   entry7b.o
         0          0          0          0          0          0   entry8b.o
         8          4          0          0          0          0   entry9a.o
        30          0          0          0          0          0   handlers.o
        36          8          0          0          0         68   init.o
       246         10          0          0          0        176   printf2.o

    ----------------------------------------------------------------------
       418         26          0          0          0        244   Library Totals
         0          0          0          0          0          0   (incl. Padding)

    ----------------------------------------------------------------------

      Code (inc. data)   RO Data    RW Data    ZI Data      Debug   Library Name

       418         26          0          0          0        244   mc_w.l

    ----------------------------------------------------------------------
       418         26          0          0          0        244   Library Totals

    ----------------------------------------------------------------------

==============================================================================


      Code (inc. data)   RO Data    RW Data    ZI Data      Debug   

     12608       1272        464        340       1364     409922   Grand Totals
     12608       1272        464        140       1364     409922   ELF Image Totals (compressed)
     12608       1272        464        140          0          0   ROM Totals

==============================================================================

    Total RO  Size (Code + RO Data)                13072 (  12.77kB)
    Total RW  Size (RW Data + ZI Data)              1704 (   1.66kB)
    Total ROM Size (Code + RO Data + RW Data)      13212 (  12.90kB)

==============================================================================

