Component: ARM Compiler 5.06 update 6 (build 750) Tool: armlink [4d35ed]

==============================================================================

Section Cross References

    main.o(i.main) refers to stm32f10x_rcc.o(i.RCC_APB2PeriphClockCmd) for RCC_APB2PeriphClockCmd
    main.o(i.main) refers to stm32f10x_gpio.o(i.GPIO_PinRemapConfig) for GPIO_PinRemapConfig
    main.o(i.main) refers to misc.o(i.NVIC_PriorityGroupConfig) for NVIC_PriorityGroupConfig
    main.o(i.main) refers to delay.o(i.Delay_Init) for Delay_Init
    main.o(i.main) refers to usart_debug.o(i.Usart_Debug_Init) for Usart_Debug_Init
    main.o(i.main) refers to led.o(i.Led_Init) for Led_Init
    main.o(i.main) refers to time.o(i.TIM_DELAY_Init) for TIM_DELAY_Init
    main.o(i.main) refers to ws2812b.o(i.WS2812_Init) for WS2812_Init
    main.o(i.main) refers to adc.o(i.Adc_Init) for Adc_Init
    main.o(i.main) refers to power.o(i.Power_Init) for Power_Init
    main.o(i.main) refers to si24r1.o(i.NRF24L01_Init) for NRF24L01_Init
    main.o(i.main) refers to printfb.o(i.__0printf$bare) for __2printf
    main.o(i.main) refers to delay.o(i.Delay_Ms) for Delay_Ms
    main.o(i.main) refers to si24r1.o(.bss) for NRF24L_Rx_Buf
    delay.o(i.Delay_Init) refers to misc.o(i.SysTick_CLKSourceConfig) for SysTick_CLKSourceConfig
    delay.o(i.Delay_Init) refers to delay.o(.data) for Fac_Us
    delay.o(i.Delay_Ms) refers to delay.o(.data) for Fac_Ms
    delay.o(i.Delay_Us) refers to delay.o(.data) for Fac_Us
    led.o(i.Led_Init) refers to stm32f10x_rcc.o(i.RCC_APB2PeriphClockCmd) for RCC_APB2PeriphClockCmd
    led.o(i.Led_Init) refers to stm32f10x_gpio.o(i.GPIO_Init) for GPIO_Init
    usart_debug.o(i.USART1_IRQHandler) refers to stm32f10x_usart.o(i.USART_GetITStatus) for USART_GetITStatus
    usart_debug.o(i.USART1_IRQHandler) refers to stm32f10x_usart.o(i.USART_ReceiveData) for USART_ReceiveData
    usart_debug.o(i.USART1_IRQHandler) refers to stm32f10x_usart.o(i.USART_SendData) for USART_SendData
    usart_debug.o(i.Usart_Debug_Init) refers to stm32f10x_rcc.o(i.RCC_APB2PeriphClockCmd) for RCC_APB2PeriphClockCmd
    usart_debug.o(i.Usart_Debug_Init) refers to stm32f10x_gpio.o(i.GPIO_Init) for GPIO_Init
    usart_debug.o(i.Usart_Debug_Init) refers to misc.o(i.NVIC_Init) for NVIC_Init
    usart_debug.o(i.Usart_Debug_Init) refers to stm32f10x_usart.o(i.USART_Init) for USART_Init
    usart_debug.o(i.Usart_Debug_Init) refers to stm32f10x_usart.o(i.USART_ITConfig) for USART_ITConfig
    usart_debug.o(i.Usart_Debug_Init) refers to stm32f10x_usart.o(i.USART_Cmd) for USART_Cmd
    power.o(i.Charge_Full_IO_Init) refers to stm32f10x_rcc.o(i.RCC_APB2PeriphClockCmd) for RCC_APB2PeriphClockCmd
    power.o(i.Charge_Full_IO_Init) refers to stm32f10x_gpio.o(i.GPIO_Init) for GPIO_Init
    power.o(i.EXTI0_IRQHandler) refers to stm32f10x_exti.o(i.EXTI_GetITStatus) for EXTI_GetITStatus
    power.o(i.EXTI0_IRQHandler) refers to stm32f10x_exti.o(i.EXTI_ClearITPendingBit) for EXTI_ClearITPendingBit
    power.o(i.EXTI0_IRQHandler) refers to time.o(.data) for time_10us
    power.o(i.EXTI0_IRQHandler) refers to power.o(.data) for OnOff_Dectect_Key
    power.o(i.OnOff_Dectect_Key_Init) refers to stm32f10x_rcc.o(i.RCC_APB2PeriphClockCmd) for RCC_APB2PeriphClockCmd
    power.o(i.OnOff_Dectect_Key_Init) refers to stm32f10x_gpio.o(i.GPIO_Init) for GPIO_Init
    power.o(i.OnOff_Dectect_Key_Init) refers to misc.o(i.NVIC_Init) for NVIC_Init
    power.o(i.OnOff_Dectect_Key_Init) refers to stm32f10x_gpio.o(i.GPIO_EXTILineConfig) for GPIO_EXTILineConfig
    power.o(i.OnOff_Dectect_Key_Init) refers to stm32f10x_exti.o(i.EXTI_Init) for EXTI_Init
    power.o(i.PWR_ONOFF_Init) refers to stm32f10x_rcc.o(i.RCC_APB2PeriphClockCmd) for RCC_APB2PeriphClockCmd
    power.o(i.PWR_ONOFF_Init) refers to stm32f10x_gpio.o(i.GPIO_Init) for GPIO_Init
    power.o(i.Power_Init) refers to power.o(i.PWR_ONOFF_Init) for PWR_ONOFF_Init
    power.o(i.Power_Init) refers to power.o(i.OnOff_Dectect_Key_Init) for OnOff_Dectect_Key_Init
    power.o(i.Power_Init) refers to power.o(i.Charge_Full_IO_Init) for Charge_Full_IO_Init
    power.o(i.Power_Init) refers to delay.o(i.Delay_Ms) for Delay_Ms
    time.o(i.TIM3_IRQHandler) refers to stm32f10x_tim.o(i.TIM_GetITStatus) for TIM_GetITStatus
    time.o(i.TIM3_IRQHandler) refers to stm32f10x_tim.o(i.TIM_ClearITPendingBit) for TIM_ClearITPendingBit
    time.o(i.TIM3_IRQHandler) refers to time.o(.data) for time_10us
    time.o(i.TIM_DELAY_Init) refers to stm32f10x_rcc.o(i.RCC_APB1PeriphClockCmd) for RCC_APB1PeriphClockCmd
    time.o(i.TIM_DELAY_Init) refers to stm32f10x_tim.o(i.TIM_TimeBaseInit) for TIM_TimeBaseInit
    time.o(i.TIM_DELAY_Init) refers to stm32f10x_tim.o(i.TIM_ITConfig) for TIM_ITConfig
    time.o(i.TIM_DELAY_Init) refers to misc.o(i.NVIC_Init) for NVIC_Init
    time.o(i.TIM_DELAY_Init) refers to stm32f10x_tim.o(i.TIM_Cmd) for TIM_Cmd
    ws2812b.o(i.DMA1_Channel2_IRQHandler) refers to stm32f10x_dma.o(i.DMA_GetITStatus) for DMA_GetITStatus
[...]
    Removing stm32f10x_tim.o(i.TIM_EncoderInterfaceConfig), (66 bytes).
    Removing stm32f10x_tim.o(i.TIM_ForcedOC1Config), (18 bytes).
    Removing stm32f10x_tim.o(i.TIM_ForcedOC2Config), (26 bytes).
    Removing stm32f10x_tim.o(i.TIM_ForcedOC3Config), (18 bytes).
    Removing stm32f10x_tim.o(i.TIM_ForcedOC4Config), (26 bytes).
    Removing stm32f10x_tim.o(i.TIM_GenerateEvent), (4 bytes).
    Removing stm32f10x_tim.o(i.TIM_GetCapture1), (6 bytes).
    Removing stm32f10x_tim.o(i.TIM_GetCapture2), (6 bytes).
    Removing stm32f10x_tim.o(i.TIM_GetCapture3), (6 bytes).
    Removing stm32f10x_tim.o(i.TIM_GetCapture4), (8 bytes).
    Removing stm32f10x_tim.o(i.TIM_GetCounter), (6 bytes).
    Removing stm32f10x_tim.o(i.TIM_GetFlagStatus), (18 bytes).
    Removing stm32f10x_tim.o(i.TIM_GetPrescaler), (6 bytes).
    Removing stm32f10x_tim.o(i.TIM_ICInit), (172 bytes).
    Removing stm32f10x_tim.o(i.TIM_ICStructInit), (18 bytes).
    Removing stm32f10x_tim.o(i.TIM_ITRxExternalClockConfig), (24 bytes).
    Removing stm32f10x_tim.o(i.TIM_InternalClockConfig), (12 bytes).
    Removing stm32f10x_tim.o(i.TIM_OC1FastConfig), (18 bytes).
    Removing stm32f10x_tim.o(i.TIM_OC1NPolarityConfig), (18 bytes).
    Removing stm32f10x_tim.o(i.TIM_OC1PolarityConfig), (18 bytes).
    Removing stm32f10x_tim.o(i.TIM_OC2FastConfig), (26 bytes).
    Removing stm32f10x_tim.o(i.TIM_OC2Init), (164 bytes).
    Removing stm32f10x_tim.o(i.TIM_OC2NPolarityConfig), (26 bytes).
    Removing stm32f10x_tim.o(i.TIM_OC2PolarityConfig), (26 bytes).
    Removing stm32f10x_tim.o(i.TIM_OC2PreloadConfig), (26 bytes).
    Removing stm32f10x_tim.o(i.TIM_OC3FastConfig), (18 bytes).
    Removing stm32f10x_tim.o(i.TIM_OC3Init), (160 bytes).
    Removing stm32f10x_tim.o(i.TIM_OC3NPolarityConfig), (26 bytes).
    Removing stm32f10x_tim.o(i.TIM_OC3PolarityConfig), (26 bytes).
    Removing stm32f10x_tim.o(i.TIM_OC3PreloadConfig), (18 bytes).
    Removing stm32f10x_tim.o(i.TIM_OC4FastConfig), (26 bytes).
    Removing stm32f10x_tim.o(i.TIM_OC4Init), (124 bytes).
    Removing stm32f10x_tim.o(i.TIM_OC4PolarityConfig), (26 bytes).
    Removing stm32f10x_tim.o(i.TIM_OC4PreloadConfig), (26 bytes).
    Removing stm32f10x_tim.o(i.TIM_OCStructInit), (20 bytes).
    Removing stm32f10x_tim.o(i.TIM_PWMIConfig), (124 bytes).
    Removing stm32f10x_tim.o(i.TIM_PrescalerConfig), (6 bytes).
    Removing stm32f10x_tim.o(i.TIM_SelectCCDMA), (24 bytes).
    Removing stm32f10x_tim.o(i.TIM_SelectCOM), (24 bytes).
    Removing stm32f10x_tim.o(i.TIM_SelectHallSensor), (24 bytes).
    Removing stm32f10x_tim.o(i.TIM_SelectInputTrigger), (18 bytes).
    Removing stm32f10x_tim.o(i.TIM_SelectMasterSlaveMode), (18 bytes).
    Removing stm32f10x_tim.o(i.TIM_SelectOCxM), (82 bytes).
    Removing stm32f10x_tim.o(i.TIM_SelectOnePulseMode), (18 bytes).
    Removing stm32f10x_tim.o(i.TIM_SelectOutputTrigger), (18 bytes).
    Removing stm32f10x_tim.o(i.TIM_SelectSlaveMode), (18 bytes).
    Removing stm32f10x_tim.o(i.TIM_SetAutoreload), (4 bytes).
    Removing stm32f10x_tim.o(i.TIM_SetClockDivision), (18 bytes).
    Removing stm32f10x_tim.o(i.TIM_SetCompare1), (4 bytes).
    Removing stm32f10x_tim.o(i.TIM_SetCompare2), (4 bytes).
    Removing stm32f10x_tim.o(i.TIM_SetCompare3), (4 bytes).
    Removing stm32f10x_tim.o(i.TIM_SetCompare4), (6 bytes).
    Removing stm32f10x_tim.o(i.TIM_SetCounter), (4 bytes).
    Removing stm32f10x_tim.o(i.TIM_SetIC1Prescaler), (18 bytes).
    Removing stm32f10x_tim.o(i.TIM_SetIC2Prescaler), (26 bytes).
    Removing stm32f10x_tim.o(i.TIM_SetIC3Prescaler), (18 bytes).
    Removing stm32f10x_tim.o(i.TIM_SetIC4Prescaler), (26 bytes).
    Removing stm32f10x_tim.o(i.TIM_TIxExternalClockConfig), (62 bytes).
    Removing stm32f10x_tim.o(i.TIM_TimeBaseStructInit), (18 bytes).
    Removing stm32f10x_tim.o(i.TIM_UpdateDisableConfig), (24 bytes).
    Removing stm32f10x_tim.o(i.TIM_UpdateRequestConfig), (24 bytes).
    Removing stm32f10x_adc.o(i.ADC_AnalogWatchdogCmd), (20 bytes).
    Removing stm32f10x_adc.o(i.ADC_AnalogWatchdogSingleChannelConfig), (16 bytes).
    Removing stm32f10x_adc.o(i.ADC_AnalogWatchdogThresholdsConfig), (6 bytes).
    Removing stm32f10x_adc.o(i.ADC_AutoInjectedConvCmd), (22 bytes).
    Removing stm32f10x_adc.o(i.ADC_ClearFlag), (6 bytes).
    Removing stm32f10x_adc.o(i.ADC_ClearITPendingBit), (10 bytes).
    Removing stm32f10x_adc.o(i.ADC_DMACmd), (22 bytes).
    Removing stm32f10x_adc.o(i.ADC_DiscModeChannelCountConfig), (24 bytes).
    Removing stm32f10x_adc.o(i.ADC_DiscModeCmd), (22 bytes).
    Removing stm32f10x_adc.o(i.ADC_ExternalTrigConvCmd), (22 bytes).
    Removing stm32f10x_adc.o(i.ADC_ExternalTrigInjectedConvCmd), (22 bytes).
    Removing stm32f10x_adc.o(i.ADC_ExternalTrigInjectedConvConfig), (16 bytes).
    Removing stm32f10x_adc.o(i.ADC_GetConversionValue), (8 bytes).
    Removing stm32f10x_adc.o(i.ADC_GetDualModeConversionValue), (12 bytes).
    Removing stm32f10x_adc.o(i.ADC_GetFlagStatus), (18 bytes).
    Removing stm32f10x_adc.o(i.ADC_GetITStatus), (36 bytes).
    Removing stm32f10x_adc.o(i.ADC_GetInjectedConversionValue), (28 bytes).
    Removing stm32f10x_adc.o(i.ADC_GetSoftwareStartConvStatus), (20 bytes).
    Removing stm32f10x_adc.o(i.ADC_GetSoftwareStartInjectedConvCmdStatus), (20 bytes).
    Removing stm32f10x_adc.o(i.ADC_ITConfig), (24 bytes).
    Removing stm32f10x_adc.o(i.ADC_InjectedChannelConfig), (130 bytes).
    Removing stm32f10x_adc.o(i.ADC_InjectedDiscModeCmd), (22 bytes).
    Removing stm32f10x_adc.o(i.ADC_InjectedSequencerLengthConfig), (24 bytes).
    Removing stm32f10x_adc.o(i.ADC_RegularChannelConfig), (184 bytes).
    Removing stm32f10x_adc.o(i.ADC_SetInjectedOffset), (20 bytes).
    Removing stm32f10x_adc.o(i.ADC_SoftwareStartConvCmd), (22 bytes).
    Removing stm32f10x_adc.o(i.ADC_SoftwareStartInjectedConvCmd), (22 bytes).
    Removing stm32f10x_adc.o(i.ADC_StructInit), (18 bytes).
    Removing stm32f10x_adc.o(i.ADC_TempSensorVrefintCmd), (36 bytes).
    Removing stm32f10x_spi.o(i.I2S_Cmd), (24 bytes).
    Removing stm32f10x_spi.o(i.I2S_Init), (232 bytes).
    Removing stm32f10x_spi.o(i.I2S_StructInit), (20 bytes).
    Removing stm32f10x_spi.o(i.SPI_BiDirectionalLineConfig), (28 bytes).
    Removing stm32f10x_spi.o(i.SPI_CalculateCRC), (24 bytes).
    Removing stm32f10x_spi.o(i.SPI_DataSizeConfig), (18 bytes).
    Removing stm32f10x_spi.o(i.SPI_GetCRC), (16 bytes).
    Removing stm32f10x_spi.o(i.SPI_GetCRCPolynomial), (6 bytes).
    Removing stm32f10x_spi.o(i.SPI_I2S_ClearFlag), (6 bytes).
    Removing stm32f10x_spi.o(i.SPI_I2S_ClearITPendingBit), (20 bytes).
    Removing stm32f10x_spi.o(i.SPI_I2S_DMACmd), (18 bytes).
    Removing stm32f10x_spi.o(i.SPI_I2S_DeInit), (88 bytes).
    Removing stm32f10x_spi.o(i.SPI_I2S_GetITStatus), (52 bytes).
    Removing stm32f10x_spi.o(i.SPI_I2S_ITConfig), (32 bytes).
    Removing stm32f10x_spi.o(i.SPI_NSSInternalSoftwareConfig), (30 bytes).
    Removing stm32f10x_spi.o(i.SPI_SSOutputCmd), (24 bytes).
    Removing stm32f10x_spi.o(i.SPI_StructInit), (24 bytes).
    Removing stm32f10x_spi.o(i.SPI_TransmitCRC), (10 bytes).
    Removing stm32f10x_dma.o(i.DMA_ClearFlag), (28 bytes).
    Removing stm32f10x_dma.o(i.DMA_GetCurrDataCounter), (8 bytes).
    Removing stm32f10x_dma.o(i.DMA_GetFlagStatus), (44 bytes).
    Removing stm32f10x_dma.o(i.DMA_SetCurrDataCounter), (4 bytes).
    Removing stm32f10x_dma.o(i.DMA_StructInit), (26 bytes).
    Removing hw_config.o(i.Leave_LowPowerMode), (32 bytes).
    Removing hw_config.o(i.Set_System), (52 bytes).
    Removing hw_config.o(i.Set_USBClock), (18 bytes).
    Removing hw_config.o(i.USB_Interrupts_Config), (40 bytes).
    Removing hw_config.o(i.USB_Port_Set), (88 bytes).
    Removing hw_config.o(i.keyboard_Send), (40 bytes).
    Removing hw_config.o(.data), (12 bytes).
    Removing usb_pwr.o(i.PowerOff), (28 bytes).
    Removing usb_init.o(i.USB_Init), (60 bytes).
    Removing usb_int.o(i.CTR_HP), (200 bytes).
    Removing usb_regs.o(i.ClearEPDoubleBuff), (40 bytes).
    Removing usb_regs.o(i.ClearEP_CTR_RX), (36 bytes).
    Removing usb_regs.o(i.ClearEP_CTR_TX), (32 bytes).
    Removing usb_regs.o(i.ClearEP_KIND), (40 bytes).
    Removing usb_regs.o(i.FreeUserBuffer), (84 bytes).
    Removing usb_regs.o(i.GetBTABLE), (12 bytes).
    Removing usb_regs.o(i.GetCNTR), (12 bytes).
    Removing usb_regs.o(i.GetDADDR), (12 bytes).
    Removing usb_regs.o(i.GetENDPOINT), (20 bytes).
    Removing usb_regs.o(i.GetEPAddress), (24 bytes).
    Removing usb_regs.o(i.GetEPDblBuf0Addr), (32 bytes).
    Removing usb_regs.o(i.GetEPDblBuf0Count), (36 bytes).
    Removing usb_regs.o(i.GetEPDblBuf1Addr), (32 bytes).
    Removing usb_regs.o(i.GetEPDblBuf1Count), (36 bytes).
    Removing usb_regs.o(i.GetEPDblBufDir), (72 bytes).
    Removing usb_regs.o(i.GetEPRxCount), (36 bytes).
    Removing usb_regs.o(i.GetEPRxStatus), (24 bytes).
    Removing usb_regs.o(i.GetEPTxCount), (36 bytes).
    Removing usb_regs.o(i.GetEPTxStatus), (24 bytes).
    Removing usb_regs.o(i.GetEPType), (24 bytes).
    Removing usb_regs.o(i.GetFNR), (12 bytes).
    Removing usb_regs.o(i.GetISTR), (12 bytes).
    Removing usb_regs.o(i.GetRxStallStatus), (36 bytes).
    Removing usb_regs.o(i.GetTxStallStatus), (32 bytes).
    Removing usb_regs.o(i.SetCNTR), (12 bytes).
    Removing usb_regs.o(i.SetDADDR), (12 bytes).
    Removing usb_regs.o(i.SetDouBleBuffEPStall), (60 bytes).
    Removing usb_regs.o(i.SetENDPOINT), (16 bytes).
    Removing usb_regs.o(i.SetEPAddress), (44 bytes).
    Removing usb_regs.o(i.SetEPCountRxReg), (48 bytes).
    Removing usb_regs.o(i.SetEPDblBuf0Addr), (32 bytes).
    Removing usb_regs.o(i.SetEPDblBuf0Count), (104 bytes).
    Removing usb_regs.o(i.SetEPDblBuf1Addr), (36 bytes).
    Removing usb_regs.o(i.SetEPDblBuf1Count), (104 bytes).
    Removing usb_regs.o(i.SetEPDblBuffAddr), (52 bytes).
    Removing usb_regs.o(i.SetEPDblBuffCount), (196 bytes).
    Removing usb_regs.o(i.SetEPDoubleBuff), (44 bytes).
    Removing usb_regs.o(i.SetEPTxValid), (52 bytes).
    Removing usb_regs.o(i.SetEP_KIND), (44 bytes).
    Removing usb_regs.o(i.Set_Status_Out), (44 bytes).
    Removing usb_regs.o(i.ToWord), (8 bytes).
    Removing usb_regs.o(i.ToggleDTOG_RX), (40 bytes).
    Removing usb_regs.o(i.ToggleDTOG_TX), (40 bytes).
    Removing usb_sil.o(i.USB_SIL_Read), (46 bytes).
    Removing usb_sil.o(i.USB_SIL_Write), (46 bytes).
    Removing dadd.o(.text), (334 bytes).
    Removing dmul.o(.text), (228 bytes).
    Removing ddiv.o(.text), (222 bytes).
    Removing dfixul.o(.text), (48 bytes).
    Removing cdrcmple.o(.text), (48 bytes).
    Removing depilogue.o(.text), (186 bytes).

284 unused section(s) (total 13307 bytes) removed from the image.

==============================================================================

Image Symbol Table

    Local Symbols

    Symbol Name                              Value     Ov Type        Size  Object(Section)

    ../clib/../cmprslib/zerorunl2.c          0x00000000   Number         0  __dczerorl2.o ABSOLUTE
    ../clib/microlib/division.c              0x00000000   Number         0  uidiv.o ABSOLUTE
    ../clib/microlib/division.c              0x00000000   Number         0  uldiv.o ABSOLUTE
    ../clib/microlib/init/entry.s            0x00000000   Number         0  entry11b.o ABSOLUTE
    ../clib/microlib/init/entry.s            0x00000000   Number         0  entry10a.o ABSOLUTE
    ../clib/microlib/init/entry.s            0x00000000   Number         0  entry9b.o ABSOLUTE
    ../clib/microlib/init/entry.s            0x00000000   Number         0  entry7a.o ABSOLUTE
    ../clib/microlib/init/entry.s            0x00000000   Number         0  entry5.o ABSOLUTE
    ../clib/microlib/init/entry.s            0x00000000   Number         0  entry2.o ABSOLUTE
    ../clib/microlib/init/entry.s            0x00000000   Number         0  entry10b.o ABSOLUTE
    ../clib/microlib/init/entry.s            0x00000000   Number         0  entry9a.o ABSOLUTE
    ../clib/microlib/init/entry.s            0x00000000   Number         0  entry8b.o ABSOLUTE
    ../clib/microlib/init/entry.s            0x00000000   Number         0  entry.o ABSOLUTE
    ../clib/microlib/init/entry.s            0x00000000   Number         0  entry11a.o ABSOLUTE
    ../clib/microlib/init/entry.s            0x00000000   Number         0  entry8a.o ABSOLUTE
    ../clib/microlib/init/entry.s            0x00000000   Number         0  entry7b.o ABSOLUTE
    ../clib/microlib/longlong.c              0x00000000   Number         0  llsshr.o ABSOLUTE
    ../clib/microlib/longlong.c              0x00000000   Number         0  llshl.o ABSOLUTE
    ../clib/microlib/longlong.c              0x00000000   Number         0  llushr.o ABSOLUTE
    ../clib/microlib/printf/printf.c         0x00000000   Number         0  printfa.o ABSOLUTE
    ../clib/microlib/printf/printf.c         0x00000000   Number         0  printf8.o ABSOLUTE
    ../clib/microlib/printf/printf.c         0x00000000   Number         0  printf7.o ABSOLUTE
    ../clib/microlib/printf/printf.c         0x00000000   Number         0  printf6.o ABSOLUTE
    ../clib/microlib/printf/printf.c         0x00000000   Number         0  printf5.o ABSOLUTE
    ../clib/microlib/printf/printf.c         0x00000000   Number         0  printf3.o ABSOLUTE
    ../clib/microlib/printf/printf.c         0x00000000   Number         0  printf2.o ABSOLUTE
    ../clib/microlib/printf/printf.c         0x00000000   Number         0  printf1.o ABSOLUTE
    ../clib/microlib/printf/printf.c         0x00000000   Number         0  printf0.o ABSOLUTE
    ../clib/microlib/printf/printf.c         0x00000000   Number         0  printfb.o ABSOLUTE
    ../clib/microlib/printf/printf.c         0x00000000   Number         0  printf4.o ABSOLUTE
    ../clib/microlib/string/memset.c         0x00000000   Number         0  memseta.o ABSOLUTE
    ../clib/microlib/stubs.s                 0x00000000   Number         0  iusefp.o ABSOLUTE
    ../fplib/microlib/fpadd.c                0x00000000   Number         0  dadd.o ABSOLUTE
    ../fplib/microlib/fpdiv.c                0x00000000   Number         0  ddiv.o ABSOLUTE
    ../fplib/microlib/fpepilogue.c           0x00000000   Number         0  depilogue.o ABSOLUTE
    ../fplib/microlib/fpfix.c                0x00000000   Number         0  dfixul.o ABSOLUTE
    ../fplib/microlib/fpmul.c                0x00000000   Number         0  dmul.o ABSOLUTE
    2.User\adc\adc.c                         0x00000000   Number         0  adc.o ABSOLUTE
    2.User\delay\delay.c                     0x00000000   Number         0  delay.o ABSOLUTE
    2.User\keyboard\keyboard.c               0x00000000   Number         0  keyboard.o ABSOLUTE
    2.User\led\led.c                         0x00000000   Number         0  led.o ABSOLUTE
    2.User\main.c                            0x00000000   Number         0  main.o ABSOLUTE
    2.User\power\power.c                     0x00000000   Number         0  power.o ABSOLUTE
    2.User\si24r1\si24r1.c                   0x00000000   Number         0  si24r1.o ABSOLUTE
    2.User\spi1\spi1.c                       0x00000000   Number         0  spi1.o ABSOLUTE
    2.User\sys\sys.c                         0x00000000   Number         0  sys.o ABSOLUTE
    2.User\time\time.c                       0x00000000   Number         0  time.o ABSOLUTE
    2.User\usart_debug\usart_debug.c         0x00000000   Number         0  usart_debug.o ABSOLUTE
    2.User\ws2812b\ws2812b.c                 0x00000000   Number         0  ws2812b.o ABSOLUTE
    3.Libraries\CMSIS\core\core_cm3.c        0x00000000   Number         0  core_cm3.o ABSOLUTE
    3.Libraries\CMSIS\startup\startup_stm32f10x_md.s 0x00000000   Number         0  startup_stm32f10x_md.o ABSOLUTE
    3.Libraries\CMSIS\system_stm32f10x.c     0x00000000   Number         0  system_stm32f10x.o ABSOLUTE
    3.Libraries\STM32F10x_StdPeriph_Driver\src\misc.c 0x00000000   Number         0  misc.o ABSOLUTE
    3.Libraries\STM32F10x_StdPeriph_Driver\src\stm32f10x_adc.c 0x00000000   Number         0  stm32f10x_adc.o ABSOLUTE
    3.Libraries\STM32F10x_StdPeriph_Driver\src\stm32f10x_dma.c 0x00000000   Number         0  stm32f10x_dma.o ABSOLUTE
    3.Libraries\STM32F10x_StdPeriph_Driver\src\stm32f10x_exti.c 0x00000000   Number         0  stm32f10x_exti.o ABSOLUTE
    3.Libraries\STM32F10x_StdPeriph_Driver\src\stm32f10x_gpio.c 0x00000000   Number         0  stm32f10x_gpio.o ABSOLUTE
    3.Libraries\STM32F10x_StdPeriph_Driver\src\stm32f10x_rcc.c 0x00000000   Number         0  stm32f10x_rcc.o ABSOLUTE
    3.Libraries\STM32F10x_StdPeriph_Driver\src\stm32f10x_spi.c 0x00000000   Number         0  stm32f10x_spi.o ABSOLUTE
    3.Libraries\STM32F10x_StdPeriph_Driver\src\stm32f10x_tim.c 0x00000000   Number         0  stm32f10x_tim.o ABSOLUTE
    3.Libraries\STM32F10x_StdPeriph_Driver\src\stm32f10x_usart.c 0x00000000   Number         0  stm32f10x_usart.o ABSOLUTE
    3.Libraries\\CMSIS\\core\\core_cm3.c     0x00000000   Number         0  core_cm3.o ABSOLUTE
    5.USB\APP\src\hw_config.c                0x00000000   Number         0  hw_config.o ABSOLUTE
    5.USB\APP\src\usb_desc.c                 0x00000000   Number         0  usb_desc.o ABSOLUTE
    5.USB\APP\src\usb_endp.c                 0x00000000   Number         0  usb_endp.o ABSOLUTE
    5.USB\APP\src\usb_istr.c                 0x00000000   Number         0  usb_istr.o ABSOLUTE
    5.USB\APP\src\usb_prop.c                 0x00000000   Number         0  usb_prop.o ABSOLUTE
    5.USB\APP\src\usb_pwr.c                  0x00000000   Number         0  usb_pwr.o ABSOLUTE
    5.USB\STM32_USB-FS-Device_Driver\src\usb_core.c 0x00000000   Number         0  usb_core.o ABSOLUTE
    5.USB\STM32_USB-FS-Device_Driver\src\usb_init.c 0x00000000   Number         0  usb_init.o ABSOLUTE
    5.USB\STM32_USB-FS-Device_Driver\src\usb_int.c 0x00000000   Number         0  usb_int.o ABSOLUTE
    5.USB\STM32_USB-FS-Device_Driver\src\usb_mem.c 0x00000000   Number         0  usb_mem.o ABSOLUTE
    5.USB\STM32_USB-FS-Device_Driver\src\usb_regs.c 0x00000000   Number         0  usb_regs.o ABSOLUTE
    5.USB\STM32_USB-FS-Device_Driver\src\usb_sil.c 0x00000000   Number         0  usb_sil.o ABSOLUTE
    cdrcmple.s                               0x00000000   Number         0  cdrcmple.o ABSOLUTE
    dc.s                                     0x00000000   Number         0  dc.o ABSOLUTE
    handlers.s                               0x00000000   Number         0  handlers.o ABSOLUTE
    init.s                                   0x00000000   Number         0  init.o ABSOLUTE
    RESET                                    0x08000000   Section      236  startup_stm32f10x_md.o(RESET)
    .ARM.Collect$$$$00000000                 0x080000ec   Section        0  entry.o(.ARM.Collect$$$$00000000)
    .ARM.Collect$$$$00000001                 0x080000ec   Section        4  entry2.o(.ARM.Collect$$$$00000001)
    .ARM.Collect$$$$00000004                 0x080000f0   Section        4  entry5.o(.ARM.Collect$$$$00000004)
    .ARM.Collect$$$$00000008                 0x080000f4   Section        0  entry7b.o(.ARM.Collect$$$$00000008)
    .ARM.Collect$$$$0000000A                 0x080000f4   Section        0  entry8b.o(.ARM.Collect$$$$0000000A)
    .ARM.Collect$$$$0000000B                 0x080000f4   Section        8  entry9a.o(.ARM.Collect$$$$0000000B)
    .ARM.Collect$$$$0000000D                 0x080000fc   Section        0  entry10a.o(.ARM.Collect$$$$0000000D)
    .ARM.Collect$$$$0000000F                 0x080000fc   Section        0  entry11a.o(.ARM.Collect$$$$0000000F)
    .ARM.Collect$$$$00002712                 0x080000fc   Section        4  entry2.o(.ARM.Collect$$$$00002712)
    __lit__00000000                          0x080000fc   Data           4  entry2.o(.ARM.Collect$$$$00002712)
    .text                                    0x08000100   Section       36  startup_stm32f10x_md.o(.text)
    .text                                    0x08000124   Section       36  init.o(.text)
    .text                                    0x08000148   Section        0  __dczerorl2.o(.text)
    i.ADC_Cmd                                0x0800019e   Section        0  stm32f10x_adc.o(i.ADC_Cmd)
    i.ADC_DeInit                             0x080001b4   Section        0  stm32f10x_adc.o(i.ADC_DeInit)
    i.ADC_GetCalibrationStatus               0x08000210   Section        0  stm32f10x_adc.o(i.ADC_GetCalibrationStatus)
    i.ADC_GetResetCalibrationStatus          0x08000224   Section        0  stm32f10x_adc.o(i.ADC_GetResetCalibrationStatus)
    i.ADC_Init                               0x08000238   Section        0  stm32f10x_adc.o(i.ADC_Init)
    i.ADC_ResetCalibration                   0x08000288   Section        0  stm32f10x_adc.o(i.ADC_ResetCalibration)
    i.ADC_StartCalibration                   0x08000292   Section        0  stm32f10x_adc.o(i.ADC_StartCalibration)
    i.Adc_Init                               0x0800029c   Section        0  adc.o(i.Adc_Init)
    i.ByteSwap                               0x08000330   Section        0  usb_regs.o(i.ByteSwap)
    i.CTR_LP                                 0x0800033c   Section        0  usb_int.o(i.CTR_LP)
    i.Charge_Full_IO_Init                    0x080005c4   Section        0  power.o(i.Charge_Full_IO_Init)
    i.ClearDTOG_RX                           0x080005f0   Section        0  usb_regs.o(i.ClearDTOG_RX)
    i.ClearDTOG_TX                           0x08000624   Section        0  usb_regs.o(i.ClearDTOG_TX)
    i.Clear_Status_Out                       0x08000658   Section        0  usb_regs.o(i.Clear_Status_Out)
    i.DMA1_Channel2_IRQHandler               0x08000680   Section        0  ws2812b.o(i.DMA1_Channel2_IRQHandler)
    i.DMA_ClearITPendingBit                  0x080006c8   Section        0  stm32f10x_dma.o(i.DMA_ClearITPendingBit)
    i.DMA_Cmd                                0x080006e4   Section        0  stm32f10x_dma.o(i.DMA_Cmd)
    i.DMA_DeInit                             0x080006fc   Section        0  stm32f10x_dma.o(i.DMA_DeInit)
    i.DMA_GetITStatus                        0x08000848   Section        0  stm32f10x_dma.o(i.DMA_GetITStatus)
    i.DMA_ITConfig                           0x08000874   Section        0  stm32f10x_dma.o(i.DMA_ITConfig)
    i.DMA_Init                               0x08000886   Section        0  stm32f10x_dma.o(i.DMA_Init)
    i.DataStageIn                            0x080008c4   Section        0  usb_core.o(i.DataStageIn)
    DataStageIn                              0x080008c5   Thumb Code   166  usb_core.o(i.DataStageIn)
    i.DataStageOut                           0x08000984   Section        0  usb_core.o(i.DataStageOut)
    DataStageOut                             0x08000985   Thumb Code   198  usb_core.o(i.DataStageOut)
    i.Data_Setup0                            0x08000a64   Section        0  usb_core.o(i.Data_Setup0)
    Data_Setup0                              0x08000a65   Thumb Code   628  usb_core.o(i.Data_Setup0)
    i.Delay_Init                             0x08000cfc   Section        0  delay.o(i.Delay_Init)
    i.Delay_Ms                               0x08000d30   Section        0  delay.o(i.Delay_Ms)
    i.Delay_Us                               0x08000d60   Section        0  delay.o(i.Delay_Us)
    i.EP1_IN_Callback                        0x08000d90   Section        0  usb_endp.o(i.EP1_IN_Callback)
    i.EXTI0_IRQHandler                       0x08000d9c   Section        0  power.o(i.EXTI0_IRQHandler)
    i.EXTI4_IRQHandler                       0x08000df8   Section        0  si24r1.o(i.EXTI4_IRQHandler)
    i.EXTI_ClearITPendingBit                 0x08000ef4   Section        0  stm32f10x_exti.o(i.EXTI_ClearITPendingBit)
    i.EXTI_GetITStatus                       0x08000f00   Section        0  stm32f10x_exti.o(i.EXTI_GetITStatus)
    i.EXTI_Init                              0x08000f28   Section        0  stm32f10x_exti.o(i.EXTI_Init)
    i.GPIO_EXTILineConfig                    0x08000fbc   Section        0  stm32f10x_gpio.o(i.GPIO_EXTILineConfig)
    i.GPIO_Init                              0x08000ffc   Section        0  stm32f10x_gpio.o(i.GPIO_Init)
    i.GPIO_PinRemapConfig                    0x08001114   Section        0  stm32f10x_gpio.o(i.GPIO_PinRemapConfig)
    i.GPIO_SetBits                           0x080011a4   Section        0  stm32f10x_gpio.o(i.GPIO_SetBits)
    i.GetEPRxAddr                            0x080011a8   Section        0  usb_regs.o(i.GetEPRxAddr)
    i.GetEPTxAddr                            0x080011c8   Section        0  usb_regs.o(i.GetEPTxAddr)
    i.Get_SerialNum                          0x080011e8   Section        0  hw_config.o(i.Get_SerialNum)
    i.In0_Process                            0x0800121c   Section        0  usb_core.o(i.In0_Process)
    i.IntToUnicode                           0x0800128c   Section        0  hw_config.o(i.IntToUnicode)
    IntToUnicode                             0x0800128d   Thumb Code    62  hw_config.o(i.IntToUnicode)
    i.Led_Init                               0x080012cc   Section        0  led.o(i.Led_Init)
    i.NOP_Process                            0x08001300   Section        0  usb_core.o(i.NOP_Process)
    i.NRF24L01_Check                         0x08001304   Section        0  si24r1.o(i.NRF24L01_Check)
    i.NRF24L01_Exti_Init                     0x08001350   Section        0  si24r1.o(i.NRF24L01_Exti_Init)
    NRF24L01_Exti_Init                       0x08001351   Thumb Code   102  si24r1.o(i.NRF24L01_Exti_Init)
    i.NRF24L01_Init                          0x080013bc   Section        0  si24r1.o(i.NRF24L01_Init)
    i.NRF24L01_RX_Mode                       0x080014a8   Section        0  si24r1.o(i.NRF24L01_RX_Mode)
    i.NRF24L01_Read_Buf                      0x080014d0   Section        0  si24r1.o(i.NRF24L01_Read_Buf)
    i.NRF24L01_Read_Reg                      0x0800150c   Section        0  si24r1.o(i.NRF24L01_Read_Reg)
    i.NRF24L01_TX_Mode                       0x08001538   Section        0  si24r1.o(i.NRF24L01_TX_Mode)
    i.NRF24L01_TxPacket                      0x0800155c   Section        0  si24r1.o(i.NRF24L01_TxPacket)
    i.NRF24L01_Write_Buf                     0x08001588   Section        0  si24r1.o(i.NRF24L01_Write_Buf)
    i.NRF24L01_Write_Reg                     0x080015c4   Section        0  si24r1.o(i.NRF24L01_Write_Reg)
    i.NVIC_Init                              0x080015f4   Section        0  misc.o(i.NVIC_Init)
    i.NVIC_PriorityGroupConfig               0x08001664   Section        0  misc.o(i.NVIC_PriorityGroupConfig)
    i.NoData_Setup0                          0x08001678   Section        0  usb_core.o(i.NoData_Setup0)
    NoData_Setup0                            0x08001679   Thumb Code   296  usb_core.o(i.NoData_Setup0)
    i.OnOff_Dectect_Key_Init                 0x080017b8   Section        0  power.o(i.OnOff_Dectect_Key_Init)
    i.Out0_Process                           0x08001824   Section        0  usb_core.o(i.Out0_Process)
    i.PMAToUserBufferCopy                    0x08001874   Section        0  usb_mem.o(i.PMAToUserBufferCopy)
    i.PWR_ONOFF_Init                         0x0800189c   Section        0  power.o(i.PWR_ONOFF_Init)
    i.Post0_Process                          0x080018c8   Section        0  usb_core.o(i.Post0_Process)
    i.PowerOn                                0x08001910   Section        0  usb_pwr.o(i.PowerOn)
    i.Power_Init                             0x08001960   Section        0  power.o(i.Power_Init)
    i.RCC_ADCCLKConfig                       0x08001984   Section        0  stm32f10x_rcc.o(i.RCC_ADCCLKConfig)
    i.RCC_AHBPeriphClockCmd                  0x0800199c   Section        0  stm32f10x_rcc.o(i.RCC_AHBPeriphClockCmd)
    i.RCC_APB1PeriphClockCmd                 0x080019bc   Section        0  stm32f10x_rcc.o(i.RCC_APB1PeriphClockCmd)
    i.RCC_APB2PeriphClockCmd                 0x080019dc   Section        0  stm32f10x_rcc.o(i.RCC_APB2PeriphClockCmd)
    i.RCC_APB2PeriphResetCmd                 0x080019fc   Section        0  stm32f10x_rcc.o(i.RCC_APB2PeriphResetCmd)
    i.RCC_GetClocksFreq                      0x08001a1c   Section        0  stm32f10x_rcc.o(i.RCC_GetClocksFreq)
    i.Resume                                 0x08001af0   Section        0  usb_pwr.o(i.Resume)
    i.Resume_Init                            0x08001bc0   Section        0  usb_pwr.o(i.Resume_Init)
    i.SPI1_Init                              0x08001bdc   Section        0  spi1.o(i.SPI1_Init)
    i.SPI1_ReadWriteByte                     0x08001c64   Section        0  spi1.o(i.SPI1_ReadWriteByte)
    i.SPI_Cmd                                0x08001cb8   Section        0  stm32f10x_spi.o(i.SPI_Cmd)
    i.SPI_I2S_GetFlagStatus                  0x08001cd0   Section        0  stm32f10x_spi.o(i.SPI_I2S_GetFlagStatus)
    i.SPI_I2S_ReceiveData                    0x08001ce2   Section        0  stm32f10x_spi.o(i.SPI_I2S_ReceiveData)
    i.SPI_I2S_SendData                       0x08001ce8   Section        0  stm32f10x_spi.o(i.SPI_I2S_SendData)
    i.SPI_Init                               0x08001cec   Section        0  stm32f10x_spi.o(i.SPI_Init)
    i.SetBTABLE                              0x08001d28   Section        0  usb_regs.o(i.SetBTABLE)
    i.SetDeviceAddress                       0x08001d38   Section        0  usb_core.o(i.SetDeviceAddress)
    i.SetEPRxAddr                            0x08001d88   Section        0  usb_regs.o(i.SetEPRxAddr)
    i.SetEPRxCount                           0x08001dac   Section        0  usb_regs.o(i.SetEPRxCount)
    i.SetEPRxStatus                          0x08001df8   Section        0  usb_regs.o(i.SetEPRxStatus)
    i.SetEPRxValid                           0x08001e38   Section        0  usb_regs.o(i.SetEPRxValid)
    i.SetEPTxAddr                            0x08001e6c   Section        0  usb_regs.o(i.SetEPTxAddr)
    i.SetEPTxCount                           0x08001e8c   Section        0  usb_regs.o(i.SetEPTxCount)
    i.SetEPTxStatus                          0x08001ea8   Section        0  usb_regs.o(i.SetEPTxStatus)
    i.SetEPType                              0x08001ee8   Section        0  usb_regs.o(i.SetEPType)
    i.SetISTR                                0x08001f0c   Section        0  usb_regs.o(i.SetISTR)
    i.SetSysClock                            0x08001f18   Section        0  system_stm32f10x.o(i.SetSysClock)
    SetSysClock                              0x08001f19   Thumb Code     8  system_stm32f10x.o(i.SetSysClock)
    i.SetSysClockTo72                        0x08001f20   Section        0  system_stm32f10x.o(i.SetSysClockTo72)
    SetSysClockTo72                          0x08001f21   Thumb Code   214  system_stm32f10x.o(i.SetSysClockTo72)
    i.Setup0_Process                         0x08002000   Section        0  usb_core.o(i.Setup0_Process)
    i.Standard_ClearFeature                  0x080020b8   Section        0  usb_core.o(i.Standard_ClearFeature)
    i.Standard_GetConfiguration              0x08002224   Section        0  usb_core.o(i.Standard_GetConfiguration)
    i.Standard_GetDescriptorData             0x08002250   Section        0  usb_core.o(i.Standard_GetDescriptorData)
    i.Standard_GetInterface                  0x08002274   Section        0  usb_core.o(i.Standard_GetInterface)
    i.Standard_GetStatus                     0x080022a0   Section        0  usb_core.o(i.Standard_GetStatus)
    i.Standard_SetConfiguration              0x080023a0   Section        0  usb_core.o(i.Standard_SetConfiguration)
    i.Standard_SetDeviceFeature              0x080023e8   Section        0  usb_core.o(i.Standard_SetDeviceFeature)
    i.Standard_SetEndPointFeature            0x08002410   Section        0  usb_core.o(i.Standard_SetEndPointFeature)
    i.Standard_SetInterface                  0x080024e0   Section        0  usb_core.o(i.Standard_SetInterface)
    i.Suspend                                0x0800254c   Section        0  usb_pwr.o(i.Suspend)
    i.SysTick_CLKSourceConfig                0x080025e0   Section        0  misc.o(i.SysTick_CLKSourceConfig)
    i.SystemInit                             0x08002608   Section        0  system_stm32f10x.o(i.SystemInit)
    i.TIM3_IRQHandler                        0x08002668   Section        0  time.o(i.TIM3_IRQHandler)
    i.TIM_ClearITPendingBit                  0x08002690   Section        0  stm32f10x_tim.o(i.TIM_ClearITPendingBit)
    i.TIM_Cmd                                0x08002696   Section        0  stm32f10x_tim.o(i.TIM_Cmd)
    i.TIM_DELAY_Init                         0x080026b0   Section        0  time.o(i.TIM_DELAY_Init)
    i.TIM_DMACmd                             0x0800270c   Section        0  stm32f10x_tim.o(i.TIM_DMACmd)
    i.TIM_GetITStatus                        0x0800271e   Section        0  stm32f10x_tim.o(i.TIM_GetITStatus)
    i.TIM_ITConfig                           0x08002740   Section        0  stm32f10x_tim.o(i.TIM_ITConfig)
    i.TIM_OC1Init                            0x08002754   Section        0  stm32f10x_tim.o(i.TIM_OC1Init)
    i.TIM_OC1PreloadConfig                   0x080027ec   Section        0  stm32f10x_tim.o(i.TIM_OC1PreloadConfig)
    i.TIM_TimeBaseInit                       0x08002800   Section        0  stm32f10x_tim.o(i.TIM_TimeBaseInit)
    i.USART1_IRQHandler                      0x080028a4   Section        0  usart_debug.o(i.USART1_IRQHandler)
    i.USART_Cmd                              0x080028c8   Section        0  stm32f10x_usart.o(i.USART_Cmd)
    i.USART_GetITStatus                      0x080028e0   Section        0  stm32f10x_usart.o(i.USART_GetITStatus)
    i.USART_ITConfig                         0x08002934   Section        0  stm32f10x_usart.o(i.USART_ITConfig)
    i.USART_Init                             0x08002980   Section        0  stm32f10x_usart.o(i.USART_Init)
    i.USART_ReceiveData                      0x08002a58   Section        0  stm32f10x_usart.o(i.USART_ReceiveData)
    i.USART_SendData                         0x08002a62   Section        0  stm32f10x_usart.o(i.USART_SendData)
    i.USB_Cable_Config                       0x08002a6a   Section        0  hw_config.o(i.USB_Cable_Config)
    i.USB_Istr                               0x08002a6c   Section        0  usb_istr.o(i.USB_Istr)
    i.USB_LP_CAN1_RX0_IRQHandler             0x08002c38   Section        0  hw_config.o(i.USB_LP_CAN1_RX0_IRQHandler)
    i.USB_SIL_Init                           0x08002c40   Section        0  usb_sil.o(i.USB_SIL_Init)
    i.Usart_Debug_Init                       0x08002c64   Section        0  usart_debug.o(i.Usart_Debug_Init)
    i.UserToPMABufferCopy                    0x08002d04   Section        0  usb_mem.o(i.UserToPMABufferCopy)
    i.WS2812_Init                            0x08002d3c   Section        0  ws2812b.o(i.WS2812_Init)
    i.__0printf$bare                         0x08002e50   Section        0  printfb.o(i.__0printf$bare)
    i.__scatterload_copy                     0x08002e60   Section       14  handlers.o(i.__scatterload_copy)
    i.__scatterload_null                     0x08002e6e   Section        2  handlers.o(i.__scatterload_null)
    i.__scatterload_zeroinit                 0x08002e70   Section       14  handlers.o(i.__scatterload_zeroinit)
    i._printf_core                           0x08002e7e   Section        0  printfb.o(i._printf_core)
    _printf_core                             0x08002e7f   Thumb Code    34  printfb.o(i._printf_core)
    i.fputc                                  0x08002ea0   Section        0  usart_debug.o(i.fputc)
    i.keyboard_Data_Setup                    0x08002ebc   Section        0  usb_prop.o(i.keyboard_Data_Setup)
    i.keyboard_GetConfigDescriptor           0x08002f38   Section        0  usb_prop.o(i.keyboard_GetConfigDescriptor)
    i.keyboard_GetDeviceDescriptor           0x08002f4c   Section        0  usb_prop.o(i.keyboard_GetDeviceDescriptor)
    i.keyboard_GetHIDDescriptor              0x08002f60   Section        0  usb_prop.o(i.keyboard_GetHIDDescriptor)
    i.keyboard_GetProtocolValue              0x08002f74   Section        0  usb_prop.o(i.keyboard_GetProtocolValue)
    i.keyboard_GetReportDescriptor           0x08002f90   Section        0  usb_prop.o(i.keyboard_GetReportDescriptor)
    i.keyboard_GetStringDescriptor           0x08002fa4   Section        0  usb_prop.o(i.keyboard_GetStringDescriptor)
    i.keyboard_Get_Interface_Setting         0x08002fcc   Section        0  usb_prop.o(i.keyboard_Get_Interface_Setting)
    i.keyboard_NoData_Setup                  0x08002fe4   Section        0  usb_prop.o(i.keyboard_NoData_Setup)
    i.keyboard_Reset                         0x08003008   Section        0  usb_prop.o(i.keyboard_Reset)
    i.keyboard_SetConfiguration              0x080030ac   Section        0  usb_prop.o(i.keyboard_SetConfiguration)
    i.keyboard_SetDeviceAddress              0x080030c4   Section        0  usb_prop.o(i.keyboard_SetDeviceAddress)
    i.keyboard_SetProtocol                   0x080030d0   Section        0  usb_prop.o(i.keyboard_SetProtocol)
    i.keyboard_Status_In                     0x080030e8   Section        0  usb_prop.o(i.keyboard_Status_In)
    i.keyboard_Status_Out                    0x080030ea   Section        0  usb_prop.o(i.keyboard_Status_Out)
    i.keyboard_init                          0x080030ec   Section        0  usb_prop.o(i.keyboard_init)
    i.main                                   0x08003114   Section        0  main.o(i.main)
    .constdata                               0x080031b8   Section       10  si24r1.o(.constdata)
    .constdata                               0x080031c2   Section      184  usb_desc.o(.constdata)
    .data                                    0x20000000   Section        1  main.o(.data)
    .data                                    0x20000002   Section        4  delay.o(.data)
    .data                                    0x20000008   Section        4  usart_debug.o(.data)
    .data                                    0x2000000c   Section        2  power.o(.data)
    Boot_On                                  0x2000000d   Data           1  power.o(.data)
    .data                                    0x20000010   Section        4  time.o(.data)
    .data                                    0x20000014   Section        1  ws2812b.o(.data)
    .data                                    0x20000015   Section        2  si24r1.o(.data)
    time                                     0x20000016   Data           1  si24r1.o(.data)
    .data                                    0x20000017   Section       20  stm32f10x_rcc.o(.data)
    APBAHBPrescTable                         0x20000017   Data          16  stm32f10x_rcc.o(.data)
    ADCPrescTable                            0x20000027   Data           4  stm32f10x_rcc.o(.data)
    .data                                    0x2000002b   Section       26  usb_desc.o(.data)
    .data                                    0x20000048   Section       68  usb_istr.o(.data)
    .data                                    0x2000008c   Section      156  usb_prop.o(.data)
    .data                                    0x20000128   Section       12  usb_pwr.o(.data)
    .data                                    0x20000134   Section        9  usb_core.o(.data)
    .data                                    0x20000140   Section       20  usb_init.o(.data)
    .data                                    0x20000154   Section        4  usb_int.o(.data)
    .bss                                     0x20000158   Section      210  ws2812b.o(.bss)
    .bss                                     0x2000022a   Section       64  si24r1.o(.bss)
    .bss                                     0x2000026c   Section       32  usb_pwr.o(.bss)
    .bss                                     0x2000028c   Section       28  usb_init.o(.bss)
    STACK                                    0x200002a8   Section     1024  startup_stm32f10x_md.o(STACK)

    Global Symbols

    Symbol Name                              Value     Ov Type        Size  Object(Section)

    BuildAttributes$$THM_ISAv4$P$D$K$B$S$PE$A:L22UL41UL21$X:L11$S22US41US21$IEEE1$IW$USESV6$~STKCKD$USESV7$~SHL$OSPACE$ROPI$EBA8$MICROLIB$REQ8$PRES8$EABIv2 0x00000000   Number         0  anon$$obj.o ABSOLUTE
    __ARM_use_no_argv                        0x00000000   Number         0  main.o ABSOLUTE
    __cpp_initialize__aeabi_                  - Undefined Weak Reference
    __cxa_finalize                            - Undefined Weak Reference
    _clock_init                               - Undefined Weak Reference
    _microlib_exit                            - Undefined Weak Reference
    __Vectors_Size                           0x000000ec   Number         0  startup_stm32f10x_md.o ABSOLUTE
    __Vectors                                0x08000000   Data           4  startup_stm32f10x_md.o(RESET)
    __Vectors_End                            0x080000ec   Data           0  startup_stm32f10x_md.o(RESET)
    __main                                   0x080000ed   Thumb Code     0  entry.o(.ARM.Collect$$$$00000000)
    _main_stk                                0x080000ed   Thumb Code     0  entry2.o(.ARM.Collect$$$$00000001)
    _main_scatterload                        0x080000f1   Thumb Code     0  entry5.o(.ARM.Collect$$$$00000004)
    __main_after_scatterload                 0x080000f5   Thumb Code     0  entry5.o(.ARM.Collect$$$$00000004)
    _main_clock                              0x080000f5   Thumb Code     0  entry7b.o(.ARM.Collect$$$$00000008)
    _main_cpp_init                           0x080000f5   Thumb Code     0  entry8b.o(.ARM.Collect$$$$0000000A)
    _main_init                               0x080000f5   Thumb Code     0  entry9a.o(.ARM.Collect$$$$0000000B)
    __rt_final_cpp                           0x080000fd   Thumb Code     0  entry10a.o(.ARM.Collect$$$$0000000D)
    __rt_final_exit                          0x080000fd   Thumb Code     0  entry11a.o(.ARM.Collect$$$$0000000F)
    Reset_Handler                            0x08000101   Thumb Code     8  startup_stm32f10x_md.o(.text)
    NMI_Handler                              0x08000109   Thumb Code     2  startup_stm32f10x_md.o(.text)
    HardFault_Handler                        0x0800010b   Thumb Code     2  startup_stm32f10x_md.o(.text)
    MemManage_Handler                        0x0800010d   Thumb Code     2  startup_stm32f10x_md.o(.text)
    BusFault_Handler                         0x0800010f   Thumb Code     2  startup_stm32f10x_md.o(.text)
    UsageFault_Handler                       0x08000111   Thumb Code     2  startup_stm32f10x_md.o(.text)
    SVC_Handler                              0x08000113   Thumb Code     2  startup_stm32f10x_md.o(.text)
    DebugMon_Handler                         0x08000115   Thumb Code     2  startup_stm32f10x_md.o(.text)
    PendSV_Handler                           0x08000117   Thumb Code     2  startup_stm32f10x_md.o(.text)
    SysTick_Handler                          0x08000119   Thumb Code     2  startup_stm32f10x_md.o(.text)
    ADC1_2_IRQHandler                        0x0800011b   Thumb Code     0  startup_stm32f10x_md.o(.text)
    CAN1_RX1_IRQHandler                      0x0800011b   Thumb Code     0  startup_stm32f10x_md.o(.text)
    CAN1_SCE_IRQHandler                      0x0800011b   Thumb Code     0  startup_stm32f10x_md.o(.text)
    DMA1_Channel1_IRQHandler                 0x0800011b   Thumb Code     0  startup_stm32f10x_md.o(.text)
    DMA1_Channel3_IRQHandler                 0x0800011b   Thumb Code     0  startup_stm32f10x_md.o(.text)
    DMA1_Channel4_IRQHandler                 0x0800011b   Thumb Code     0  startup_stm32f10x_md.o(.text)
    DMA1_Channel5_IRQHandler                 0x0800011b   Thumb Code     0  startup_stm32f10x_md.o(.text)
    DMA1_Channel6_IRQHandler                 0x0800011b   Thumb Code     0  startup_stm32f10x_md.o(.text)
    DMA1_Channel7_IRQHandler                 0x0800011b   Thumb Code     0  startup_stm32f10x_md.o(.text)
    EXTI15_10_IRQHandler                     0x0800011b   Thumb Code     0  startup_stm32f10x_md.o(.text)
    EXTI1_IRQHandler                         0x0800011b   Thumb Code     0  startup_stm32f10x_md.o(.text)
    EXTI2_IRQHandler                         0x0800011b   Thumb Code     0  startup_stm32f10x_md.o(.text)
    EXTI3_IRQHandler                         0x0800011b   Thumb Code     0  startup_stm32f10x_md.o(.text)
    EXTI9_5_IRQHandler                       0x0800011b   Thumb Code     0  startup_stm32f10x_md.o(.text)
    FLASH_IRQHandler                         0x0800011b   Thumb Code     0  startup_stm32f10x_md.o(.text)
    I2C1_ER_IRQHandler                       0x0800011b   Thumb Code     0  startup_stm32f10x_md.o(.text)
    I2C1_EV_IRQHandler                       0x0800011b   Thumb Code     0  startup_stm32f10x_md.o(.text)
    I2C2_ER_IRQHandler                       0x0800011b   Thumb Code     0  startup_stm32f10x_md.o(.text)
    I2C2_EV_IRQHandler                       0x0800011b   Thumb Code     0  startup_stm32f10x_md.o(.text)
    PVD_IRQHandler                           0x0800011b   Thumb Code     0  startup_stm32f10x_md.o(.text)
    RCC_IRQHandler                           0x0800011b   Thumb Code     0  startup_stm32f10x_md.o(.text)
    RTCAlarm_IRQHandler                      0x0800011b   Thumb Code     0  startup_stm32f10x_md.o(.text)
    RTC_IRQHandler                           0x0800011b   Thumb Code     0  startup_stm32f10x_md.o(.text)
    SPI1_IRQHandler                          0x0800011b   Thumb Code     0  startup_stm32f10x_md.o(.text)
    SPI2_IRQHandler                          0x0800011b   Thumb Code     0  startup_stm32f10x_md.o(.text)
    TAMPER_IRQHandler                        0x0800011b   Thumb Code     0  startup_stm32f10x_md.o(.text)
    TIM1_BRK_IRQHandler                      0x0800011b   Thumb Code     0  startup_stm32f10x_md.o(.text)
    TIM1_CC_IRQHandler                       0x0800011b   Thumb Code     0  startup_stm32f10x_md.o(.text)
    TIM1_TRG_COM_IRQHandler                  0x0800011b   Thumb Code     0  startup_stm32f10x_md.o(.text)
    TIM1_UP_IRQHandler                       0x0800011b   Thumb Code     0  startup_stm32f10x_md.o(.text)
    TIM2_IRQHandler                          0x0800011b   Thumb Code     0  startup_stm32f10x_md.o(.text)
    TIM4_IRQHandler                          0x0800011b   Thumb Code     0  startup_stm32f10x_md.o(.text)
    USART2_IRQHandler                        0x0800011b   Thumb Code     0  startup_stm32f10x_md.o(.text)
    USART3_IRQHandler                        0x0800011b   Thumb Code     0  startup_stm32f10x_md.o(.text)
    USBWakeUp_IRQHandler                     0x0800011b   Thumb Code     0  startup_stm32f10x_md.o(.text)
    USB_HP_CAN1_TX_IRQHandler                0x0800011b   Thumb Code     0  startup_stm32f10x_md.o(.text)
    WWDG_IRQHandler                          0x0800011b   Thumb Code     0  startup_stm32f10x_md.o(.text)
    __scatterload                            0x08000125   Thumb Code    28  init.o(.text)
    __scatterload_rt2                        0x08000125   Thumb Code     0  init.o(.text)
    __decompress                             0x08000149   Thumb Code     0  __dczerorl2.o(.text)
    __decompress1                            0x08000149   Thumb Code    86  __dczerorl2.o(.text)
    ADC_Cmd                                  0x0800019f   Thumb Code    22  stm32f10x_adc.o(i.ADC_Cmd)
    ADC_DeInit                               0x080001b5   Thumb Code    78  stm32f10x_adc.o(i.ADC_DeInit)
    ADC_GetCalibrationStatus                 0x08000211   Thumb Code    20  stm32f10x_adc.o(i.ADC_GetCalibrationStatus)
    ADC_GetResetCalibrationStatus            0x08000225   Thumb Code    20  stm32f10x_adc.o(i.ADC_GetResetCalibrationStatus)
    ADC_Init                                 0x08000239   Thumb Code    70  stm32f10x_adc.o(i.ADC_Init)
    ADC_ResetCalibration                     0x08000289   Thumb Code    10  stm32f10x_adc.o(i.ADC_ResetCalibration)
    ADC_StartCalibration                     0x08000293   Thumb Code    10  stm32f10x_adc.o(i.ADC_StartCalibration)
    Adc_Init                                 0x0800029d   Thumb Code   138  adc.o(i.Adc_Init)
    ByteSwap                                 0x08000331   Thumb Code    12  usb_regs.o(i.ByteSwap)
    CTR_LP                                   0x0800033d   Thumb Code   616  usb_int.o(i.CTR_LP)
    Charge_Full_IO_Init                      0x080005c5   Thumb Code    38  power.o(i.Charge_Full_IO_Init)
    ClearDTOG_RX                             0x080005f1   Thumb Code    48  usb_regs.o(i.ClearDTOG_RX)
    ClearDTOG_TX                             0x08000625   Thumb Code    48  usb_regs.o(i.ClearDTOG_TX)
    Clear_Status_Out                         0x08000659   Thumb Code    34  usb_regs.o(i.Clear_Status_Out)
    DMA1_Channel2_IRQHandler                 0x08000681   Thumb Code    58  ws2812b.o(i.DMA1_Channel2_IRQHandler)
    DMA_ClearITPendingBit                    0x080006c9   Thumb Code    18  stm32f10x_dma.o(i.DMA_ClearITPendingBit)
    DMA_Cmd                                  0x080006e5   Thumb Code    24  stm32f10x_dma.o(i.DMA_Cmd)
    DMA_DeInit                               0x080006fd   Thumb Code   324  stm32f10x_dma.o(i.DMA_DeInit)
    DMA_GetITStatus                          0x08000849   Thumb Code    36  stm32f10x_dma.o(i.DMA_GetITStatus)
    DMA_ITConfig                             0x08000875   Thumb Code    18  stm32f10x_dma.o(i.DMA_ITConfig)
    DMA_Init                                 0x08000887   Thumb Code    60  stm32f10x_dma.o(i.DMA_Init)
    Delay_Init                               0x08000cfd   Thumb Code    42  delay.o(i.Delay_Init)
    Delay_Ms                                 0x08000d31   Thumb Code    44  delay.o(i.Delay_Ms)
    Delay_Us                                 0x08000d61   Thumb Code    44  delay.o(i.Delay_Us)
    EP1_IN_Callback                          0x08000d91   Thumb Code     8  usb_endp.o(i.EP1_IN_Callback)
    EXTI0_IRQHandler                         0x08000d9d   Thumb Code    66  power.o(i.EXTI0_IRQHandler)
    EXTI4_IRQHandler                         0x08000df9   Thumb Code   206  si24r1.o(i.EXTI4_IRQHandler)
    EXTI_ClearITPendingBit                   0x08000ef5   Thumb Code     6  stm32f10x_exti.o(i.EXTI_ClearITPendingBit)
    EXTI_GetITStatus                         0x08000f01   Thumb Code    34  stm32f10x_exti.o(i.EXTI_GetITStatus)
    EXTI_Init                                0x08000f29   Thumb Code   142  stm32f10x_exti.o(i.EXTI_Init)
    GPIO_EXTILineConfig                      0x08000fbd   Thumb Code    60  stm32f10x_gpio.o(i.GPIO_EXTILineConfig)
    GPIO_Init                                0x08000ffd   Thumb Code   278  stm32f10x_gpio.o(i.GPIO_Init)
    GPIO_PinRemapConfig                      0x08001115   Thumb Code   138  stm32f10x_gpio.o(i.GPIO_PinRemapConfig)
    GPIO_SetBits                             0x080011a5   Thumb Code     4  stm32f10x_gpio.o(i.GPIO_SetBits)
    GetEPRxAddr                              0x080011a9   Thumb Code    24  usb_regs.o(i.GetEPRxAddr)
    GetEPTxAddr                              0x080011c9   Thumb Code    22  usb_regs.o(i.GetEPTxAddr)
    Get_SerialNum                            0x080011e9   Thumb Code    42  hw_config.o(i.Get_SerialNum)
    In0_Process                              0x0800121d   Thumb Code    98  usb_core.o(i.In0_Process)
    Led_Init                                 0x080012cd   Thumb Code    44  led.o(i.Led_Init)
    NOP_Process                              0x08001301   Thumb Code     2  usb_core.o(i.NOP_Process)
    NRF24L01_Check                           0x08001305   Thumb Code    66  si24r1.o(i.NRF24L01_Check)
    NRF24L01_Init                            0x080013bd   Thumb Code   180  si24r1.o(i.NRF24L01_Init)
    NRF24L01_RX_Mode                         0x080014a9   Thumb Code    32  si24r1.o(i.NRF24L01_RX_Mode)
    NRF24L01_Read_Buf                        0x080014d1   Thumb Code    56  si24r1.o(i.NRF24L01_Read_Buf)
    NRF24L01_Read_Reg                        0x0800150d   Thumb Code    36  si24r1.o(i.NRF24L01_Read_Reg)
    NRF24L01_TX_Mode                         0x08001539   Thumb Code    26  si24r1.o(i.NRF24L01_TX_Mode)
    NRF24L01_TxPacket                        0x0800155d   Thumb Code    36  si24r1.o(i.NRF24L01_TxPacket)
    NRF24L01_Write_Buf                       0x08001589   Thumb Code    56  si24r1.o(i.NRF24L01_Write_Buf)
    NRF24L01_Write_Reg                       0x080015c5   Thumb Code    38  si24r1.o(i.NRF24L01_Write_Reg)
    NVIC_Init                                0x080015f5   Thumb Code   100  misc.o(i.NVIC_Init)
    NVIC_PriorityGroupConfig                 0x08001665   Thumb Code    10  misc.o(i.NVIC_PriorityGroupConfig)
    OnOff_Dectect_Key_Init                   0x080017b9   Thumb Code   102  power.o(i.OnOff_Dectect_Key_Init)
    Out0_Process                             0x08001825   Thumb Code    70  usb_core.o(i.Out0_Process)
    PMAToUserBufferCopy                      0x08001875   Thumb Code    34  usb_mem.o(i.PMAToUserBufferCopy)
    PWR_ONOFF_Init                           0x0800189d   Thumb Code    38  power.o(i.PWR_ONOFF_Init)
    Post0_Process                            0x080018c9   Thumb Code    54  usb_core.o(i.Post0_Process)
    PowerOn                                  0x08001911   Thumb Code    70  usb_pwr.o(i.PowerOn)
    Power_Init                               0x08001961   Thumb Code    30  power.o(i.Power_Init)
    RCC_ADCCLKConfig                         0x08001985   Thumb Code    18  stm32f10x_rcc.o(i.RCC_ADCCLKConfig)
    RCC_AHBPeriphClockCmd                    0x0800199d   Thumb Code    26  stm32f10x_rcc.o(i.RCC_AHBPeriphClockCmd)
    RCC_APB1PeriphClockCmd                   0x080019bd   Thumb Code    26  stm32f10x_rcc.o(i.RCC_APB1PeriphClockCmd)
    RCC_APB2PeriphClockCmd                   0x080019dd   Thumb Code    26  stm32f10x_rcc.o(i.RCC_APB2PeriphClockCmd)
    RCC_APB2PeriphResetCmd                   0x080019fd   Thumb Code    26  stm32f10x_rcc.o(i.RCC_APB2PeriphResetCmd)
    RCC_GetClocksFreq                        0x08001a1d   Thumb Code   192  stm32f10x_rcc.o(i.RCC_GetClocksFreq)
    Resume                                   0x08001af1   Thumb Code   194  usb_pwr.o(i.Resume)
    Resume_Init                              0x08001bc1   Thumb Code    24  usb_pwr.o(i.Resume_Init)
    SPI1_Init                                0x08001bdd   Thumb Code   128  spi1.o(i.SPI1_Init)
    SPI1_ReadWriteByte                       0x08001c65   Thumb Code    78  spi1.o(i.SPI1_ReadWriteByte)
    SPI_Cmd                                  0x08001cb9   Thumb Code    24  stm32f10x_spi.o(i.SPI_Cmd)
    SPI_I2S_GetFlagStatus                    0x08001cd1   Thumb Code    18  stm32f10x_spi.o(i.SPI_I2S_GetFlagStatus)
    SPI_I2S_ReceiveData                      0x08001ce3   Thumb Code     6  stm32f10x_spi.o(i.SPI_I2S_ReceiveData)
    SPI_I2S_SendData                         0x08001ce9   Thumb Code     4  stm32f10x_spi.o(i.SPI_I2S_SendData)
    SPI_Init                                 0x08001ced   Thumb Code    60  stm32f10x_spi.o(i.SPI_Init)
    SetBTABLE                                0x08001d29   Thumb Code    12  usb_regs.o(i.SetBTABLE)
    SetDeviceAddress                         0x08001d39   Thumb Code    68  usb_core.o(i.SetDeviceAddress)
    SetEPRxAddr                              0x08001d89   Thumb Code    26  usb_regs.o(i.SetEPRxAddr)
    SetEPRxCount                             0x08001dad   Thumb Code    68  usb_regs.o(i.SetEPRxCount)
    SetEPRxStatus                            0x08001df9   Thumb Code    60  usb_regs.o(i.SetEPRxStatus)
    SetEPRxValid                             0x08001e39   Thumb Code    48  usb_regs.o(i.SetEPRxValid)
    SetEPTxAddr                              0x08001e6d   Thumb Code    24  usb_regs.o(i.SetEPTxAddr)
    SetEPTxCount                             0x08001e8d   Thumb Code    20  usb_regs.o(i.SetEPTxCount)
    SetEPTxStatus                            0x08001ea9   Thumb Code    60  usb_regs.o(i.SetEPTxStatus)
    SetEPType                                0x08001ee9   Thumb Code    32  usb_regs.o(i.SetEPType)
    SetISTR                                  0x08001f0d   Thumb Code     6  usb_regs.o(i.SetISTR)
    Setup0_Process                           0x08002001   Thumb Code   170  usb_core.o(i.Setup0_Process)
    Standard_ClearFeature                    0x080020b9   Thumb Code   342  usb_core.o(i.Standard_ClearFeature)
    Standard_GetConfiguration                0x08002225   Thumb Code    34  usb_core.o(i.Standard_GetConfiguration)
    Standard_GetDescriptorData               0x08002251   Thumb Code    32  usb_core.o(i.Standard_GetDescriptorData)
    Standard_GetInterface                    0x08002275   Thumb Code    34  usb_core.o(i.Standard_GetInterface)
    Standard_GetStatus                       0x080022a1   Thumb Code   238  usb_core.o(i.Standard_GetStatus)
    Standard_SetConfiguration                0x080023a1   Thumb Code    60  usb_core.o(i.Standard_SetConfiguration)
    Standard_SetDeviceFeature                0x080023e9   Thumb Code    30  usb_core.o(i.Standard_SetDeviceFeature)
    Standard_SetEndPointFeature              0x08002411   Thumb Code   192  usb_core.o(i.Standard_SetEndPointFeature)
    Standard_SetInterface                    0x080024e1   Thumb Code    96  usb_core.o(i.Standard_SetInterface)
    Suspend                                  0x0800254d   Thumb Code   134  usb_pwr.o(i.Suspend)
    SysTick_CLKSourceConfig                  0x080025e1   Thumb Code    40  misc.o(i.SysTick_CLKSourceConfig)
    SystemInit                               0x08002609   Thumb Code    78  system_stm32f10x.o(i.SystemInit)
    TIM3_IRQHandler                          0x08002669   Thumb Code    32  time.o(i.TIM3_IRQHandler)
    TIM_ClearITPendingBit                    0x08002691   Thumb Code     6  stm32f10x_tim.o(i.TIM_ClearITPendingBit)
    TIM_Cmd                                  0x08002697   Thumb Code    24  stm32f10x_tim.o(i.TIM_Cmd)
    TIM_DELAY_Init                           0x080026b1   Thumb Code    88  time.o(i.TIM_DELAY_Init)
    TIM_DMACmd                               0x0800270d   Thumb Code    18  stm32f10x_tim.o(i.TIM_DMACmd)
    TIM_GetITStatus                          0x0800271f   Thumb Code    34  stm32f10x_tim.o(i.TIM_GetITStatus)
    TIM_ITConfig                             0x08002741   Thumb Code    18  stm32f10x_tim.o(i.TIM_ITConfig)
    TIM_OC1Init                              0x08002755   Thumb Code   132  stm32f10x_tim.o(i.TIM_OC1Init)
    TIM_OC1PreloadConfig                     0x080027ed   Thumb Code    18  stm32f10x_tim.o(i.TIM_OC1PreloadConfig)
    TIM_TimeBaseInit                         0x08002801   Thumb Code   122  stm32f10x_tim.o(i.TIM_TimeBaseInit)
    USART1_IRQHandler                        0x080028a5   Thumb Code    32  usart_debug.o(i.USART1_IRQHandler)
    USART_Cmd                                0x080028c9   Thumb Code    24  stm32f10x_usart.o(i.USART_Cmd)
    USART_GetITStatus                        0x080028e1   Thumb Code    84  stm32f10x_usart.o(i.USART_GetITStatus)
    USART_ITConfig                           0x08002935   Thumb Code    74  stm32f10x_usart.o(i.USART_ITConfig)
    USART_Init                               0x08002981   Thumb Code   210  stm32f10x_usart.o(i.USART_Init)
    USART_ReceiveData                        0x08002a59   Thumb Code    10  stm32f10x_usart.o(i.USART_ReceiveData)
    USART_SendData                           0x08002a63   Thumb Code     8  stm32f10x_usart.o(i.USART_SendData)
    USB_Cable_Config                         0x08002a6b   Thumb Code     2  hw_config.o(i.USB_Cable_Config)
    USB_Istr                                 0x08002a6d   Thumb Code   422  usb_istr.o(i.USB_Istr)
    USB_LP_CAN1_RX0_IRQHandler               0x08002c39   Thumb Code     8  hw_config.o(i.USB_LP_CAN1_RX0_IRQHandler)
    USB_SIL_Init                             0x08002c41   Thumb Code    28  usb_sil.o(i.USB_SIL_Init)
    Usart_Debug_Init                         0x08002c65   Thumb Code   152  usart_debug.o(i.Usart_Debug_Init)
    UserToPMABufferCopy                      0x08002d05   Thumb Code    52  usb_mem.o(i.UserToPMABufferCopy)
    WS2812_Init                              0x08002d3d   Thumb Code   256  ws2812b.o(i.WS2812_Init)
    __0printf$bare                           0x08002e51   Thumb Code     8  printfb.o(i.__0printf$bare)
    __1printf$bare                           0x08002e51   Thumb Code     0  printfb.o(i.__0printf$bare)
    __2printf                                0x08002e51   Thumb Code     0  printfb.o(i.__0printf$bare)
    __scatterload_copy                       0x08002e61   Thumb Code    14  handlers.o(i.__scatterload_copy)
    __scatterload_null                       0x08002e6f   Thumb Code     2  handlers.o(i.__scatterload_null)
    __scatterload_zeroinit                   0x08002e71   Thumb Code    14  handlers.o(i.__scatterload_zeroinit)
    fputc                                    0x08002ea1   Thumb Code    24  usart_debug.o(i.fputc)
    keyboard_Data_Setup                      0x08002ebd   Thumb Code   108  usb_prop.o(i.keyboard_Data_Setup)
    keyboard_GetConfigDescriptor             0x08002f39   Thumb Code    14  usb_prop.o(i.keyboard_GetConfigDescriptor)
    keyboard_GetDeviceDescriptor             0x08002f4d   Thumb Code    14  usb_prop.o(i.keyboard_GetDeviceDescriptor)
    keyboard_GetHIDDescriptor                0x08002f61   Thumb Code    14  usb_prop.o(i.keyboard_GetHIDDescriptor)
    keyboard_GetProtocolValue                0x08002f75   Thumb Code    20  usb_prop.o(i.keyboard_GetProtocolValue)
    keyboard_GetReportDescriptor             0x08002f91   Thumb Code    14  usb_prop.o(i.keyboard_GetReportDescriptor)
    keyboard_GetStringDescriptor             0x08002fa5   Thumb Code    32  usb_prop.o(i.keyboard_GetStringDescriptor)
    keyboard_Get_Interface_Setting           0x08002fcd   Thumb Code    22  usb_prop.o(i.keyboard_Get_Interface_Setting)
    keyboard_NoData_Setup                    0x08002fe5   Thumb Code    32  usb_prop.o(i.keyboard_NoData_Setup)
    keyboard_Reset                           0x08003009   Thumb Code   148  usb_prop.o(i.keyboard_Reset)
    keyboard_SetConfiguration                0x080030ad   Thumb Code    14  usb_prop.o(i.keyboard_SetConfiguration)
    keyboard_SetDeviceAddress                0x080030c5   Thumb Code     8  usb_prop.o(i.keyboard_SetDeviceAddress)
    keyboard_SetProtocol                     0x080030d1   Thumb Code    14  usb_prop.o(i.keyboard_SetProtocol)
    keyboard_Status_In                       0x080030e9   Thumb Code     2  usb_prop.o(i.keyboard_Status_In)
    keyboard_Status_Out                      0x080030eb   Thumb Code     2  usb_prop.o(i.keyboard_Status_Out)
    keyboard_init                            0x080030ed   Thumb Code    30  usb_prop.o(i.keyboard_init)
    main                                     0x08003115   Thumb Code   138  main.o(i.main)
    TX_ADDRESS                               0x080031b8   Data           5  si24r1.o(.constdata)
    RX_ADDRESS                               0x080031bd   Data           5  si24r1.o(.constdata)
    keyboard_DeviceDescriptor                0x080031c2   Data          18  usb_desc.o(.constdata)
    keyboard_ConfigDescriptor                0x080031d4   Data          41  usb_desc.o(.constdata)
    keyboard_ReportDescriptor                0x080031fd   Data          61  usb_desc.o(.constdata)
    keyboard_StringLangID                    0x0800323a   Data           4  usb_desc.o(.constdata)
    keyboard_StringVendor                    0x0800323e   Data          34  usb_desc.o(.constdata)
    keyboard_StringProduct                   0x08003260   Data          26  usb_desc.o(.constdata)
    Region$$Table$$Base                      0x0800327c   Number         0  anon$$obj.o(Region$$Table)
    Region$$Table$$Limit                     0x0800329c   Number         0  anon$$obj.o(Region$$Table)
    PrevXferComplete                         0x20000000   Data           1  main.o(.data)
    Fac_Us                                   0x20000002   Data           1  delay.o(.data)
    Fac_Ms                                   0x20000004   Data           2  delay.o(.data)
    __stdout                                 0x20000008   Data           4  usart_debug.o(.data)
    OnOff_Dectect_Key                        0x2000000c   Data           1  power.o(.data)
    time_10us                                0x20000010   Data           4  time.o(.data)
    WS2812B_DMA_Tx_Finish                    0x20000014   Data           1  ws2812b.o(.data)
    NRF24L_Tx_Rx_Sta                         0x20000015   Data           1  si24r1.o(.data)
    keyboard_StringSerial                    0x2000002b   Data          26  usb_desc.o(.data)
    wIstr                                    0x20000048   Data           2  usb_istr.o(.data)
    bIntPackSOF                              0x2000004a   Data           1  usb_istr.o(.data)
    esof_counter                             0x2000004c   Data           4  usb_istr.o(.data)
    wCNTR                                    0x20000050   Data           4  usb_istr.o(.data)
    pEpInt_IN                                0x20000054   Data          28  usb_istr.o(.data)
    pEpInt_OUT                               0x20000070   Data          28  usb_istr.o(.data)
    ProtocolValue                            0x2000008c   Data           4  usb_prop.o(.data)
    Device_Table                             0x20000090   Data           2  usb_prop.o(.data)
    Device_Property                          0x20000094   Data          48  usb_prop.o(.data)
    User_Standard_Requests                   0x200000c4   Data          36  usb_prop.o(.data)
    Device_Descriptor                        0x200000e8   Data           8  usb_prop.o(.data)
    Config_Descriptor                        0x200000f0   Data           8  usb_prop.o(.data)
    keyboard_Report_Descriptor               0x200000f8   Data           8  usb_prop.o(.data)
    Mouse_Hid_Descriptor                     0x20000100   Data           8  usb_prop.o(.data)
    String_Descriptor                        0x20000108   Data          32  usb_prop.o(.data)
    bDeviceState                             0x20000128   Data           4  usb_pwr.o(.data)
    fSuspendEnabled                          0x2000012c   Data           1  usb_pwr.o(.data)
    ResumeS                                  0x2000012d   Data           2  usb_pwr.o(.data)
    remotewakeupon                           0x20000130   Data           4  usb_pwr.o(.data)
    StatusInfo                               0x20000134   Data           2  usb_core.o(.data)
    DevRemoteWakeup                          0x20000138   Data           4  usb_core.o(.data)
    Data_Mul_MaxPacketSize                   0x2000013c   Data           1  usb_core.o(.data)
    EPindex                                  0x20000140   Data           1  usb_init.o(.data)
    pInformation                             0x20000144   Data           4  usb_init.o(.data)
    pProperty                                0x20000148   Data           4  usb_init.o(.data)
    SaveState                                0x2000014c   Data           2  usb_init.o(.data)
    wInterrupt_Mask                          0x2000014e   Data           2  usb_init.o(.data)
    pUser_Standard_Requests                  0x20000150   Data           4  usb_init.o(.data)
    SaveRState                               0x20000154   Data           2  usb_int.o(.data)
    SaveTState                               0x20000156   Data           2  usb_int.o(.data)
    WS2812B_ALL_COLOR                        0x20000158   Data          16  ws2812b.o(.bss)
    frame                                    0x20000168   Data         194  ws2812b.o(.bss)
    NRF24L_Rx_Buf                            0x2000022a   Data          32  si24r1.o(.bss)
    NRF24L_Tx_Buf                            0x2000024a   Data          32  si24r1.o(.bss)
    EP                                       0x2000026c   Data          32  usb_pwr.o(.bss)
    Device_Info                              0x2000028c   Data          28  usb_init.o(.bss)
    __initial_sp                             0x200006a8   Data           0  startup_stm32f10x_md.o(STACK)



==============================================================================

Memory Map of the image

  Image Entry point : 0x080000ed

  Load Region LR_IROM1 (Base: 0x08000000, Size: 0x000033f4, Max: 0x00010000, ABSOLUTE, COMPRESSED[0x00003328])

    Execution Region ER_IROM1 (Exec base: 0x08000000, Load base: 0x08000000, Size: 0x0000329c, Max: 0x00010000, ABSOLUTE)

    Exec Addr    Load Addr    Size         Type   Attr      Idx    E Section Name        Object

    0x08000000   0x08000000   0x000000ec   Data   RO          721    RESET               startup_stm32f10x_md.o
    0x080000ec   0x080000ec   0x00000000   Code   RO         3203  * .ARM.Collect$$$$00000000  mc_w.l(entry.o)
    0x080000ec   0x080000ec   0x00000004   Code   RO         3468    .ARM.Collect$$$$00000001  mc_w.l(entry2.o)
    0x080000f0   0x080000f0   0x00000004   Code   RO         3471    .ARM.Collect$$$$00000004  mc_w.l(entry5.o)
    0x080000f4   0x080000f4   0x00000000   Code   RO         3473    .ARM.Collect$$$$00000008  mc_w.l(entry7b.o)
    0x080000f4   0x080000f4   0x00000000   Code   RO         3475    .ARM.Collect$$$$0000000A  mc_w.l(entry8b.o)
    0x080000f4   0x080000f4   0x00000008   Code   RO         3476    .ARM.Collect$$$$0000000B  mc_w.l(entry9a.o)
    0x080000fc   0x080000fc   0x00000000   Code   RO         3478    .ARM.Collect$$$$0000000D  mc_w.l(entry10a.o)
    0x080000fc   0x080000fc   0x00000000   Code   RO         3480    .ARM.Collect$$$$0000000F  mc_w.l(entry11a.o)
    0x080000fc   0x080000fc   0x00000004   Code   RO         3469    .ARM.Collect$$$$00002712  mc_w.l(entry2.o)
    0x08000100   0x08000100   0x00000024   Code   RO          722    .text               startup_stm32f10x_md.o
    0x08000124   0x08000124   0x00000024   Code   RO         3497    .text               mc_w.l(init.o)
    0x08000148   0x08000148   0x00000056   Code   RO         3515    .text               mc_w.l(__dczerorl2.o)
    0x0800019e   0x0800019e   0x00000016   Code   RO         1928    i.ADC_Cmd           stm32f10x_adc.o
    0x080001b4   0x080001b4   0x0000005c   Code   RO         1930    i.ADC_DeInit        stm32f10x_adc.o
    0x08000210   0x08000210   0x00000014   Code   RO         1936    i.ADC_GetCalibrationStatus  stm32f10x_adc.o
    0x08000224   0x08000224   0x00000014   Code   RO         1942    i.ADC_GetResetCalibrationStatus  stm32f10x_adc.o
    0x08000238   0x08000238   0x00000050   Code   RO         1946    i.ADC_Init          stm32f10x_adc.o
    0x08000288   0x08000288   0x0000000a   Code   RO         1951    i.ADC_ResetCalibration  stm32f10x_adc.o
    0x08000292   0x08000292   0x0000000a   Code   RO         1955    i.ADC_StartCalibration  stm32f10x_adc.o
    0x0800029c   0x0800029c   0x00000094   Code   RO          483    i.Adc_Init          adc.o
    0x08000330   0x08000330   0x0000000c   Code   RO         2819    i.ByteSwap          usb_regs.o
    0x0800033c   0x0800033c   0x00000288   Code   RO         2772    i.CTR_LP            usb_int.o
    0x080005c4   0x080005c4   0x0000002c   Code   RO          384    i.Charge_Full_IO_Init  power.o
    0x080005f0   0x080005f0   0x00000034   Code   RO         2820    i.ClearDTOG_RX      usb_regs.o
    0x08000624   0x08000624   0x00000034   Code   RO         2821    i.ClearDTOG_TX      usb_regs.o
    0x08000658   0x08000658   0x00000028   Code   RO         2826    i.Clear_Status_Out  usb_regs.o
    0x08000680   0x08000680   0x00000048   Code   RO          451    i.DMA1_Channel2_IRQHandler  ws2812b.o
    0x080006c8   0x080006c8   0x0000001c   Code   RO         2289    i.DMA_ClearITPendingBit  stm32f10x_dma.o
    0x080006e4   0x080006e4   0x00000018   Code   RO         2290    i.DMA_Cmd           stm32f10x_dma.o
    0x080006fc   0x080006fc   0x0000014c   Code   RO         2291    i.DMA_DeInit        stm32f10x_dma.o
    0x08000848   0x08000848   0x0000002c   Code   RO         2294    i.DMA_GetITStatus   stm32f10x_dma.o
    0x08000874   0x08000874   0x00000012   Code   RO         2295    i.DMA_ITConfig      stm32f10x_dma.o
    0x08000886   0x08000886   0x0000003c   Code   RO         2296    i.DMA_Init          stm32f10x_dma.o
    0x080008c2   0x080008c2   0x00000002   PAD
    0x080008c4   0x080008c4   0x000000c0   Code   RO         2629    i.DataStageIn       usb_core.o
    0x08000984   0x08000984   0x000000e0   Code   RO         2630    i.DataStageOut      usb_core.o
    0x08000a64   0x08000a64   0x00000298   Code   RO         2631    i.Data_Setup0       usb_core.o
    0x08000cfc   0x08000cfc   0x00000034   Code   RO          296    i.Delay_Init        delay.o
    0x08000d30   0x08000d30   0x00000030   Code   RO          297    i.Delay_Ms          delay.o
    0x08000d60   0x08000d60   0x00000030   Code   RO          298    i.Delay_Us          delay.o
    0x08000d90   0x08000d90   0x0000000c   Code   RO         2442    i.EP1_IN_Callback   usb_endp.o
    0x08000d9c   0x08000d9c   0x0000005c   Code   RO          385    i.EXTI0_IRQHandler  power.o
    0x08000df8   0x08000df8   0x000000fc   Code   RO          640    i.EXTI4_IRQHandler  si24r1.o
    0x08000ef4   0x08000ef4   0x0000000c   Code   RO         1321    i.EXTI_ClearITPendingBit  stm32f10x_exti.o
    0x08000f00   0x08000f00   0x00000028   Code   RO         1325    i.EXTI_GetITStatus  stm32f10x_exti.o
    0x08000f28   0x08000f28   0x00000094   Code   RO         1326    i.EXTI_Init         stm32f10x_exti.o
    0x08000fbc   0x08000fbc   0x00000040   Code   RO          829    i.GPIO_EXTILineConfig  stm32f10x_gpio.o
    0x08000ffc   0x08000ffc   0x00000116   Code   RO          832    i.GPIO_Init         stm32f10x_gpio.o
    0x08001112   0x08001112   0x00000002   PAD
    0x08001114   0x08001114   0x00000090   Code   RO          834    i.GPIO_PinRemapConfig  stm32f10x_gpio.o
    0x080011a4   0x080011a4   0x00000004   Code   RO          840    i.GPIO_SetBits      stm32f10x_gpio.o
    0x080011a8   0x080011a8   0x00000020   Code   RO         2838    i.GetEPRxAddr       usb_regs.o
    0x080011c8   0x080011c8   0x00000020   Code   RO         2841    i.GetEPTxAddr       usb_regs.o
    0x080011e8   0x080011e8   0x00000034   Code   RO         2360    i.Get_SerialNum     hw_config.o
    0x0800121c   0x0800121c   0x00000070   Code   RO         2632    i.In0_Process       usb_core.o
    0x0800128c   0x0800128c   0x0000003e   Code   RO         2361    i.IntToUnicode      hw_config.o
    0x080012ca   0x080012ca   0x00000002   PAD
    0x080012cc   0x080012cc   0x00000034   Code   RO          329    i.Led_Init          led.o
    0x08001300   0x08001300   0x00000002   Code   RO         2633    i.NOP_Process       usb_core.o
    0x08001302   0x08001302   0x00000002   PAD
    0x08001304   0x08001304   0x0000004c   Code   RO          641    i.NRF24L01_Check    si24r1.o
    0x08001350   0x08001350   0x0000006c   Code   RO          642    i.NRF24L01_Exti_Init  si24r1.o
    0x080013bc   0x080013bc   0x000000ec   Code   RO          643    i.NRF24L01_Init     si24r1.o
    0x080014a8   0x080014a8   0x00000028   Code   RO          644    i.NRF24L01_RX_Mode  si24r1.o
    0x080014d0   0x080014d0   0x0000003c   Code   RO          645    i.NRF24L01_Read_Buf  si24r1.o
    0x0800150c   0x0800150c   0x0000002c   Code   RO          646    i.NRF24L01_Read_Reg  si24r1.o
    0x08001538   0x08001538   0x00000024   Code   RO          647    i.NRF24L01_TX_Mode  si24r1.o
    0x0800155c   0x0800155c   0x0000002c   Code   RO          648    i.NRF24L01_TxPacket  si24r1.o
    0x08001588   0x08001588   0x0000003c   Code   RO          649    i.NRF24L01_Write_Buf  si24r1.o
    0x080015c4   0x080015c4   0x00000030   Code   RO          650    i.NRF24L01_Write_Reg  si24r1.o
    0x080015f4   0x080015f4   0x00000070   Code   RO          790    i.NVIC_Init         misc.o
    0x08001664   0x08001664   0x00000014   Code   RO          791    i.NVIC_PriorityGroupConfig  misc.o
    0x08001678   0x08001678   0x00000140   Code   RO         2634    i.NoData_Setup0     usb_core.o
    0x080017b8   0x080017b8   0x0000006c   Code   RO          386    i.OnOff_Dectect_Key_Init  power.o
    0x08001824   0x08001824   0x00000050   Code   RO         2635    i.Out0_Process      usb_core.o
    0x08001874   0x08001874   0x00000028   Code   RO         2801    i.PMAToUserBufferCopy  usb_mem.o
    0x0800189c   0x0800189c   0x0000002c   Code   RO          387    i.PWR_ONOFF_Init    power.o
    0x080018c8   0x080018c8   0x00000048   Code   RO         2636    i.Post0_Process     usb_core.o
    0x08001910   0x08001910   0x00000050   Code   RO         2587    i.PowerOn           usb_pwr.o
    0x08001960   0x08001960   0x00000024   Code   RO          388    i.Power_Init        power.o
    0x08001984   0x08001984   0x00000018   Code   RO          940    i.RCC_ADCCLKConfig  stm32f10x_rcc.o
    0x0800199c   0x0800199c   0x00000020   Code   RO          941    i.RCC_AHBPeriphClockCmd  stm32f10x_rcc.o
    0x080019bc   0x080019bc   0x00000020   Code   RO          942    i.RCC_APB1PeriphClockCmd  stm32f10x_rcc.o
    0x080019dc   0x080019dc   0x00000020   Code   RO          944    i.RCC_APB2PeriphClockCmd  stm32f10x_rcc.o
    0x080019fc   0x080019fc   0x00000020   Code   RO          945    i.RCC_APB2PeriphResetCmd  stm32f10x_rcc.o
    0x08001a1c   0x08001a1c   0x000000d4   Code   RO          952    i.RCC_GetClocksFreq  stm32f10x_rcc.o
    0x08001af0   0x08001af0   0x000000d0   Code   RO         2588    i.Resume            usb_pwr.o
    0x08001bc0   0x08001bc0   0x0000001c   Code   RO         2589    i.Resume_Init       usb_pwr.o
    0x08001bdc   0x08001bdc   0x00000088   Code   RO          613    i.SPI1_Init         spi1.o
    0x08001c64   0x08001c64   0x00000054   Code   RO          614    i.SPI1_ReadWriteByte  spi1.o
    0x08001cb8   0x08001cb8   0x00000018   Code   RO         2149    i.SPI_Cmd           stm32f10x_spi.o
    0x08001cd0   0x08001cd0   0x00000012   Code   RO         2157    i.SPI_I2S_GetFlagStatus  stm32f10x_spi.o
    0x08001ce2   0x08001ce2   0x00000006   Code   RO         2160    i.SPI_I2S_ReceiveData  stm32f10x_spi.o
    0x08001ce8   0x08001ce8   0x00000004   Code   RO         2161    i.SPI_I2S_SendData  stm32f10x_spi.o
    0x08001cec   0x08001cec   0x0000003c   Code   RO         2162    i.SPI_Init          stm32f10x_spi.o
    0x08001d28   0x08001d28   0x00000010   Code   RO         2849    i.SetBTABLE         usb_regs.o
    0x08001d38   0x08001d38   0x00000050   Code   RO         2637    i.SetDeviceAddress  usb_core.o
    0x08001d88   0x08001d88   0x00000024   Code   RO         2863    i.SetEPRxAddr       usb_regs.o
    0x08001dac   0x08001dac   0x0000004c   Code   RO         2864    i.SetEPRxCount      usb_regs.o
    0x08001df8   0x08001df8   0x00000040   Code   RO         2865    i.SetEPRxStatus     usb_regs.o
    0x08001e38   0x08001e38   0x00000034   Code   RO         2866    i.SetEPRxValid      usb_regs.o
    0x08001e6c   0x08001e6c   0x00000020   Code   RO         2867    i.SetEPTxAddr       usb_regs.o
    0x08001e8c   0x08001e8c   0x0000001c   Code   RO         2868    i.SetEPTxCount      usb_regs.o
    0x08001ea8   0x08001ea8   0x00000040   Code   RO         2869    i.SetEPTxStatus     usb_regs.o
    0x08001ee8   0x08001ee8   0x00000024   Code   RO         2871    i.SetEPType         usb_regs.o
    0x08001f0c   0x08001f0c   0x0000000c   Code   RO         2873    i.SetISTR           usb_regs.o
    0x08001f18   0x08001f18   0x00000008   Code   RO          727    i.SetSysClock       system_stm32f10x.o
    0x08001f20   0x08001f20   0x000000e0   Code   RO          728    i.SetSysClockTo72   system_stm32f10x.o
    0x08002000   0x08002000   0x000000b8   Code   RO         2638    i.Setup0_Process    usb_core.o
    0x080020b8   0x080020b8   0x0000016c   Code   RO         2639    i.Standard_ClearFeature  usb_core.o
    0x08002224   0x08002224   0x0000002c   Code   RO         2640    i.Standard_GetConfiguration  usb_core.o
    0x08002250   0x08002250   0x00000024   Code   RO         2641    i.Standard_GetDescriptorData  usb_core.o
    0x08002274   0x08002274   0x0000002c   Code   RO         2642    i.Standard_GetInterface  usb_core.o
    0x080022a0   0x080022a0   0x00000100   Code   RO         2643    i.Standard_GetStatus  usb_core.o
    0x080023a0   0x080023a0   0x00000048   Code   RO         2644    i.Standard_SetConfiguration  usb_core.o
    0x080023e8   0x080023e8   0x00000028   Code   RO         2645    i.Standard_SetDeviceFeature  usb_core.o
    0x08002410   0x08002410   0x000000d0   Code   RO         2646    i.Standard_SetEndPointFeature  usb_core.o
    0x080024e0   0x080024e0   0x0000006c   Code   RO         2647    i.Standard_SetInterface  usb_core.o
    0x0800254c   0x0800254c   0x00000094   Code   RO         2590    i.Suspend           usb_pwr.o
    0x080025e0   0x080025e0   0x00000028   Code   RO          794    i.SysTick_CLKSourceConfig  misc.o
    0x08002608   0x08002608   0x00000060   Code   RO          730    i.SystemInit        system_stm32f10x.o
    0x08002668   0x08002668   0x00000028   Code   RO          427    i.TIM3_IRQHandler   time.o
    0x08002690   0x08002690   0x00000006   Code   RO         1385    i.TIM_ClearITPendingBit  stm32f10x_tim.o
    0x08002696   0x08002696   0x00000018   Code   RO         1390    i.TIM_Cmd           stm32f10x_tim.o
    0x080026ae   0x080026ae   0x00000002   PAD
    0x080026b0   0x080026b0   0x0000005c   Code   RO          428    i.TIM_DELAY_Init    time.o
    0x0800270c   0x0800270c   0x00000012   Code   RO         1393    i.TIM_DMACmd        stm32f10x_tim.o
    0x0800271e   0x0800271e   0x00000022   Code   RO         1411    i.TIM_GetITStatus   stm32f10x_tim.o
    0x08002740   0x08002740   0x00000012   Code   RO         1415    i.TIM_ITConfig      stm32f10x_tim.o
    0x08002752   0x08002752   0x00000002   PAD
    0x08002754   0x08002754   0x00000098   Code   RO         1419    i.TIM_OC1Init       stm32f10x_tim.o
    0x080027ec   0x080027ec   0x00000012   Code   RO         1422    i.TIM_OC1PreloadConfig  stm32f10x_tim.o
    0x080027fe   0x080027fe   0x00000002   PAD
    0x08002800   0x08002800   0x000000a4   Code   RO         1461    i.TIM_TimeBaseInit  stm32f10x_tim.o
    0x080028a4   0x080028a4   0x00000024   Code   RO          344    i.USART1_IRQHandler  usart_debug.o
    0x080028c8   0x080028c8   0x00000018   Code   RO         1144    i.USART_Cmd         stm32f10x_usart.o
    0x080028e0   0x080028e0   0x00000054   Code   RO         1148    i.USART_GetITStatus  stm32f10x_usart.o
    0x08002934   0x08002934   0x0000004a   Code   RO         1150    i.USART_ITConfig    stm32f10x_usart.o
    0x0800297e   0x0800297e   0x00000002   PAD
    0x08002980   0x08002980   0x000000d8   Code   RO         1151    i.USART_Init        stm32f10x_usart.o
    0x08002a58   0x08002a58   0x0000000a   Code   RO         1158    i.USART_ReceiveData  stm32f10x_usart.o
    0x08002a62   0x08002a62   0x00000008   Code   RO         1161    i.USART_SendData    stm32f10x_usart.o
    0x08002a6a   0x08002a6a   0x00000002   Code   RO         2365    i.USB_Cable_Config  hw_config.o
    0x08002a6c   0x08002a6c   0x000001cc   Code   RO         2455    i.USB_Istr          usb_istr.o
    0x08002c38   0x08002c38   0x00000008   Code   RO         2367    i.USB_LP_CAN1_RX0_IRQHandler  hw_config.o
    0x08002c40   0x08002c40   0x00000024   Code   RO         3179    i.USB_SIL_Init      usb_sil.o
    0x08002c64   0x08002c64   0x000000a0   Code   RO          345    i.Usart_Debug_Init  usart_debug.o
    0x08002d04   0x08002d04   0x00000038   Code   RO         2802    i.UserToPMABufferCopy  usb_mem.o
    0x08002d3c   0x08002d3c   0x00000114   Code   RO          452    i.WS2812_Init       ws2812b.o
    0x08002e50   0x08002e50   0x00000010   Code   RO         3209    i.__0printf$bare    mc_w.l(printfb.o)
    0x08002e60   0x08002e60   0x0000000e   Code   RO         3509    i.__scatterload_copy  mc_w.l(handlers.o)
    0x08002e6e   0x08002e6e   0x00000002   Code   RO         3510    i.__scatterload_null  mc_w.l(handlers.o)
    0x08002e70   0x08002e70   0x0000000e   Code   RO         3511    i.__scatterload_zeroinit  mc_w.l(handlers.o)
    0x08002e7e   0x08002e7e   0x00000022   Code   RO         3216    i._printf_core      mc_w.l(printfb.o)
    0x08002ea0   0x08002ea0   0x0000001c   Code   RO          347    i.fputc             usart_debug.o
    0x08002ebc   0x08002ebc   0x0000007c   Code   RO         2473    i.keyboard_Data_Setup  usb_prop.o
    0x08002f38   0x08002f38   0x00000014   Code   RO         2474    i.keyboard_GetConfigDescriptor  usb_prop.o
    0x08002f4c   0x08002f4c   0x00000014   Code   RO         2475    i.keyboard_GetDeviceDescriptor  usb_prop.o
    0x08002f60   0x08002f60   0x00000014   Code   RO         2476    i.keyboard_GetHIDDescriptor  usb_prop.o
    0x08002f74   0x08002f74   0x0000001c   Code   RO         2477    i.keyboard_GetProtocolValue  usb_prop.o
    0x08002f90   0x08002f90   0x00000014   Code   RO         2478    i.keyboard_GetReportDescriptor  usb_prop.o
    0x08002fa4   0x08002fa4   0x00000028   Code   RO         2479    i.keyboard_GetStringDescriptor  usb_prop.o
    0x08002fcc   0x08002fcc   0x00000016   Code   RO         2480    i.keyboard_Get_Interface_Setting  usb_prop.o
    0x08002fe2   0x08002fe2   0x00000002   PAD
    0x08002fe4   0x08002fe4   0x00000024   Code   RO         2481    i.keyboard_NoData_Setup  usb_prop.o
    0x08003008   0x08003008   0x000000a4   Code   RO         2482    i.keyboard_Reset    usb_prop.o
    0x080030ac   0x080030ac   0x00000018   Code   RO         2483    i.keyboard_SetConfiguration  usb_prop.o
    0x080030c4   0x080030c4   0x0000000c   Code   RO         2484    i.keyboard_SetDeviceAddress  usb_prop.o
    0x080030d0   0x080030d0   0x00000018   Code   RO         2485    i.keyboard_SetProtocol  usb_prop.o
    0x080030e8   0x080030e8   0x00000002   Code   RO         2486    i.keyboard_Status_In  usb_prop.o
    0x080030ea   0x080030ea   0x00000002   Code   RO         2487    i.keyboard_Status_Out  usb_prop.o
    0x080030ec   0x080030ec   0x00000028   Code   RO         2488    i.keyboard_init     usb_prop.o
    0x08003114   0x08003114   0x000000a4   Code   RO            1    i.main              main.o
    0x080031b8   0x080031b8   0x0000000a   Data   RO          652    .constdata          si24r1.o
    0x080031c2   0x080031c2   0x000000b8   Data   RO         2429    .constdata          usb_desc.o
    0x0800327a   0x0800327a   0x00000002   PAD
    0x0800327c   0x0800327c   0x00000020   Data   RO         3507    Region$$Table       anon$$obj.o


    Execution Region RW_IRAM1 (Exec base: 0x20000000, Load base: 0x0800329c, Size: 0x000006a8, Max: 0x00005000, ABSOLUTE, COMPRESSED[0x0000008c])

    Exec Addr    Load Addr    Size         Type   Attr      Idx    E Section Name        Object

    0x20000000   COMPRESSED   0x00000001   Data   RW            2    .data               main.o
    0x20000001   COMPRESSED   0x00000001   PAD
    0x20000002   COMPRESSED   0x00000004   Data   RW          299    .data               delay.o
    0x20000006   COMPRESSED   0x00000002   PAD
    0x20000008   COMPRESSED   0x00000004   Data   RW          348    .data               usart_debug.o
    0x2000000c   COMPRESSED   0x00000002   Data   RW          389    .data               power.o
    0x2000000e   COMPRESSED   0x00000002   PAD
    0x20000010   COMPRESSED   0x00000004   Data   RW          429    .data               time.o
    0x20000014   COMPRESSED   0x00000001   Data   RW          456    .data               ws2812b.o
    0x20000015   COMPRESSED   0x00000002   Data   RW          653    .data               si24r1.o
    0x20000017   COMPRESSED   0x00000014   Data   RW          972    .data               stm32f10x_rcc.o
    0x2000002b   COMPRESSED   0x0000001a   Data   RW         2430    .data               usb_desc.o
    0x20000045   COMPRESSED   0x00000003   PAD
    0x20000048   COMPRESSED   0x00000044   Data   RW         2456    .data               usb_istr.o
    0x2000008c   COMPRESSED   0x0000009c   Data   RW         2489    .data               usb_prop.o
    0x20000128   COMPRESSED   0x0000000c   Data   RW         2592    .data               usb_pwr.o
    0x20000134   COMPRESSED   0x00000009   Data   RW         2648    .data               usb_core.o
    0x2000013d   COMPRESSED   0x00000003   PAD
    0x20000140   COMPRESSED   0x00000014   Data   RW         2750    .data               usb_init.o
    0x20000154   COMPRESSED   0x00000004   Data   RW         2773    .data               usb_int.o
    0x20000158        -       0x000000d2   Zero   RW          454    .bss                ws2812b.o
    0x2000022a        -       0x00000040   Zero   RW          651    .bss                si24r1.o
    0x2000026a   COMPRESSED   0x00000002   PAD
    0x2000026c        -       0x00000020   Zero   RW         2591    .bss                usb_pwr.o
    0x2000028c        -       0x0000001c   Zero   RW         2749    .bss                usb_init.o
    0x200002a8        -       0x00000400   Zero   RW          719    STACK               startup_stm32f10x_md.o


==============================================================================

Image component sizes


      Code (inc. data)   RO Data    RW Data    ZI Data      Debug   Object Name

       148         10          0          0          0        651   adc.o
       148         18          0          4          0       1855   delay.o
       124         10          0          0          0       2851   hw_config.o
         0          0          0          0          0       3316   keyboard.o
        52          8          0          0          0        535   led.o
       164         26          0          1          0     220554   main.o
       172         22          0          0          0       2457   misc.o
       324         50          0          2          0       3556   power.o
      1004        170         10          2         64       7945   si24r1.o
       220         14          0          0          0       1345   spi1.o
        36          8        236          0       1024        900   startup_stm32f10x_md.o
       254         24          0          0          0       6783   stm32f10x_adc.o
       506         26          0          0          0       5831   stm32f10x_dma.o
       200         18          0          0          0       2512   stm32f10x_exti.o
       490         10          0          0          0       4451   stm32f10x_gpio.o
       364         50          0         20          0       6882   stm32f10x_rcc.o
       112          0          0          0          0       4430   stm32f10x_spi.o
       434         62          0          0          0       6340   stm32f10x_tim.o
       416          6          0          0          0       6235   stm32f10x_usart.o
         0          0          0          0          0     276028   sys.o
       328         28          0          0          0       2185   system_stm32f10x.o
       132         12          0          4          0       1743   time.o
       224         16          0          4          0       3897   usart_debug.o
      3102        294          0          9          0      16123   usb_core.o
         0          0        184         26          0       1121   usb_desc.o
        12          4          0          0          0        494   usb_endp.o
         0          0          0         20         28       3847   usb_init.o
       648         32          0          4          0       1964   usb_int.o
       460         38          0         68          0       1703   usb_istr.o
        96         10          0          0          0       2012   usb_mem.o
       598        110          0        156          0      13452   usb_prop.o
       464         50          0         12         32       4048   usb_pwr.o
       636         92          0          0          0      10431   usb_regs.o
        36          8          0          0          0        563   usb_sil.o
       348         34          0          1        210       2271   ws2812b.o

    ----------------------------------------------------------------------
     12270       1260        464        344       1360     631311   Object Totals
         0          0         32          0          0          0   (incl. Generated)
        18          0          2         11          2          0   (incl. Padding)

    ----------------------------------------------------------------------

      Code (inc. data)   RO Data    RW Data    ZI Data      Debug   Library Member Name

        86          0          0          0          0          0   __dczerorl2.o
         0          0          0          0          0          0   entry.o
         0          0          0          0          0          0   entry10a.o
         0          0          0          0          0          0   entry11a.o
         8          4          0          0          0          0   entry2.o
         4          0          0          0          0          0   entry5.o
         0          0          0          0          0          0   entry7b.o
         0          0          0          0          0          0   entry8b.o
         8          4          0          0          0          0   entry9a.o
        30          0          0          0          0          0   handlers.o
        36          8          0          0          0         68   init.o
        50          8          0          0          0        152   printfb.o

    ----------------------------------------------------------------------
       222         24          0          0          0        220   Library Totals
         0          0          0          0          0          0   (incl. Padding)

    ----------------------------------------------------------------------

      Code (inc. data)   RO Data    RW Data    ZI Data      Debug   Library Name

       222         24          0          0          0        220   mc_w.l

    ----------------------------------------------------------------------
       222         24          0          0          0        220   Library Totals

    ----------------------------------------------------------------------

==============================================================================


      Code (inc. data)   RO Data    RW Data    ZI Data      Debug   

     12492       1284        464        344       1360     624275   Grand Totals
     12492       1284        464        140       1360     624275   ELF Image Totals (compressed)
     12492       1284        464        140          0          0   ROM Totals

==============================================================================

    Total RO  Size (Code + RO Data)                12956 (  12.65kB)
    Total RW  Size (RW Data + ZI Data)              1704 (   1.66kB)
    Total ROM Size (Code + RO Data + RW Data)      13096 (  12.79kB)

==============================================================================

